34.136.217.65 - - [04/Aug/2025:04:29:27 +0000] "GET /app/node_modules/serve-index/polyfills.js HTTP/1.1" 200 80117 "-" "Mozilla/5.0 (X11; Linux x86_64) AppleWebKit/537.36 (KHTML, like Gecko) Chrome/138.0.7204.100 Safari/537.36"
34.136.217.65 - - [04/Aug/2025:04:29:27 +0000] "GET /assets/public/css/styles.css HTTP/1.1" 200 80117 "https://demo.owasp-juice.shop/assets/public/css/" "Mozilla/5.0 (X11; Linux x86_64) AppleWebKit/537.36 (KHTML, like Gecko) Chrome/138.0.7204.100 Safari/537.36"
34.136.217.65 - - [04/Aug/2025:04:29:28 +0000] "GET /assets/public/css/main.js HTTP/1.1" 200 80117 "https://demo.owasp-juice.shop/assets/public/css/" "Mozilla/5.0 (X11; Linux x86_64) AppleWebKit/537.36 (KHTML, like Gecko) Chrome/138.0.7204.100 Safari/537.36"
34.136.217.65 - - [04/Aug/2025:04:29:28 +0000] "GET /assets/public/images/runtime.js HTTP/1.1" 200 80117 "-" "Mozilla/5.0 (X11; Linux x86_64) AppleWebKit/537.36 (KHTML, like Gecko) Chrome/138.0.7204.100 Safari/537.36"
34.136.217.65 - - [04/Aug/2025:04:29:28 +0000] "GET /app/node_modules/vendor.js HTTP/1.1" 200 80117 "-" "Mozilla/5.0 (X11; Linux x86_64) AppleWebKit/537.36 (KHTML, like Gecko) Chrome/138.0.7204.100 Safari/537.36"
171.33.255.177 - - [04/Aug/2025:04:29:28 +0000] "GET /favicon.ico HTTP/1.1" 200 - "https://demo.owasp-juice.shop/" "Mozilla/5.0 (Windows NT 10.0; Win64; x64; rv:141.0) Gecko/20100101 Firefox/141.0"
197.211.58.59 - - [04/Aug/2025:04:29:28 +0000] "POST /rest/user/login HTTP/1.1" 200 799 "https://juice-shop.herokuapp.com/" "Mozilla/5.0 (X11; Linux x86_64) AppleWebKit/537.36 (KHTML, like Gecko) Chrome/138.0.0.0 Safari/537.36"
34.136.217.65 - - [04/Aug/2025:04:29:28 +0000] "GET /app/ftp/order_2a48-6c00a35af213e84d.pdf HTTP/1.1" 200 80117 "-" "Mozilla/5.0 (X11; Linux x86_64) AppleWebKit/537.36 (KHTML, like Gecko) Chrome/138.0.7204.100 Safari/537.36"
34.136.217.65 - - [04/Aug/2025:04:29:28 +0000] "GET /app/node_modules/express/lib/styles.css HTTP/1.1" 200 80117 "-" "Mozilla/5.0 (X11; Linux x86_64) AppleWebKit/537.36 (KHTML, like Gecko) Chrome/138.0.7204.100 Safari/537.36"
34.136.217.65 - - [04/Aug/2025:04:29:28 +0000] "GET /app/polyfills.js HTTP/1.1" 200 80117 "-" "Mozilla/5.0 (X11; Linux x86_64) AppleWebKit/537.36 (KHTML, like Gecko) Chrome/138.0.7204.100 Safari/537.36"
34.136.217.65 - - [04/Aug/2025:04:29:28 +0000] "GET /app/ftp/order_5267-28246032388137c2.pdf HTTP/1.1" 200 80117 "https://demo.owasp-juice.shop/ftp/order_5267-28246032388137c2.pdf" "Mozilla/5.0 (X11; Linux x86_64) AppleWebKit/537.36 (KHTML, like Gecko) Chrome/138.0.7204.100 Safari/537.36"
34.136.217.65 - - [04/Aug/2025:04:29:28 +0000] "GET /app/node_modules/vendor.js HTTP/1.1" 200 80117 "-" "Mozilla/5.0 (X11; Linux x86_64) AppleWebKit/537.36 (KHTML, like Gecko) Chrome/138.0.7204.100 Safari/537.36"
34.136.217.65 - - [04/Aug/2025:04:29:28 +0000] "GET /assets/public/css/main.js HTTP/1.1" 200 80117 "https://demo.owasp-juice.shop/assets/public/css/" "Mozilla/5.0 (X11; Linux x86_64) AppleWebKit/537.36 (KHTML, like Gecko) Chrome/138.0.7204.100 Safari/537.36"
34.136.217.65 - - [04/Aug/2025:04:29:28 +0000] "GET /app/ftp/order_5267-1cb933c4b1b7bb01.pdf HTTP/1.1" 200 80117 "https://demo.owasp-juice.shop/ftp/order_5267-1cb933c4b1b7bb01.pdf" "Mozilla/5.0 (X11; Linux x86_64) AppleWebKit/537.36 (KHTML, like Gecko) Chrome/138.0.7204.100 Safari/537.36"
34.136.217.65 - - [04/Aug/2025:04:29:28 +0000] "GET /app/node_modules/express-jwt/lib/styles.css HTTP/1.1" 200 80117 "https://demo.owasp-juice.shop/app/node_modules/express-jwt/lib/index.js:44:7" "Mozilla/5.0 (X11; Linux x86_64) AppleWebKit/537.36 (KHTML, like Gecko) Chrome/138.0.7204.100 Safari/537.36"
217.234.234.163 - - [04/Aug/2025:04:29:28 +0000] "GET /rest/continue-code HTTP/1.1" 200 79 "https://juice-shop.herokuapp.com/" "Mozilla/5.0 (Windows NT 10.0; Win64; x64; rv:140.0) Gecko/20100101 Firefox/140.0"
34.136.217.65 - - [04/Aug/2025:04:29:28 +0000] "GET /app/ftp/order_2a48-c66f1b94bcb43dd3.pdf HTTP/1.1" 200 80117 "-" "Mozilla/5.0 (X11; Linux x86_64) AppleWebKit/537.36 (KHTML, like Gecko) Chrome/138.0.7204.100 Safari/537.36"
34.136.217.65 - - [04/Aug/2025:04:29:28 +0000] "GET /app/ftp/order_5267-28246032388137c2.pdf HTTP/1.1" 200 80117 "https://demo.owasp-juice.shop/ftp/order_5267-28246032388137c2.pdf" "Mozilla/5.0 (X11; Linux x86_64) AppleWebKit/537.36 (KHTML, like Gecko) Chrome/138.0.7204.100 Safari/537.36"
34.136.217.65 - - [04/Aug/2025:04:29:28 +0000] "GET /app/node_modules/polyfills.js HTTP/1.1" 200 80117 "-" "Mozilla/5.0 (X11; Linux x86_64) AppleWebKit/537.36 (KHTML, like Gecko) Chrome/138.0.7204.100 Safari/537.36"
34.136.217.65 - - [04/Aug/2025:04:29:28 +0000] "GET /assets/vendor.js HTTP/1.1" 200 80117 "-" "Mozilla/5.0 (X11; Linux x86_64) AppleWebKit/537.36 (KHTML, like Gecko) Chrome/138.0.7204.100 Safari/537.36"
34.136.217.65 - - [04/Aug/2025:04:29:28 +0000] "GET /app/polyfills.js HTTP/1.1" 200 80117 "-" "Mozilla/5.0 (X11; Linux x86_64) AppleWebKit/537.36 (KHTML, like Gecko) Chrome/138.0.7204.100 Safari/537.36"
86.57.247.64 - - [04/Aug/2025:04:29:28 +0000] "GET /rest/continue-code HTTP/1.1" 200 79 "https://juice-shop.herokuapp.com/" "Mozilla/5.0 (Windows NT 10.0; Win64; x64) AppleWebKit/537.36 (KHTML, like Gecko) Chrome/138.0.0.0 Safari/537.36"
34.136.217.65 - - [04/Aug/2025:04:29:28 +0000] "GET /app/ftp/order_2a48-c66f1b94bcb43dd3.pdf HTTP/1.1" 200 80117 "-" "Mozilla/5.0 (X11; Linux x86_64) AppleWebKit/537.36 (KHTML, like Gecko) Chrome/138.0.7204.100 Safari/537.36"
197.211.58.59 - - [04/Aug/2025:04:29:28 +0000] "GET /rest/user/whoami HTTP/1.1" 200 11 "https://juice-shop.herokuapp.com/" "Mozilla/5.0 (X11; Linux x86_64) AppleWebKit/537.36 (KHTML, like Gecko) Chrome/138.0.0.0 Safari/537.36"
34.136.217.65 - - [04/Aug/2025:04:29:28 +0000] "GET /assets/public/css/main.js HTTP/1.1" 200 80117 "https://demo.owasp-juice.shop/assets/public/css/" "Mozilla/5.0 (X11; Linux x86_64) AppleWebKit/537.36 (KHTML, like Gecko) Chrome/138.0.7204.100 Safari/537.36"
34.136.217.65 - - [04/Aug/2025:04:29:28 +0000] "GET /app/node_modules/vendor.js HTTP/1.1" 200 80117 "-" "Mozilla/5.0 (X11; Linux x86_64) AppleWebKit/537.36 (KHTML, like Gecko) Chrome/138.0.7204.100 Safari/537.36"
34.136.217.65 - - [04/Aug/2025:04:29:28 +0000] "GET /app/ftp/order_5267-1cb933c4b1b7bb01.pdf HTTP/1.1" 200 80117 "https://demo.owasp-juice.shop/ftp/order_5267-1cb933c4b1b7bb01.pdf" "Mozilla/5.0 (X11; Linux x86_64) AppleWebKit/537.36 (KHTML, like Gecko) Chrome/138.0.7204.100 Safari/537.36"
34.136.217.65 - - [04/Aug/2025:04:29:28 +0000] "GET /app/ftp/order_2a48-c66f1b94bcb43dd3.pdf HTTP/1.1" 200 80117 "-" "Mozilla/5.0 (X11; Linux x86_64) AppleWebKit/537.36 (KHTML, like Gecko) Chrome/138.0.7204.100 Safari/537.36"
34.136.217.65 - - [04/Aug/2025:04:29:28 +0000] "GET /assets/public/images/main.js HTTP/1.1" 200 80117 "-" "Mozilla/5.0 (X11; Linux x86_64) AppleWebKit/537.36 (KHTML, like Gecko) Chrome/138.0.7204.100 Safari/537.36"
34.136.217.65 - - [04/Aug/2025:04:29:28 +0000] "GET /assets/vendor.js HTTP/1.1" 200 80117 "-" "Mozilla/5.0 (X11; Linux x86_64) AppleWebKit/537.36 (KHTML, like Gecko) Chrome/138.0.7204.100 Safari/537.36"
34.136.217.65 - - [04/Aug/2025:04:29:28 +0000] "GET /assets/vendor.js HTTP/1.1" 200 80117 "-" "Mozilla/5.0 (X11; Linux x86_64) AppleWebKit/537.36 (KHTML, like Gecko) Chrome/138.0.7204.100 Safari/537.36"
103.81.222.46 - - [04/Aug/2025:04:29:28 +0000] "PUT /rest/continue-code/apply/vdKMumtPt1ckfVtRMuYJtkLIzWuaghyJIKqFjotkjc14CgMsW5FbBfBgUlb0 HTTP/1.1" 200 51 "https://juice-shop.herokuapp.com/" "Mozilla/5.0 (Windows NT 10.0; Win64; x64; rv:141.0) Gecko/20100101 Firefox/141.0"
34.136.217.65 - - [04/Aug/2025:04:29:28 +0000] "GET /rest/captcha/ HTTP/1.1" 200 48 "https://demo.owasp-juice.shop/" "Mozilla/5.0 (X11; Linux x86_64) AppleWebKit/537.36 (KHTML, like Gecko) Chrome/138.0.7204.100 Safari/537.36"
34.136.217.65 - - [04/Aug/2025:04:29:28 +0000] "GET /assets/vendor.js HTTP/1.1" 200 80117 "-" "Mozilla/5.0 (X11; Linux x86_64) AppleWebKit/537.36 (KHTML, like Gecko) Chrome/138.0.7204.100 Safari/537.36"
197.211.58.59 - - [04/Aug/2025:04:29:28 +0000] "GET /rest/user/whoami HTTP/1.1" 200 11 "https://juice-shop.herokuapp.com/" "Mozilla/5.0 (X11; Linux x86_64) AppleWebKit/537.36 (KHTML, like Gecko) Chrome/138.0.0.0 Safari/537.36"
34.136.217.65 - - [04/Aug/2025:04:29:28 +0000] "GET /app/node_modules/express-jwt/node_modules/jsonwebtoken/runtime.js HTTP/1.1" 200 80117 "https://demo.owasp-juice.shop/app/node_modules/express-jwt/node_modules/jsonwebtoken/index.js:59:3" "Mozilla/5.0 (X11; Linux x86_64) AppleWebKit/537.36 (KHTML, like Gecko) Chrome/138.0.7204.100 Safari/537.36"
34.136.217.65 - - [04/Aug/2025:04:29:28 +0000] "GET /app/ftp/order_2a48-c66f1b94bcb43dd3.pdf HTTP/1.1" 200 80117 "-" "Mozilla/5.0 (X11; Linux x86_64) AppleWebKit/537.36 (KHTML, like Gecko) Chrome/138.0.7204.100 Safari/537.36"
197.211.58.59 - - [04/Aug/2025:04:29:28 +0000] "GET /rest/user/whoami HTTP/1.1" 200 11 "https://juice-shop.herokuapp.com/" "Mozilla/5.0 (X11; Linux x86_64) AppleWebKit/537.36 (KHTML, like Gecko) Chrome/138.0.0.0 Safari/537.36"
34.136.217.65 - - [04/Aug/2025:04:29:28 +0000] "GET /assets/vendor.js HTTP/1.1" 200 80117 "-" "Mozilla/5.0 (X11; Linux x86_64) AppleWebKit/537.36 (KHTML, like Gecko) Chrome/138.0.7204.100 Safari/537.36"
34.136.217.65 - - [04/Aug/2025:04:29:28 +0000] "GET /assets/vendor.js HTTP/1.1" 200 80117 "-" "Mozilla/5.0 (X11; Linux x86_64) AppleWebKit/537.36 (KHTML, like Gecko) Chrome/138.0.7204.100 Safari/537.36"
34.136.217.65 - - [04/Aug/2025:04:29:28 +0000] "GET /app/ftp/order_2a48-c66f1b94bcb43dd3.pdf HTTP/1.1" 200 80117 "-" "Mozilla/5.0 (X11; Linux x86_64) AppleWebKit/537.36 (KHTML, like Gecko) Chrome/138.0.7204.100 Safari/537.36"
34.136.217.65 - - [04/Aug/2025:04:29:28 +0000] "GET /app/node_modules/polyfills.js HTTP/1.1" 200 80117 "-" "Mozilla/5.0 (X11; Linux x86_64) AppleWebKit/537.36 (KHTML, like Gecko) Chrome/138.0.7204.100 Safari/537.36"
34.136.217.65 - - [04/Aug/2025:04:29:28 +0000] "GET /rest/saveLoginIp HTTP/1.1" 401 12 "https://demo.owasp-juice.shop/" "Mozilla/5.0 (X11; Linux x86_64) AppleWebKit/537.36 (KHTML, like Gecko) Chrome/138.0.7204.100 Safari/537.36"
34.136.217.65 - - [04/Aug/2025:04:29:28 +0000] "GET /app/ftp/order_5267-28246032388137c2.pdf HTTP/1.1" 200 80117 "https://demo.owasp-juice.shop/ftp/order_5267-28246032388137c2.pdf" "Mozilla/5.0 (X11; Linux x86_64) AppleWebKit/537.36 (KHTML, like Gecko) Chrome/138.0.7204.100 Safari/537.36"
217.234.234.163 - - [04/Aug/2025:04:29:28 +0000] "GET /rest/continue-code HTTP/1.1" 200 79 "https://juice-shop.herokuapp.com/" "Mozilla/5.0 (Windows NT 10.0; Win64; x64; rv:140.0) Gecko/20100101 Firefox/140.0"
86.57.247.64 - - [04/Aug/2025:04:29:28 +0000] "GET /rest/continue-code HTTP/1.1" 200 79 "https://juice-shop.herokuapp.com/" "Mozilla/5.0 (Windows NT 10.0; Win64; x64) AppleWebKit/537.36 (KHTML, like Gecko) Chrome/138.0.0.0 Safari/537.36"
103.81.222.46 - - [04/Aug/2025:04:29:28 +0000] "GET /rest/continue-code HTTP/1.1" 304 - "https://juice-shop.herokuapp.com/" "Mozilla/5.0 (Windows NT 10.0; Win64; x64; rv:141.0) Gecko/20100101 Firefox/141.0"
34.136.217.65 - - [04/Aug/2025:04:29:28 +0000] "GET /app/ftp/order_2a48-c66f1b94bcb43dd3.pdf HTTP/1.1" 200 80117 "-" "Mozilla/5.0 (X11; Linux x86_64) AppleWebKit/537.36 (KHTML, like Gecko) Chrome/138.0.7204.100 Safari/537.36"
197.211.58.59 - - [04/Aug/2025:04:29:28 +0000] "GET /rest/user/whoami HTTP/1.1" 200 11 "https://juice-shop.herokuapp.com/" "Mozilla/5.0 (X11; Linux x86_64) AppleWebKit/537.36 (KHTML, like Gecko) Chrome/138.0.0.0 Safari/537.36"
197.211.58.59 - - [04/Aug/2025:04:29:28 +0000] "GET /rest/user/whoami HTTP/1.1" 200 11 "https://juice-shop.herokuapp.com/" "Mozilla/5.0 (X11; Linux x86_64) AppleWebKit/537.36 (KHTML, like Gecko) Chrome/138.0.0.0 Safari/537.36"
34.136.217.65 - - [04/Aug/2025:04:29:28 +0000] "GET /assets/i18n/styles.css HTTP/1.1" 200 80117 "-" "Mozilla/5.0 (X11; Linux x86_64) AppleWebKit/537.36 (KHTML, like Gecko) Chrome/138.0.7204.100 Safari/537.36"
34.136.217.65 - - [04/Aug/2025:04:29:28 +0000] "GET /app/ftp/order_2a48-c66f1b94bcb43dd3.pdf HTTP/1.1" 200 80117 "-" "Mozilla/5.0 (X11; Linux x86_64) AppleWebKit/537.36 (KHTML, like Gecko) Chrome/138.0.7204.100 Safari/537.36"
185.18.5.193 - - [04/Aug/2025:04:29:28 +0000] "GET /rest/continue-code HTTP/1.1" 304 - "https://demo.owasp-juice.shop/" "Mozilla/5.0 (Windows NT 10.0; Win64; x64) AppleWebKit/537.36 (KHTML, like Gecko) Chrome/138.0.0.0 Safari/537.36"
34.136.217.65 - - [04/Aug/2025:04:29:28 +0000] "GET /app/node_modules/express-jwt/lib/styles.css HTTP/1.1" 200 80117 "https://demo.owasp-juice.shop/app/node_modules/express-jwt/lib/index.js:44:7" "Mozilla/5.0 (X11; Linux x86_64) AppleWebKit/537.36 (KHTML, like Gecko) Chrome/138.0.7204.100 Safari/537.36"
34.136.217.65 - - [04/Aug/2025:04:29:28 +0000] "GET /assets/public/css/styles.css HTTP/1.1" 200 80117 "https://demo.owasp-juice.shop/assets/public/css/" "Mozilla/5.0 (X11; Linux x86_64) AppleWebKit/537.36 (KHTML, like Gecko) Chrome/138.0.7204.100 Safari/537.36"
34.136.217.65 - - [04/Aug/2025:04:29:28 +0000] "GET /assets/vendor.js HTTP/1.1" 200 80117 "-" "Mozilla/5.0 (X11; Linux x86_64) AppleWebKit/537.36 (KHTML, like Gecko) Chrome/138.0.7204.100 Safari/537.36"
34.136.217.65 - - [04/Aug/2025:04:29:28 +0000] "GET /assets/vendor.js HTTP/1.1" 200 80117 "-" "Mozilla/5.0 (X11; Linux x86_64) AppleWebKit/537.36 (KHTML, like Gecko) Chrome/138.0.7204.100 Safari/537.36"
34.136.217.65 - - [04/Aug/2025:04:29:28 +0000] "GET /app/node_modules/express-jwt/lib/polyfills.js HTTP/1.1" 200 80117 "https://demo.owasp-juice.shop/app/node_modules/express-jwt/lib/index.js:44:7" "Mozilla/5.0 (X11; Linux x86_64) AppleWebKit/537.36 (KHTML, like Gecko) Chrome/138.0.7204.100 Safari/537.36"
34.136.217.65 - - [04/Aug/2025:04:29:29 +0000] "GET /app/node_modules/express/lib/router/index.js:365:14 HTTP/1.1" 200 80117 "-" "Mozilla/5.0 (X11; Linux x86_64) AppleWebKit/537.36 (KHTML, like Gecko) Chrome/138.0.7204.100 Safari/537.36"
34.136.217.65 - - [04/Aug/2025:04:29:29 +0000] "GET /assets/i18n/styles.css HTTP/1.1" 200 80117 "-" "Mozilla/5.0 (X11; Linux x86_64) AppleWebKit/537.36 (KHTML, like Gecko) Chrome/138.0.7204.100 Safari/537.36"
197.211.58.59 - - [04/Aug/2025:04:29:29 +0000] "POST /rest/user/login HTTP/1.1" 200 799 "https://juice-shop.herokuapp.com/" "Mozilla/5.0 (X11; Linux x86_64) AppleWebKit/537.36 (KHTML, like Gecko) Chrome/138.0.0.0 Safari/537.36"
14.202.142.113 - - [04/Aug/2025:04:29:29 +0000] "GET /rest/continue-code HTTP/1.1" 304 - "https://juice-shop.herokuapp.com/" "Mozilla/5.0 (Windows NT 10.0; Win64; x64) AppleWebKit/537.36 (KHTML, like Gecko) Chrome/138.0.0.0 Safari/537.36"
197.211.58.59 - - [04/Aug/2025:04:29:29 +0000] "POST /rest/user/login HTTP/1.1" 200 799 "https://juice-shop.herokuapp.com/" "Mozilla/5.0 (X11; Linux x86_64) AppleWebKit/537.36 (KHTML, like Gecko) Chrome/138.0.0.0 Safari/537.36"
34.136.217.65 - - [04/Aug/2025:04:29:29 +0000] "GET /app/node_modules/express/styles.css HTTP/1.1" 200 80117 "-" "Mozilla/5.0 (X11; Linux x86_64) AppleWebKit/537.36 (KHTML, like Gecko) Chrome/138.0.7204.100 Safari/537.36"
34.136.217.65 - - [04/Aug/2025:04:29:29 +0000] "GET /app/build/routes/polyfills.js HTTP/1.1" 200 80117 "-" "Mozilla/5.0 (X11; Linux x86_64) AppleWebKit/537.36 (KHTML, like Gecko) Chrome/138.0.7204.100 Safari/537.36"
171.79.41.18 - - [04/Aug/2025:04:29:29 +0000] "GET /rest/continue-code HTTP/1.1" 200 79 "https://juice-shop.herokuapp.com/" "Mozilla/5.0 (Windows NT 10.0; Win64; x64) AppleWebKit/537.36 (KHTML, like Gecko) Chrome/138.0.0.0 Safari/537.36"
34.136.217.65 - - [04/Aug/2025:04:29:29 +0000] "GET /app/node_modules/express/lib/router/vendor.js HTTP/1.1" 200 80117 "-" "Mozilla/5.0 (X11; Linux x86_64) AppleWebKit/537.36 (KHTML, like Gecko) Chrome/138.0.7204.100 Safari/537.36"
122.162.146.81 - - [04/Aug/2025:04:29:29 +0000] "GET /rest/continue-code HTTP/1.1" 200 79 "https://demo.owasp-juice.shop/" "Mozilla/5.0 (X11; Linux x86_64; rv:128.0) Gecko/20100101 Firefox/128.0"
103.81.222.46 - - [04/Aug/2025:04:29:29 +0000] "GET /rest/continue-code HTTP/1.1" 304 - "https://juice-shop.herokuapp.com/" "Mozilla/5.0 (Windows NT 10.0; Win64; x64; rv:141.0) Gecko/20100101 Firefox/141.0"
34.136.217.65 - - [04/Aug/2025:04:29:29 +0000] "GET /app/build/routes/polyfills.js HTTP/1.1" 200 80117 "-" "Mozilla/5.0 (X11; Linux x86_64) AppleWebKit/537.36 (KHTML, like Gecko) Chrome/138.0.7204.100 Safari/537.36"
183.87.120.132 - - [04/Aug/2025:04:29:29 +0000] "GET /rest/continue-code HTTP/1.1" 304 - "https://juice-shop.herokuapp.com/" "Mozilla/5.0 (Windows NT 10.0; Win64; x64) AppleWebKit/537.36 (KHTML, like Gecko) Chrome/140.0.0.0 Safari/537.36"
34.136.217.65 - - [04/Aug/2025:04:29:29 +0000] "GET /app/node_modules/express/lib/router/runtime.js HTTP/1.1" 200 80117 "-" "Mozilla/5.0 (X11; Linux x86_64) AppleWebKit/537.36 (KHTML, like Gecko) Chrome/138.0.7204.100 Safari/537.36"
197.211.58.59 - - [04/Aug/2025:04:29:29 +0000] "GET /rest/user/whoami HTTP/1.1" 200 11 "https://juice-shop.herokuapp.com/" "Mozilla/5.0 (X11; Linux x86_64) AppleWebKit/537.36 (KHTML, like Gecko) Chrome/138.0.0.0 Safari/537.36"
34.136.217.65 - - [04/Aug/2025:04:29:29 +0000] "GET /assets/public/css/styles.css HTTP/1.1" 200 80117 "https://demo.owasp-juice.shop/assets/public/css/" "Mozilla/5.0 (X11; Linux x86_64) AppleWebKit/537.36 (KHTML, like Gecko) Chrome/138.0.7204.100 Safari/537.36"
36.71.71.168 - - [04/Aug/2025:04:29:29 +0000] "GET /rest/continue-code HTTP/1.1" 304 - "https://juice-shop.herokuapp.com/" "Mozilla/5.0 (Windows NT 10.0; Win64; x64) AppleWebKit/537.36 (KHTML, like Gecko) Chrome/138.0.0.0 Safari/537.36"
197.211.58.59 - - [04/Aug/2025:04:29:29 +0000] "POST /rest/user/login HTTP/1.1" 200 799 "https://juice-shop.herokuapp.com/" "Mozilla/5.0 (X11; Linux x86_64) AppleWebKit/537.36 (KHTML, like Gecko) Chrome/138.0.0.0 Safari/537.36"
34.136.217.65 - - [04/Aug/2025:04:29:29 +0000] "GET /assets/vendor.js HTTP/1.1" 200 80117 "-" "Mozilla/5.0 (X11; Linux x86_64) AppleWebKit/537.36 (KHTML, like Gecko) Chrome/138.0.7204.100 Safari/537.36"
34.136.217.65 - - [04/Aug/2025:04:29:29 +0000] "GET /profile HTTP/1.1" 200 6279 "https://demo.owasp-juice.shop/profile" "Mozilla/5.0 (X11; Linux x86_64) AppleWebKit/537.36 (KHTML, like Gecko) Chrome/138.0.7204.100 Safari/537.36"
2600:4040:afc2:e400:3537:d09f:1f1b:b9bb - - [04/Aug/2025:04:29:29 +0000] "GET /rest/continue-code HTTP/1.1" 200 79 "https://demo.owasp-juice.shop/" "Mozilla/5.0 (Macintosh; Intel Mac OS X 10_15_7) AppleWebKit/537.36 (KHTML, like Gecko) Chrome/138.0.0.0 Safari/537.36"
197.211.58.59 - - [04/Aug/2025:04:29:29 +0000] "GET /rest/user/whoami HTTP/1.1" 200 11 "https://juice-shop.herokuapp.com/" "Mozilla/5.0 (X11; Linux x86_64) AppleWebKit/537.36 (KHTML, like Gecko) Chrome/138.0.0.0 Safari/537.36"
14.202.142.113 - - [04/Aug/2025:04:29:29 +0000] "GET /rest/continue-code HTTP/1.1" 304 - "https://juice-shop.herokuapp.com/" "Mozilla/5.0 (Windows NT 10.0; Win64; x64) AppleWebKit/537.36 (KHTML, like Gecko) Chrome/138.0.0.0 Safari/537.36"
197.211.58.59 - - [04/Aug/2025:04:29:29 +0000] "GET /rest/products/search?q= HTTP/1.1" 200 - "https://juice-shop.herokuapp.com/" "Mozilla/5.0 (X11; Linux x86_64) AppleWebKit/537.36 (KHTML, like Gecko) Chrome/138.0.0.0 Safari/537.36"
34.136.217.65 - - [04/Aug/2025:04:29:29 +0000] "GET /assets/public/css/main.js HTTP/1.1" 200 80117 "https://demo.owasp-juice.shop/assets/public/css/" "Mozilla/5.0 (X11; Linux x86_64) AppleWebKit/537.36 (KHTML, like Gecko) Chrome/138.0.7204.100 Safari/537.36"
34.136.217.65 - - [04/Aug/2025:04:29:29 +0000] "GET /app/node_modules/express-jwt/lib/index.js:40:9 HTTP/1.1" 200 80117 "https://demo.owasp-juice.shop/rest/basket" "Mozilla/5.0 (X11; Linux x86_64) AppleWebKit/537.36 (KHTML, like Gecko) Chrome/138.0.7204.100 Safari/537.36"
2603:6080:9400:1700:20dc:bbc5:ed8e:c75a - - [04/Aug/2025:04:29:29 +0000] "GET /favicon.ico HTTP/1.1" 200 - "http://demo.owasp-juice.shop/" "Mozilla/5.0 (Windows NT 10.0; Win64; x64) AppleWebKit/537.36 (KHTML, like Gecko) Chrome/138.0.0.0 Safari/537.36"
34.136.217.65 - - [04/Aug/2025:04:29:29 +0000] "GET /app/node_modules/runtime.js HTTP/1.1" 200 80117 "-" "Mozilla/5.0 (X11; Linux x86_64) AppleWebKit/537.36 (KHTML, like Gecko) Chrome/138.0.7204.100 Safari/537.36"
34.136.217.65 - - [04/Aug/2025:04:29:29 +0000] "GET /assets/vendor.js HTTP/1.1" 200 80117 "-" "Mozilla/5.0 (X11; Linux x86_64) AppleWebKit/537.36 (KHTML, like Gecko) Chrome/138.0.7204.100 Safari/537.36"
34.136.217.65 - - [04/Aug/2025:04:29:29 +0000] "GET /app/ftp/order_2a48-c66f1b94bcb43dd3.pdf HTTP/1.1" 200 80117 "-" "Mozilla/5.0 (X11; Linux x86_64) AppleWebKit/537.36 (KHTML, like Gecko) Chrome/138.0.7204.100 Safari/537.36"
197.211.58.59 - - [04/Aug/2025:04:29:29 +0000] "GET /api/Quantitys/ HTTP/1.1" 200 - "https://juice-shop.herokuapp.com/" "Mozilla/5.0 (X11; Linux x86_64) AppleWebKit/537.36 (KHTML, like Gecko) Chrome/138.0.0.0 Safari/537.36"
197.211.58.59 - - [04/Aug/2025:04:29:29 +0000] "GET /rest/user/whoami HTTP/1.1" 200 11 "https://juice-shop.herokuapp.com/" "Mozilla/5.0 (X11; Linux x86_64) AppleWebKit/537.36 (KHTML, like Gecko) Chrome/138.0.0.0 Safari/537.36"
34.136.217.65 - - [04/Aug/2025:04:29:29 +0000] "GET /favicon.ico HTTP/1.1" 200 80117 "https://demo.owasp-juice.shop/" "Mozilla/5.0 (X11; Linux x86_64) AppleWebKit/537.36 (KHTML, like Gecko) Chrome/138.0.7204.100 Safari/537.36"
34.136.217.65 - - [04/Aug/2025:04:29:29 +0000] "GET /app/node_modules/vendor.js HTTP/1.1" 200 80117 "-" "Mozilla/5.0 (X11; Linux x86_64) AppleWebKit/537.36 (KHTML, like Gecko) Chrome/138.0.7204.100 Safari/537.36"
34.136.217.65 - - [04/Aug/2025:04:29:29 +0000] "GET /snippets/redirectCryptoCurrencyChallenge HTTP/1.1" 200 722 "https://demo.owasp-juice.shop/" "Mozilla/5.0 (X11; Linux x86_64) AppleWebKit/537.36 (KHTML, like Gecko) Chrome/138.0.7204.100 Safari/537.36"
34.136.217.65 - - [04/Aug/2025:04:29:29 +0000] "GET /app/ftp/order_5267-1cb933c4b1b7bb01.pdf HTTP/1.1" 200 80117 "https://demo.owasp-juice.shop/ftp/order_5267-1cb933c4b1b7bb01.pdf" "Mozilla/5.0 (X11; Linux x86_64) AppleWebKit/537.36 (KHTML, like Gecko) Chrome/138.0.7204.100 Safari/537.36"
197.211.58.59 - - [04/Aug/2025:04:29:29 +0000] "GET /rest/user/whoami HTTP/1.1" 200 125 "https://juice-shop.herokuapp.com/" "Mozilla/5.0 (X11; Linux x86_64) AppleWebKit/537.36 (KHTML, like Gecko) Chrome/138.0.0.0 Safari/537.36"
34.136.217.65 - - [04/Aug/2025:04:29:29 +0000] "GET /assets/i18n/styles.css HTTP/1.1" 200 80117 "-" "Mozilla/5.0 (X11; Linux x86_64) AppleWebKit/537.36 (KHTML, like Gecko) Chrome/138.0.7204.100 Safari/537.36"
2600:4040:afc2:e400:3537:d09f:1f1b:b9bb - - [04/Aug/2025:04:29:29 +0000] "GET /rest/continue-code HTTP/1.1" 304 - "https://demo.owasp-juice.shop/" "Mozilla/5.0 (Macintosh; Intel Mac OS X 10_15_7) AppleWebKit/537.36 (KHTML, like Gecko) Chrome/138.0.0.0 Safari/537.36"
34.136.217.65 - - [04/Aug/2025:04:29:29 +0000] "GET /app/node_modules/vendor.js HTTP/1.1" 200 80117 "-" "Mozilla/5.0 (X11; Linux x86_64) AppleWebKit/537.36 (KHTML, like Gecko) Chrome/138.0.7204.100 Safari/537.36"
34.136.217.65 - - [04/Aug/2025:04:29:29 +0000] "GET /app/node_modules/express/styles.css HTTP/1.1" 200 80117 "-" "Mozilla/5.0 (X11; Linux x86_64) AppleWebKit/537.36 (KHTML, like Gecko) Chrome/138.0.7204.100 Safari/537.36"
183.87.120.132 - - [04/Aug/2025:04:29:29 +0000] "GET /rest/continue-code HTTP/1.1" 304 - "https://juice-shop.herokuapp.com/" "Mozilla/5.0 (Windows NT 10.0; Win64; x64) AppleWebKit/537.36 (KHTML, like Gecko) Chrome/140.0.0.0 Safari/537.36"
4.187.148.47 - - [04/Aug/2025:04:29:29 +0000] "GET /zt/ HTTP/1.1" 200 - "-" "PostmanRuntime/7.39.1"
34.136.217.65 - - [04/Aug/2025:04:29:29 +0000] "GET /app/node_modules/express-jwt/node_modules/jsonwebtoken/vendor.js HTTP/1.1" 200 80117 "https://demo.owasp-juice.shop/app/node_modules/express-jwt/node_modules/jsonwebtoken/index.js:59:3" "Mozilla/5.0 (X11; Linux x86_64) AppleWebKit/537.36 (KHTML, like Gecko) Chrome/138.0.7204.100 Safari/537.36"
14.202.142.113 - - [04/Aug/2025:04:29:29 +0000] "GET /rest/continue-code HTTP/1.1" 304 - "https://juice-shop.herokuapp.com/" "Mozilla/5.0 (Windows NT 10.0; Win64; x64) AppleWebKit/537.36 (KHTML, like Gecko) Chrome/138.0.0.0 Safari/537.36"
34.136.217.65 - - [04/Aug/2025:04:29:29 +0000] "GET /app/build/routes/polyfills.js HTTP/1.1" 200 80117 "-" "Mozilla/5.0 (X11; Linux x86_64) AppleWebKit/537.36 (KHTML, like Gecko) Chrome/138.0.7204.100 Safari/537.36"
34.136.217.65 - - [04/Aug/2025:04:29:29 +0000] "GET /app/ftp/order_5267-1cb933c4b1b7bb01.pdf HTTP/1.1" 200 80117 "https://demo.owasp-juice.shop/ftp/order_5267-1cb933c4b1b7bb01.pdf" "Mozilla/5.0 (X11; Linux x86_64) AppleWebKit/537.36 (KHTML, like Gecko) Chrome/138.0.7204.100 Safari/537.36"
197.211.58.59 - - [04/Aug/2025:04:29:29 +0000] "GET /rest/user/whoami HTTP/1.1" 304 - "https://juice-shop.herokuapp.com/" "Mozilla/5.0 (X11; Linux x86_64) AppleWebKit/537.36 (KHTML, like Gecko) Chrome/138.0.0.0 Safari/537.36"
34.136.217.65 - - [04/Aug/2025:04:29:29 +0000] "GET /app/node_modules/express/styles.css HTTP/1.1" 200 80117 "-" "Mozilla/5.0 (X11; Linux x86_64) AppleWebKit/537.36 (KHTML, like Gecko) Chrome/138.0.7204.100 Safari/537.36"
34.136.217.65 - - [04/Aug/2025:04:29:29 +0000] "GET /assets/public/css/styles.css HTTP/1.1" 200 80117 "https://demo.owasp-juice.shop/assets/public/css/" "Mozilla/5.0 (X11; Linux x86_64) AppleWebKit/537.36 (KHTML, like Gecko) Chrome/138.0.7204.100 Safari/537.36"
34.136.217.65 - - [04/Aug/2025:04:29:29 +0000] "GET /app/ftp/order_2a48-6c00a35af213e84d.pdf HTTP/1.1" 200 80117 "-" "Mozilla/5.0 (X11; Linux x86_64) AppleWebKit/537.36 (KHTML, like Gecko) Chrome/138.0.7204.100 Safari/537.36"
34.136.217.65 - - [04/Aug/2025:04:29:29 +0000] "GET /app/ftp/order_2a48-c66f1b94bcb43dd3.pdf HTTP/1.1" 200 80117 "-" "Mozilla/5.0 (X11; Linux x86_64) AppleWebKit/537.36 (KHTML, like Gecko) Chrome/138.0.7204.100 Safari/537.36"
220.253.116.98 - - [04/Aug/2025:04:29:29 +0000] "GET /rest/continue-code HTTP/1.1" 200 79 "https://demo.owasp-juice.shop/" "Mozilla/5.0 (Windows NT 10.0; Win64; x64; rv:141.0) Gecko/20100101 Firefox/141.0"
34.136.217.65 - - [04/Aug/2025:04:29:29 +0000] "GET /app/ftp/order_5267-1cb933c4b1b7bb01.pdf HTTP/1.1" 200 80117 "https://demo.owasp-juice.shop/ftp/order_5267-1cb933c4b1b7bb01.pdf" "Mozilla/5.0 (X11; Linux x86_64) AppleWebKit/537.36 (KHTML, like Gecko) Chrome/138.0.7204.100 Safari/537.36"
34.136.217.65 - - [04/Aug/2025:04:29:29 +0000] "GET /rest/memories HTTP/1.1" 200 6183 "-" "Mozilla/5.0 (X11; Linux x86_64) AppleWebKit/537.36 (KHTML, like Gecko) Chrome/138.0.7204.100 Safari/537.36"
197.211.58.59 - - [04/Aug/2025:04:29:29 +0000] "GET /rest/basket/1 HTTP/1.1" 200 - "https://juice-shop.herokuapp.com/" "Mozilla/5.0 (X11; Linux x86_64) AppleWebKit/537.36 (KHTML, like Gecko) Chrome/138.0.0.0 Safari/537.36"
34.136.217.65 - - [04/Aug/2025:04:29:29 +0000] "GET /app/ftp/order_2a48-6c00a35af213e84d.pdf HTTP/1.1" 200 80117 "-" "Mozilla/5.0 (X11; Linux x86_64) AppleWebKit/537.36 (KHTML, like Gecko) Chrome/138.0.7204.100 Safari/537.36"
34.136.217.65 - - [04/Aug/2025:04:29:29 +0000] "GET /app/ftp/order_2a48-c66f1b94bcb43dd3.pdf HTTP/1.1" 200 80117 "-" "Mozilla/5.0 (X11; Linux x86_64) AppleWebKit/537.36 (KHTML, like Gecko) Chrome/138.0.7204.100 Safari/537.36"
34.136.217.65 - - [04/Aug/2025:04:29:29 +0000] "GET /assets/public/css/styles.css HTTP/1.1" 200 80117 "https://demo.owasp-juice.shop/assets/public/css/" "Mozilla/5.0 (X11; Linux x86_64) AppleWebKit/537.36 (KHTML, like Gecko) Chrome/138.0.7204.100 Safari/537.36"
34.136.217.65 - - [04/Aug/2025:04:29:29 +0000] "GET /app/ftp/order_2a48-c66f1b94bcb43dd3.pdf HTTP/1.1" 200 80117 "-" "Mozilla/5.0 (X11; Linux x86_64) AppleWebKit/537.36 (KHTML, like Gecko) Chrome/138.0.7204.100 Safari/537.36"
197.211.58.59 - - [04/Aug/2025:04:29:30 +0000] "GET /rest/user/whoami HTTP/1.1" 304 - "https://juice-shop.herokuapp.com/" "Mozilla/5.0 (X11; Linux x86_64) AppleWebKit/537.36 (KHTML, like Gecko) Chrome/138.0.0.0 Safari/537.36"
34.136.217.65 - - [04/Aug/2025:04:29:30 +0000] "GET /assets/public/css/styles.css HTTP/1.1" 200 80117 "https://demo.owasp-juice.shop/assets/public/css/" "Mozilla/5.0 (X11; Linux x86_64) AppleWebKit/537.36 (KHTML, like Gecko) Chrome/138.0.7204.100 Safari/537.36"
34.136.217.65 - - [04/Aug/2025:04:29:30 +0000] "GET /assets/public/runtime.js HTTP/1.1" 200 80117 "-" "Mozilla/5.0 (X11; Linux x86_64) AppleWebKit/537.36 (KHTML, like Gecko) Chrome/138.0.7204.100 Safari/537.36"
2001:ee0:8209:632:69fa:39ee:74cd:7e3a - - [04/Aug/2025:04:29:30 +0000] "GET /FUZZ/socket.io/?EIO=4&transport=polling&t=PXpLfPI HTTP/1.1" 200 - "https://demo.owasp-juice.shop/FUZZ" "Mozilla/5.0 (Windows NT 10.0; Win64; x64) AppleWebKit/537.36 (KHTML, like Gecko) Chrome/138.0.0.0 Safari/537.36"
34.136.217.65 - - [04/Aug/2025:04:29:30 +0000] "GET /app/ftp/order_2a48-c66f1b94bcb43dd3.pdf HTTP/1.1" 200 80117 "-" "Mozilla/5.0 (X11; Linux x86_64) AppleWebKit/537.36 (KHTML, like Gecko) Chrome/138.0.7204.100 Safari/537.36"
34.136.217.65 - - [04/Aug/2025:04:29:30 +0000] "GET /app/ftp/order_2a48-c66f1b94bcb43dd3.pdf HTTP/1.1" 200 80117 "-" "Mozilla/5.0 (X11; Linux x86_64) AppleWebKit/537.36 (KHTML, like Gecko) Chrome/138.0.7204.100 Safari/537.36"
34.136.217.65 - - [04/Aug/2025:04:29:30 +0000] "GET /app/ftp/order_2a48-c66f1b94bcb43dd3.pdf HTTP/1.1" 200 80117 "-" "Mozilla/5.0 (X11; Linux x86_64) AppleWebKit/537.36 (KHTML, like Gecko) Chrome/138.0.7204.100 Safari/537.36"
34.136.217.65 - - [04/Aug/2025:04:29:30 +0000] "GET /app/node_modules/express/styles.css HTTP/1.1" 200 80117 "-" "Mozilla/5.0 (X11; Linux x86_64) AppleWebKit/537.36 (KHTML, like Gecko) Chrome/138.0.7204.100 Safari/537.36"
34.136.217.65 - - [04/Aug/2025:04:29:30 +0000] "GET /app/ftp/order_5267-1cb933c4b1b7bb01.pdf HTTP/1.1" 200 80117 "https://demo.owasp-juice.shop/ftp/order_5267-1cb933c4b1b7bb01.pdf" "Mozilla/5.0 (X11; Linux x86_64) AppleWebKit/537.36 (KHTML, like Gecko) Chrome/138.0.7204.100 Safari/537.36"
34.136.217.65 - - [04/Aug/2025:04:29:30 +0000] "GET /assets/public/css/styles.css HTTP/1.1" 200 80117 "https://demo.owasp-juice.shop/assets/public/css/" "Mozilla/5.0 (X11; Linux x86_64) AppleWebKit/537.36 (KHTML, like Gecko) Chrome/138.0.7204.100 Safari/537.36"
34.136.217.65 - - [04/Aug/2025:04:29:30 +0000] "GET /app/build/routes/polyfills.js HTTP/1.1" 200 80117 "-" "Mozilla/5.0 (X11; Linux x86_64) AppleWebKit/537.36 (KHTML, like Gecko) Chrome/138.0.7204.100 Safari/537.36"
34.136.217.65 - - [04/Aug/2025:04:29:30 +0000] "GET /app/node_modules/vendor.js HTTP/1.1" 200 80117 "-" "Mozilla/5.0 (X11; Linux x86_64) AppleWebKit/537.36 (KHTML, like Gecko) Chrome/138.0.7204.100 Safari/537.36"
34.136.217.65 - - [04/Aug/2025:04:29:30 +0000] "GET /app/node_modules/express-jwt/lib/polyfills.js HTTP/1.1" 200 80117 "https://demo.owasp-juice.shop/app/node_modules/express-jwt/lib/index.js:44:7" "Mozilla/5.0 (X11; Linux x86_64) AppleWebKit/537.36 (KHTML, like Gecko) Chrome/138.0.7204.100 Safari/537.36"
197.211.58.59 - - [04/Aug/2025:04:29:30 +0000] "GET /rest/basket/1 HTTP/1.1" 304 - "https://juice-shop.herokuapp.com/" "Mozilla/5.0 (X11; Linux x86_64) AppleWebKit/537.36 (KHTML, like Gecko) Chrome/138.0.0.0 Safari/537.36"
34.136.217.65 - - [04/Aug/2025:04:29:30 +0000] "GET /app/ftp/order_2a48-c66f1b94bcb43dd3.pdf HTTP/1.1" 200 80117 "-" "Mozilla/5.0 (X11; Linux x86_64) AppleWebKit/537.36 (KHTML, like Gecko) Chrome/138.0.7204.100 Safari/537.36"
34.136.217.65 - - [04/Aug/2025:04:29:30 +0000] "GET /app/ftp/order_5267-1cb933c4b1b7bb01.pdf HTTP/1.1" 200 80117 "https://demo.owasp-juice.shop/ftp/order_5267-1cb933c4b1b7bb01.pdf" "Mozilla/5.0 (X11; Linux x86_64) AppleWebKit/537.36 (KHTML, like Gecko) Chrome/138.0.7204.100 Safari/537.36"
34.136.217.65 - - [04/Aug/2025:04:29:30 +0000] "GET /api/Challenges/?name=Score%20Board HTTP/1.1" 200 695 "https://demo.owasp-juice.shop/" "Mozilla/5.0 (X11; Linux x86_64) AppleWebKit/537.36 (KHTML, like Gecko) Chrome/138.0.7204.100 Safari/537.36"
34.136.217.65 - - [04/Aug/2025:04:29:30 +0000] "GET /api/Feedbacks/ HTTP/1.1" 200 1734 "https://demo.owasp-juice.shop/" "Mozilla/5.0 (X11; Linux x86_64) AppleWebKit/537.36 (KHTML, like Gecko) Chrome/138.0.7204.100 Safari/537.36"
34.136.217.65 - - [04/Aug/2025:04:29:30 +0000] "GET /app/build/routes/polyfills.js HTTP/1.1" 200 80117 "-" "Mozilla/5.0 (X11; Linux x86_64) AppleWebKit/537.36 (KHTML, like Gecko) Chrome/138.0.7204.100 Safari/537.36"
34.136.217.65 - - [04/Aug/2025:04:29:30 +0000] "GET /app/ftp/order_2a48-c66f1b94bcb43dd3.pdf HTTP/1.1" 200 80117 "-" "Mozilla/5.0 (X11; Linux x86_64) AppleWebKit/537.36 (KHTML, like Gecko) Chrome/138.0.7204.100 Safari/537.36"
34.136.217.65 - - [04/Aug/2025:04:29:30 +0000] "GET /app/node_modules/express/styles.css HTTP/1.1" 200 80117 "-" "Mozilla/5.0 (X11; Linux x86_64) AppleWebKit/537.36 (KHTML, like Gecko) Chrome/138.0.7204.100 Safari/537.36"
34.136.217.65 - - [04/Aug/2025:04:29:30 +0000] "GET /app/build/routes/polyfills.js HTTP/1.1" 200 80117 "-" "Mozilla/5.0 (X11; Linux x86_64) AppleWebKit/537.36 (KHTML, like Gecko) Chrome/138.0.7204.100 Safari/537.36"
34.136.217.65 - - [04/Aug/2025:04:29:30 +0000] "GET /app/ftp/order_5267-1cb933c4b1b7bb01.pdf HTTP/1.1" 200 80117 "https://demo.owasp-juice.shop/ftp/order_5267-1cb933c4b1b7bb01.pdf" "Mozilla/5.0 (X11; Linux x86_64) AppleWebKit/537.36 (KHTML, like Gecko) Chrome/138.0.7204.100 Safari/537.36"
34.136.217.65 - - [04/Aug/2025:04:29:30 +0000] "GET /app/ftp/order_2a48-c66f1b94bcb43dd3.pdf HTTP/1.1" 200 80117 "-" "Mozilla/5.0 (X11; Linux x86_64) AppleWebKit/537.36 (KHTML, like Gecko) Chrome/138.0.7204.100 Safari/537.36"
197.211.58.59 - - [04/Aug/2025:04:29:30 +0000] "GET /rest/basket/1 HTTP/1.1" 304 - "https://juice-shop.herokuapp.com/" "Mozilla/5.0 (X11; Linux x86_64) AppleWebKit/537.36 (KHTML, like Gecko) Chrome/138.0.0.0 Safari/537.36"
197.211.58.59 - - [04/Aug/2025:04:29:30 +0000] "GET /rest/user/whoami HTTP/1.1" 304 - "https://juice-shop.herokuapp.com/" "Mozilla/5.0 (X11; Linux x86_64) AppleWebKit/537.36 (KHTML, like Gecko) Chrome/138.0.0.0 Safari/537.36"
34.136.217.65 - - [04/Aug/2025:04:29:30 +0000] "GET /app/ftp/order_2a48-c66f1b94bcb43dd3.pdf HTTP/1.1" 200 80117 "-" "Mozilla/5.0 (X11; Linux x86_64) AppleWebKit/537.36 (KHTML, like Gecko) Chrome/138.0.7204.100 Safari/537.36"
34.136.217.65 - - [04/Aug/2025:04:29:30 +0000] "GET /assets/public/images/products/styles.css HTTP/1.1" 200 80117 "-" "Mozilla/5.0 (X11; Linux x86_64) AppleWebKit/537.36 (KHTML, like Gecko) Chrome/138.0.7204.100 Safari/537.36"
34.136.217.65 - - [04/Aug/2025:04:29:30 +0000] "GET /app/ftp/order_5267-1cb933c4b1b7bb01.pdf HTTP/1.1" 200 80117 "https://demo.owasp-juice.shop/ftp/order_5267-1cb933c4b1b7bb01.pdf" "Mozilla/5.0 (X11; Linux x86_64) AppleWebKit/537.36 (KHTML, like Gecko) Chrome/138.0.7204.100 Safari/537.36"
34.136.217.65 - - [04/Aug/2025:04:29:30 +0000] "GET /app/ftp/order_5267-1cb933c4b1b7bb01.pdf HTTP/1.1" 200 80117 "https://demo.owasp-juice.shop/ftp/order_5267-1cb933c4b1b7bb01.pdf" "Mozilla/5.0 (X11; Linux x86_64) AppleWebKit/537.36 (KHTML, like Gecko) Chrome/138.0.7204.100 Safari/537.36"
34.136.217.65 - - [04/Aug/2025:04:29:30 +0000] "GET /app/build/routes/polyfills.js HTTP/1.1" 200 80117 "-" "Mozilla/5.0 (X11; Linux x86_64) AppleWebKit/537.36 (KHTML, like Gecko) Chrome/138.0.7204.100 Safari/537.36"
34.136.217.65 - - [04/Aug/2025:04:29:30 +0000] "GET /app/node_modules/polyfills.js HTTP/1.1" 200 80117 "-" "Mozilla/5.0 (X11; Linux x86_64) AppleWebKit/537.36 (KHTML, like Gecko) Chrome/138.0.7204.100 Safari/537.36"
197.211.58.59 - - [04/Aug/2025:04:29:30 +0000] "GET /rest/user/whoami HTTP/1.1" 304 - "https://juice-shop.herokuapp.com/" "Mozilla/5.0 (X11; Linux x86_64) AppleWebKit/537.36 (KHTML, like Gecko) Chrome/138.0.0.0 Safari/537.36"
34.136.217.65 - - [04/Aug/2025:04:29:30 +0000] "GET /app/ftp/order_5267-1cb933c4b1b7bb01.pdf HTTP/1.1" 200 80117 "https://demo.owasp-juice.shop/ftp/order_5267-1cb933c4b1b7bb01.pdf" "Mozilla/5.0 (X11; Linux x86_64) AppleWebKit/537.36 (KHTML, like Gecko) Chrome/138.0.7204.100 Safari/537.36"
197.211.58.59 - - [04/Aug/2025:04:29:30 +0000] "GET /rest/basket/1 HTTP/1.1" 304 - "https://juice-shop.herokuapp.com/" "Mozilla/5.0 (X11; Linux x86_64) AppleWebKit/537.36 (KHTML, like Gecko) Chrome/138.0.0.0 Safari/537.36"
34.136.217.65 - - [04/Aug/2025:04:29:30 +0000] "GET /profile HTTP/1.1" 200 6251 "https://demo.owasp-juice.shop/profile" "Mozilla/5.0 (X11; Linux x86_64) AppleWebKit/537.36 (KHTML, like Gecko) Chrome/138.0.7204.100 Safari/537.36"
34.136.217.65 - - [04/Aug/2025:04:29:30 +0000] "GET /app/ftp/order_2a48-c66f1b94bcb43dd3.pdf HTTP/1.1" 200 80117 "-" "Mozilla/5.0 (X11; Linux x86_64) AppleWebKit/537.36 (KHTML, like Gecko) Chrome/138.0.7204.100 Safari/537.36"
34.136.217.65 - - [04/Aug/2025:04:29:30 +0000] "GET /assets/public/images/products/styles.css HTTP/1.1" 200 80117 "-" "Mozilla/5.0 (X11; Linux x86_64) AppleWebKit/537.36 (KHTML, like Gecko) Chrome/138.0.7204.100 Safari/537.36"
34.136.217.65 - - [04/Aug/2025:04:29:30 +0000] "GET /rest/user/security-question?email=Mitchell.Olson@hotmail.comFWh_qj9HcjA445KFWh_qj9HcjA445KFWh_qj9HcjA445KMitchell.Olson@hotmail.comFWh_qj9HcjA445KFWh_qj9HcjA445KFWh_qj9HcjA445K HTTP/1.1" 200 2 "https://demo.owasp-juice.shop/" "Mozilla/5.0 (X11; Linux x86_64) AppleWebKit/537.36 (KHTML, like Gecko) Chrome/138.0.7204.100 Safari/537.36"
34.136.217.65 - - [04/Aug/2025:04:29:30 +0000] "GET /app/node_modules/polyfills.js HTTP/1.1" 200 80117 "-" "Mozilla/5.0 (X11; Linux x86_64) AppleWebKit/537.36 (KHTML, like Gecko) Chrome/138.0.7204.100 Safari/537.36"
34.136.217.65 - - [04/Aug/2025:04:29:30 +0000] "GET /app/ftp/order_5267-1cb933c4b1b7bb01.pdf HTTP/1.1" 200 80117 "https://demo.owasp-juice.shop/ftp/order_5267-1cb933c4b1b7bb01.pdf" "Mozilla/5.0 (X11; Linux x86_64) AppleWebKit/537.36 (KHTML, like Gecko) Chrome/138.0.7204.100 Safari/537.36"
34.136.217.65 - - [04/Aug/2025:04:29:30 +0000] "GET /app/node_modules/polyfills.js HTTP/1.1" 200 80117 "-" "Mozilla/5.0 (X11; Linux x86_64) AppleWebKit/537.36 (KHTML, like Gecko) Chrome/138.0.7204.100 Safari/537.36"
197.211.58.59 - - [04/Aug/2025:04:29:30 +0000] "GET /rest/user/whoami HTTP/1.1" 304 - "https://juice-shop.herokuapp.com/" "Mozilla/5.0 (X11; Linux x86_64) AppleWebKit/537.36 (KHTML, like Gecko) Chrome/138.0.0.0 Safari/537.36"
34.136.217.65 - - [04/Aug/2025:04:29:30 +0000] "GET /app/build/routes/polyfills.js HTTP/1.1" 200 80117 "-" "Mozilla/5.0 (X11; Linux x86_64) AppleWebKit/537.36 (KHTML, like Gecko) Chrome/138.0.7204.100 Safari/537.36"
34.136.217.65 - - [04/Aug/2025:04:29:30 +0000] "GET /assets/i18n/styles.css HTTP/1.1" 200 80117 "-" "Mozilla/5.0 (X11; Linux x86_64) AppleWebKit/537.36 (KHTML, like Gecko) Chrome/138.0.7204.100 Safari/537.36"
34.136.217.65 - - [04/Aug/2025:04:29:30 +0000] "GET /app/node_modules/polyfills.js HTTP/1.1" 200 80117 "-" "Mozilla/5.0 (X11; Linux x86_64) AppleWebKit/537.36 (KHTML, like Gecko) Chrome/138.0.7204.100 Safari/537.36"
34.136.217.65 - - [04/Aug/2025:04:29:30 +0000] "GET /assets/public/css/main.js HTTP/1.1" 200 80117 "https://demo.owasp-juice.shop/assets/public/css/" "Mozilla/5.0 (X11; Linux x86_64) AppleWebKit/537.36 (KHTML, like Gecko) Chrome/138.0.7204.100 Safari/537.36"
34.136.217.65 - - [04/Aug/2025:04:29:30 +0000] "GET /app/ftp/order_2a48-c66f1b94bcb43dd3.pdf HTTP/1.1" 200 80117 "-" "Mozilla/5.0 (X11; Linux x86_64) AppleWebKit/537.36 (KHTML, like Gecko) Chrome/138.0.7204.100 Safari/537.36"
34.136.217.65 - - [04/Aug/2025:04:29:30 +0000] "GET /app/ftp/order_5267-1cb933c4b1b7bb01.pdf HTTP/1.1" 200 80117 "https://demo.owasp-juice.shop/ftp/order_5267-1cb933c4b1b7bb01.pdf" "Mozilla/5.0 (X11; Linux x86_64) AppleWebKit/537.36 (KHTML, like Gecko) Chrome/138.0.7204.100 Safari/537.36"
49.231.193.54 - - [04/Aug/2025:04:29:31 +0000] "GET /rest/admin/application-version HTTP/1.1" 200 20 "https://juice-shop.herokuapp.com/" "Mozilla/5.0 (Windows NT 10.0; Win64; x64) AppleWebKit/537.36 (KHTML, like Gecko) Chrome/138.0.0.0 Safari/537.36 Edg/138.0.0.0"
49.231.193.54 - - [04/Aug/2025:04:29:31 +0000] "GET /rest/admin/application-configuration HTTP/1.1" 200 - "https://juice-shop.herokuapp.com/" "Mozilla/5.0 (Windows NT 10.0; Win64; x64) AppleWebKit/537.36 (KHTML, like Gecko) Chrome/138.0.0.0 Safari/537.36 Edg/138.0.0.0"
197.211.58.59 - - [04/Aug/2025:04:29:31 +0000] "GET /rest/user/whoami HTTP/1.1" 304 - "https://juice-shop.herokuapp.com/" "Mozilla/5.0 (X11; Linux x86_64) AppleWebKit/537.36 (KHTML, like Gecko) Chrome/138.0.0.0 Safari/537.36"
34.136.217.65 - - [04/Aug/2025:04:29:31 +0000] "GET /snippets/fixes/xssBonusChallenge HTTP/1.1" 200 2410 "https://demo.owasp-juice.shop/" "Mozilla/5.0 (X11; Linux x86_64) AppleWebKit/537.36 (KHTML, like Gecko) Chrome/138.0.7204.100 Safari/537.36"
34.136.217.65 - - [04/Aug/2025:04:29:31 +0000] "GET /app/ftp/order_2a48-c66f1b94bcb43dd3.pdf HTTP/1.1" 200 80117 "-" "Mozilla/5.0 (X11; Linux x86_64) AppleWebKit/537.36 (KHTML, like Gecko) Chrome/138.0.7204.100 Safari/537.36"
49.231.193.54 - - [04/Aug/2025:04:29:31 +0000] "GET /api/Challenges/?name=Score%20Board HTTP/1.1" 200 695 "https://juice-shop.herokuapp.com/" "Mozilla/5.0 (Windows NT 10.0; Win64; x64) AppleWebKit/537.36 (KHTML, like Gecko) Chrome/138.0.0.0 Safari/537.36 Edg/138.0.0.0"
34.136.217.65 - - [04/Aug/2025:04:29:31 +0000] "GET /assets/public/styles.css HTTP/1.1" 200 80117 "-" "Mozilla/5.0 (X11; Linux x86_64) AppleWebKit/537.36 (KHTML, like Gecko) Chrome/138.0.7204.100 Safari/537.36"
34.136.217.65 - - [04/Aug/2025:04:29:31 +0000] "GET /app/node_modules/express-jwt/lib/styles.css HTTP/1.1" 200 80117 "https://demo.owasp-juice.shop/app/node_modules/express-jwt/lib/index.js:44:7" "Mozilla/5.0 (X11; Linux x86_64) AppleWebKit/537.36 (KHTML, like Gecko) Chrome/138.0.7204.100 Safari/537.36"
113.38.236.178 - - [04/Aug/2025:04:29:31 +0000] "GET /rest/admin/application-version HTTP/1.1" 200 20 "https://juice-shop.herokuapp.com/" "Mozilla/5.0 (Windows NT 10.0; Win64; x64) AppleWebKit/537.36 (KHTML, like Gecko) Chrome/138.0.0.0 Safari/537.36"
113.38.236.178 - - [04/Aug/2025:04:29:31 +0000] "GET /rest/admin/application-configuration HTTP/1.1" 200 - "https://juice-shop.herokuapp.com/" "Mozilla/5.0 (Windows NT 10.0; Win64; x64) AppleWebKit/537.36 (KHTML, like Gecko) Chrome/138.0.0.0 Safari/537.36"
113.38.236.178 - - [04/Aug/2025:04:29:31 +0000] "GET /rest/admin/application-configuration HTTP/1.1" 200 - "https://juice-shop.herokuapp.com/" "Mozilla/5.0 (Windows NT 10.0; Win64; x64) AppleWebKit/537.36 (KHTML, like Gecko) Chrome/138.0.0.0 Safari/537.36"
113.38.236.178 - - [04/Aug/2025:04:29:31 +0000] "GET /rest/admin/application-version HTTP/1.1" 200 20 "https://juice-shop.herokuapp.com/" "Mozilla/5.0 (Windows NT 10.0; Win64; x64) AppleWebKit/537.36 (KHTML, like Gecko) Chrome/138.0.0.0 Safari/537.36"
34.136.217.65 - - [04/Aug/2025:04:29:31 +0000] "GET /app/node_modules/express/lib/router/index.js:328:13 HTTP/1.1" 200 80117 "-" "Mozilla/5.0 (X11; Linux x86_64) AppleWebKit/537.36 (KHTML, like Gecko) Chrome/138.0.7204.100 Safari/537.36"
34.136.217.65 - - [04/Aug/2025:04:29:31 +0000] "GET /app/node_modules/express/lib/router/styles.css HTTP/1.1" 200 80117 "-" "Mozilla/5.0 (X11; Linux x86_64) AppleWebKit/537.36 (KHTML, like Gecko) Chrome/138.0.7204.100 Safari/537.36"
49.231.193.54 - - [04/Aug/2025:04:29:31 +0000] "GET /rest/languages HTTP/1.1" 200 - "https://juice-shop.herokuapp.com/" "Mozilla/5.0 (Windows NT 10.0; Win64; x64) AppleWebKit/537.36 (KHTML, like Gecko) Chrome/138.0.0.0 Safari/537.36 Edg/138.0.0.0"
34.136.217.65 - - [04/Aug/2025:04:29:31 +0000] "GET /assets/public/images/products/styles.css HTTP/1.1" 200 80117 "-" "Mozilla/5.0 (X11; Linux x86_64) AppleWebKit/537.36 (KHTML, like Gecko) Chrome/138.0.7204.100 Safari/537.36"
34.136.217.65 - - [04/Aug/2025:04:29:31 +0000] "GET /app/ftp/order_5267-28246032388137c2.pdf HTTP/1.1" 200 80117 "https://demo.owasp-juice.shop/ftp/order_5267-28246032388137c2.pdf" "Mozilla/5.0 (X11; Linux x86_64) AppleWebKit/537.36 (KHTML, like Gecko) Chrome/138.0.7204.100 Safari/537.36"
197.211.58.59 - - [04/Aug/2025:04:29:31 +0000] "GET /rest/user/whoami HTTP/1.1" 304 - "https://juice-shop.herokuapp.com/" "Mozilla/5.0 (X11; Linux x86_64) AppleWebKit/537.36 (KHTML, like Gecko) Chrome/138.0.0.0 Safari/537.36"
34.136.217.65 - - [04/Aug/2025:04:29:31 +0000] "GET /app/node_modules/express-jwt/lib/polyfills.js HTTP/1.1" 200 80117 "https://demo.owasp-juice.shop/app/node_modules/express-jwt/lib/index.js:44:7" "Mozilla/5.0 (X11; Linux x86_64) AppleWebKit/537.36 (KHTML, like Gecko) Chrome/138.0.7204.100 Safari/537.36"
34.136.217.65 - - [04/Aug/2025:04:29:31 +0000] "GET /assets/public/styles.css HTTP/1.1" 200 80117 "-" "Mozilla/5.0 (X11; Linux x86_64) AppleWebKit/537.36 (KHTML, like Gecko) Chrome/138.0.7204.100 Safari/537.36"
34.136.217.65 - - [04/Aug/2025:04:29:31 +0000] "GET /assets/i18n/styles.css HTTP/1.1" 200 80117 "-" "Mozilla/5.0 (X11; Linux x86_64) AppleWebKit/537.36 (KHTML, like Gecko) Chrome/138.0.7204.100 Safari/537.36"
49.231.193.54 - - [04/Aug/2025:04:29:31 +0000] "GET /rest/products/search?q= HTTP/1.1" 200 - "https://juice-shop.herokuapp.com/" "Mozilla/5.0 (Windows NT 10.0; Win64; x64) AppleWebKit/537.36 (KHTML, like Gecko) Chrome/138.0.0.0 Safari/537.36 Edg/138.0.0.0"
34.136.217.65 - - [04/Aug/2025:04:29:31 +0000] "GET /app/ftp/order_2a48-6c00a35af213e84d.pdf HTTP/1.1" 200 80117 "-" "Mozilla/5.0 (X11; Linux x86_64) AppleWebKit/537.36 (KHTML, like Gecko) Chrome/138.0.7204.100 Safari/537.36"
113.38.236.178 - - [04/Aug/2025:04:29:31 +0000] "GET /api/Challenges/?name=Score%20Board HTTP/1.1" 200 695 "https://juice-shop.herokuapp.com/" "Mozilla/5.0 (Windows NT 10.0; Win64; x64) AppleWebKit/537.36 (KHTML, like Gecko) Chrome/138.0.0.0 Safari/537.36"
113.38.236.178 - - [04/Aug/2025:04:29:31 +0000] "GET /rest/languages HTTP/1.1" 200 - "https://juice-shop.herokuapp.com/" "Mozilla/5.0 (Windows NT 10.0; Win64; x64) AppleWebKit/537.36 (KHTML, like Gecko) Chrome/138.0.0.0 Safari/537.36"
34.136.217.65 - - [04/Aug/2025:04:29:31 +0000] "GET /app/ftp/order_5267-1cb933c4b1b7bb01.pdf HTTP/1.1" 200 80117 "https://demo.owasp-juice.shop/ftp/order_5267-1cb933c4b1b7bb01.pdf" "Mozilla/5.0 (X11; Linux x86_64) AppleWebKit/537.36 (KHTML, like Gecko) Chrome/138.0.7204.100 Safari/537.36"
34.136.217.65 - - [04/Aug/2025:04:29:31 +0000] "GET /app/ftp/order_2a48-c66f1b94bcb43dd3.pdf HTTP/1.1" 200 80117 "-" "Mozilla/5.0 (X11; Linux x86_64) AppleWebKit/537.36 (KHTML, like Gecko) Chrome/138.0.7204.100 Safari/537.36"
34.136.217.65 - - [04/Aug/2025:04:29:31 +0000] "GET /app/ftp/order_5267-1cb933c4b1b7bb01.pdf HTTP/1.1" 200 80117 "https://demo.owasp-juice.shop/ftp/order_5267-1cb933c4b1b7bb01.pdf" "Mozilla/5.0 (X11; Linux x86_64) AppleWebKit/537.36 (KHTML, like Gecko) Chrome/138.0.7204.100 Safari/537.36"
49.231.193.54 - - [04/Aug/2025:04:29:31 +0000] "GET /api/Quantitys/ HTTP/1.1" 200 - "https://juice-shop.herokuapp.com/" "Mozilla/5.0 (Windows NT 10.0; Win64; x64) AppleWebKit/537.36 (KHTML, like Gecko) Chrome/138.0.0.0 Safari/537.36 Edg/138.0.0.0"
49.231.193.54 - - [04/Aug/2025:04:29:31 +0000] "GET /rest/admin/application-version HTTP/1.1" 304 - "https://juice-shop.herokuapp.com/" "Mozilla/5.0 (Windows NT 10.0; Win64; x64) AppleWebKit/537.36 (KHTML, like Gecko) Chrome/138.0.0.0 Safari/537.36 Edg/138.0.0.0"
34.136.217.65 - - [04/Aug/2025:04:29:31 +0000] "GET /app/ftp/order_5267-28246032388137c2.pdf HTTP/1.1" 200 80117 "https://demo.owasp-juice.shop/ftp/order_5267-28246032388137c2.pdf" "Mozilla/5.0 (X11; Linux x86_64) AppleWebKit/537.36 (KHTML, like Gecko) Chrome/138.0.7204.100 Safari/537.36"
113.38.236.178 - - [04/Aug/2025:04:29:31 +0000] "GET /rest/languages HTTP/1.1" 200 - "https://juice-shop.herokuapp.com/" "Mozilla/5.0 (Windows NT 10.0; Win64; x64) AppleWebKit/537.36 (KHTML, like Gecko) Chrome/138.0.0.0 Safari/537.36"
34.136.217.65 - - [04/Aug/2025:04:29:31 +0000] "GET /assets/i18n/styles.css HTTP/1.1" 200 80117 "-" "Mozilla/5.0 (X11; Linux x86_64) AppleWebKit/537.36 (KHTML, like Gecko) Chrome/138.0.7204.100 Safari/537.36"
113.38.236.178 - - [04/Aug/2025:04:29:31 +0000] "GET /rest/products/search?q= HTTP/1.1" 200 - "https://juice-shop.herokuapp.com/" "Mozilla/5.0 (Windows NT 10.0; Win64; x64) AppleWebKit/537.36 (KHTML, like Gecko) Chrome/138.0.0.0 Safari/537.36"
113.38.236.178 - - [04/Aug/2025:04:29:31 +0000] "GET /api/Challenges/?name=Score%20Board HTTP/1.1" 200 695 "https://juice-shop.herokuapp.com/" "Mozilla/5.0 (Windows NT 10.0; Win64; x64) AppleWebKit/537.36 (KHTML, like Gecko) Chrome/138.0.0.0 Safari/537.36"
49.231.193.54 - - [04/Aug/2025:04:29:31 +0000] "GET /rest/admin/application-configuration HTTP/1.1" 304 - "https://juice-shop.herokuapp.com/" "Mozilla/5.0 (Windows NT 10.0; Win64; x64) AppleWebKit/537.36 (KHTML, like Gecko) Chrome/138.0.0.0 Safari/537.36 Edg/138.0.0.0"
34.136.217.65 - - [04/Aug/2025:04:29:31 +0000] "GET /app/ftp/order_2a48-6c00a35af213e84d.pdf HTTP/1.1" 200 80117 "-" "Mozilla/5.0 (X11; Linux x86_64) AppleWebKit/537.36 (KHTML, like Gecko) Chrome/138.0.7204.100 Safari/537.36"
113.38.236.178 - - [04/Aug/2025:04:29:31 +0000] "GET /api/Quantitys/ HTTP/1.1" 200 - "https://juice-shop.herokuapp.com/" "Mozilla/5.0 (Windows NT 10.0; Win64; x64) AppleWebKit/537.36 (KHTML, like Gecko) Chrome/138.0.0.0 Safari/537.36"
113.38.236.178 - - [04/Aug/2025:04:29:31 +0000] "GET /api/Quantitys/ HTTP/1.1" 200 - "https://juice-shop.herokuapp.com/" "Mozilla/5.0 (Windows NT 10.0; Win64; x64) AppleWebKit/537.36 (KHTML, like Gecko) Chrome/138.0.0.0 Safari/537.36"
49.231.193.54 - - [04/Aug/2025:04:29:31 +0000] "GET /api/Challenges/?name=Score%20Board HTTP/1.1" 304 - "https://juice-shop.herokuapp.com/" "Mozilla/5.0 (Windows NT 10.0; Win64; x64) AppleWebKit/537.36 (KHTML, like Gecko) Chrome/138.0.0.0 Safari/537.36 Edg/138.0.0.0"
34.136.217.65 - - [04/Aug/2025:04:29:31 +0000] "POST /profile HTTP/1.1" 302 37 "https://demo.owasp-juice.shop/profile" "Mozilla/5.0 (X11; Linux x86_64) AppleWebKit/537.36 (KHTML, like Gecko) Chrome/138.0.7204.100 Safari/537.36"
34.136.217.65 - - [04/Aug/2025:04:29:31 +0000] "GET /app/ftp/order_5267-1cb933c4b1b7bb01.pdf HTTP/1.1" 200 80117 "https://demo.owasp-juice.shop/ftp/order_5267-1cb933c4b1b7bb01.pdf" "Mozilla/5.0 (X11; Linux x86_64) AppleWebKit/537.36 (KHTML, like Gecko) Chrome/138.0.7204.100 Safari/537.36"
