34.136.217.65 - - [04/Aug/2025:04:30:46 +0000] "GET /assets/vendor.js HTTP/1.1" 200 80117 "-" "Mozilla/5.0 (X11; Linux x86_64) AppleWebKit/537.36 (KHTML, like Gecko) Chrome/138.0.7204.100 Safari/537.36"
34.136.217.65 - - [04/Aug/2025:04:30:46 +0000] "GET /assets/public/images/runtime.js HTTP/1.1" 200 80117 "-" "Mozilla/5.0 (X11; Linux x86_64) AppleWebKit/537.36 (KHTML, like Gecko) Chrome/138.0.7204.100 Safari/537.36"
34.136.217.65 - - [04/Aug/2025:04:30:46 +0000] "GET /rest/memories HTTP/1.1" 200 6183 "-" "Mozilla/5.0 (X11; Linux x86_64) AppleWebKit/537.36 (KHTML, like Gecko) Chrome/138.0.7204.100 Safari/537.36"
34.136.217.65 - - [04/Aug/2025:04:30:46 +0000] "GET /app/node_modules/main.js HTTP/1.1" 200 80117 "-" "Mozilla/5.0 (X11; Linux x86_64) AppleWebKit/537.36 (KHTML, like Gecko) Chrome/138.0.7204.100 Safari/537.36"
34.136.217.65 - - [04/Aug/2025:04:30:46 +0000] "GET /app/node_modules/express/styles.css HTTP/1.1" 200 80117 "-" "Mozilla/5.0 (X11; Linux x86_64) AppleWebKit/537.36 (KHTML, like Gecko) Chrome/138.0.7204.100 Safari/537.36"
34.136.217.65 - - [04/Aug/2025:04:30:46 +0000] "GET /app/build/routes/polyfills.js HTTP/1.1" 200 80117 "-" "Mozilla/5.0 (X11; Linux x86_64) AppleWebKit/537.36 (KHTML, like Gecko) Chrome/138.0.7204.100 Safari/537.36"
34.136.217.65 - - [04/Aug/2025:04:30:46 +0000] "GET /rest/user/security-question?email=Mitchell.Olson@hotmail.comFWh_qj9HcjA445KFWh_qj9HcjA445KFWh_qj9HcjA445KMitchell.Olson@hotmail.comFWh_qj9HcjA445KFWh_qj9HcjA445KFWh_qj9HcjA445K HTTP/1.1" 200 2 "https://demo.owasp-juice.shop/" "Mozilla/5.0 (X11; Linux x86_64) AppleWebKit/537.36 (KHTML, like Gecko) Chrome/138.0.7204.100 Safari/537.36"
34.136.217.65 - - [04/Aug/2025:04:30:47 +0000] "GET /assets/public/css/main.js HTTP/1.1" 200 80117 "https://demo.owasp-juice.shop/assets/public/css/" "Mozilla/5.0 (X11; Linux x86_64) AppleWebKit/537.36 (KHTML, like Gecko) Chrome/138.0.7204.100 Safari/537.36"
34.136.217.65 - - [04/Aug/2025:04:30:47 +0000] "GET /app/build/main.js HTTP/1.1" 200 80117 "-" "Mozilla/5.0 (X11; Linux x86_64) AppleWebKit/537.36 (KHTML, like Gecko) Chrome/138.0.7204.100 Safari/537.36"
34.136.217.65 - - [04/Aug/2025:04:30:47 +0000] "GET /assets/public/images/main.js HTTP/1.1" 200 80117 "-" "Mozilla/5.0 (X11; Linux x86_64) AppleWebKit/537.36 (KHTML, like Gecko) Chrome/138.0.7204.100 Safari/537.36"
111.223.186.144 - - [04/Aug/2025:04:30:47 +0000] "GET /orders/socket.io/?EIO=4&transport=polling&t=PXpMAW- HTTP/1.1" 200 - "https://juice-shop.herokuapp.com/orders" "Mozilla/5.0 (X11; Linux x86_64) AppleWebKit/537.36 (KHTML, like Gecko) Chrome/138.0.0.0 Safari/537.36"
34.136.217.65 - - [04/Aug/2025:04:30:47 +0000] "GET /assets/public/runtime.js HTTP/1.1" 200 80117 "-" "Mozilla/5.0 (X11; Linux x86_64) AppleWebKit/537.36 (KHTML, like Gecko) Chrome/138.0.7204.100 Safari/537.36"
34.136.217.65 - - [04/Aug/2025:04:30:47 +0000] "GET /app/build/main.js HTTP/1.1" 200 80117 "-" "Mozilla/5.0 (X11; Linux x86_64) AppleWebKit/537.36 (KHTML, like Gecko) Chrome/138.0.7204.100 Safari/537.36"
34.136.217.65 - - [04/Aug/2025:04:30:47 +0000] "GET /app/build/routes/polyfills.js HTTP/1.1" 200 80117 "-" "Mozilla/5.0 (X11; Linux x86_64) AppleWebKit/537.36 (KHTML, like Gecko) Chrome/138.0.7204.100 Safari/537.36"
34.136.217.65 - - [04/Aug/2025:04:30:47 +0000] "GET /assets/public/css/styles.css HTTP/1.1" 200 80117 "https://demo.owasp-juice.shop/assets/public/css/" "Mozilla/5.0 (X11; Linux x86_64) AppleWebKit/537.36 (KHTML, like Gecko) Chrome/138.0.7204.100 Safari/537.36"
34.136.217.65 - - [04/Aug/2025:04:30:48 +0000] "GET /rest/memories HTTP/1.1" 200 6183 "-" "Mozilla/5.0 (X11; Linux x86_64) AppleWebKit/537.36 (KHTML, like Gecko) Chrome/138.0.7204.100 Safari/537.36"
2001:ee0:8209:632:69fa:39ee:74cd:7e3a - - [04/Aug/2025:04:30:48 +0000] "GET /FUZZ/socket.io/?EIO=4&transport=polling&t=PXpMAMc HTTP/1.1" 200 - "https://demo.owasp-juice.shop/FUZZ" "Mozilla/5.0 (Windows NT 10.0; Win64; x64) AppleWebKit/537.36 (KHTML, like Gecko) Chrome/138.0.0.0 Safari/537.36"
34.136.217.65 - - [04/Aug/2025:04:30:48 +0000] "GET /assets/public/css/main.js HTTP/1.1" 200 80117 "https://demo.owasp-juice.shop/assets/public/css/" "Mozilla/5.0 (X11; Linux x86_64) AppleWebKit/537.36 (KHTML, like Gecko) Chrome/138.0.7204.100 Safari/537.36"
34.136.217.65 - - [04/Aug/2025:04:30:49 +0000] "GET /assets/vendor.js HTTP/1.1" 200 80117 "-" "Mozilla/5.0 (X11; Linux x86_64) AppleWebKit/537.36 (KHTML, like Gecko) Chrome/138.0.7204.100 Safari/537.36"
34.136.217.65 - - [04/Aug/2025:04:30:49 +0000] "GET /assets/vendor.js HTTP/1.1" 200 80117 "-" "Mozilla/5.0 (X11; Linux x86_64) AppleWebKit/537.36 (KHTML, like Gecko) Chrome/138.0.7204.100 Safari/537.36"
34.136.217.65 - - [04/Aug/2025:04:30:49 +0000] "GET /api/Feedbacks/ HTTP/1.1" 200 1734 "https://demo.owasp-juice.shop/" "Mozilla/5.0 (X11; Linux x86_64) AppleWebKit/537.36 (KHTML, like Gecko) Chrome/138.0.7204.100 Safari/537.36"
34.136.217.65 - - [04/Aug/2025:04:30:49 +0000] "GET /app/build/routes/polyfills.js HTTP/1.1" 200 80117 "-" "Mozilla/5.0 (X11; Linux x86_64) AppleWebKit/537.36 (KHTML, like Gecko) Chrome/138.0.7204.100 Safari/537.36"
34.136.217.65 - - [04/Aug/2025:04:30:49 +0000] "GET /assets/public/images/runtime.js HTTP/1.1" 200 80117 "-" "Mozilla/5.0 (X11; Linux x86_64) AppleWebKit/537.36 (KHTML, like Gecko) Chrome/138.0.7204.100 Safari/537.36"
34.136.217.65 - - [04/Aug/2025:04:30:49 +0000] "GET /rest/user/security-question?email=Mitchell.Olson@hotmail.comFWh_qj9HcjA445KFWh_qj9HcjA445KFWh_qj9HcjA445KMitchell.Olson@hotmail.comFWh_qj9HcjA445KFWh_qj9HcjA445KFWh_qj9HcjA445K HTTP/1.1" 200 2 "https://demo.owasp-juice.shop/" "Mozilla/5.0 (X11; Linux x86_64) AppleWebKit/537.36 (KHTML, like Gecko) Chrome/138.0.7204.100 Safari/537.36"
34.136.217.65 - - [04/Aug/2025:04:30:49 +0000] "GET /assets/vendor.js HTTP/1.1" 200 80117 "-" "Mozilla/5.0 (X11; Linux x86_64) AppleWebKit/537.36 (KHTML, like Gecko) Chrome/138.0.7204.100 Safari/537.36"
34.136.217.65 - - [04/Aug/2025:04:30:49 +0000] "GET /app/node_modules/express/lib/router/runtime.js HTTP/1.1" 200 80117 "-" "Mozilla/5.0 (X11; Linux x86_64) AppleWebKit/537.36 (KHTML, like Gecko) Chrome/138.0.7204.100 Safari/537.36"
34.136.217.65 - - [04/Aug/2025:04:30:49 +0000] "GET /app/node_modules/polyfills.js HTTP/1.1" 200 80117 "-" "Mozilla/5.0 (X11; Linux x86_64) AppleWebKit/537.36 (KHTML, like Gecko) Chrome/138.0.7204.100 Safari/537.36"
34.136.217.65 - - [04/Aug/2025:04:30:49 +0000] "GET /snippets/redirectCryptoCurrencyChallenge HTTP/1.1" 200 722 "https://demo.owasp-juice.shop/" "Mozilla/5.0 (X11; Linux x86_64) AppleWebKit/537.36 (KHTML, like Gecko) Chrome/138.0.7204.100 Safari/537.36"
34.136.217.65 - - [04/Aug/2025:04:30:49 +0000] "GET /app/node_modules/express-jwt/lib/styles.css HTTP/1.1" 200 80117 "https://demo.owasp-juice.shop/app/node_modules/express-jwt/lib/index.js:44:7" "Mozilla/5.0 (X11; Linux x86_64) AppleWebKit/537.36 (KHTML, like Gecko) Chrome/138.0.7204.100 Safari/537.36"
34.136.217.65 - - [04/Aug/2025:04:30:50 +0000] "GET /app/node_modules/express-jwt/lib/polyfills.js HTTP/1.1" 200 80117 "https://demo.owasp-juice.shop/app/node_modules/express-jwt/lib/index.js:44:7" "Mozilla/5.0 (X11; Linux x86_64) AppleWebKit/537.36 (KHTML, like Gecko) Chrome/138.0.7204.100 Safari/537.36"
34.136.217.65 - - [04/Aug/2025:04:30:50 +0000] "GET /assets/public/images/runtime.js HTTP/1.1" 200 80117 "-" "Mozilla/5.0 (X11; Linux x86_64) AppleWebKit/537.36 (KHTML, like Gecko) Chrome/138.0.7204.100 Safari/537.36"
34.136.217.65 - - [04/Aug/2025:04:30:50 +0000] "GET /assets/public/runtime.js HTTP/1.1" 200 80117 "-" "Mozilla/5.0 (X11; Linux x86_64) AppleWebKit/537.36 (KHTML, like Gecko) Chrome/138.0.7204.100 Safari/537.36"
34.136.217.65 - - [04/Aug/2025:04:30:50 +0000] "GET /rest/user/security-question?email=Mitchell.Olson@hotmail.comFWh_qj9HcjA445KFWh_qj9HcjA445KFWh_qj9HcjA445KMitchell.Olson@hotmail.comFWh_qj9HcjA445KFWh_qj9HcjA445KFWh_qj9HcjA445K HTTP/1.1" 200 2 "https://demo.owasp-juice.shop/" "Mozilla/5.0 (X11; Linux x86_64) AppleWebKit/537.36 (KHTML, like Gecko) Chrome/138.0.7204.100 Safari/537.36"
34.136.217.65 - - [04/Aug/2025:04:30:50 +0000] "POST /rest/user/login HTTP/1.1" 200 832 "https://demo.owasp-juice.shop/" "Mozilla/5.0 (X11; Linux x86_64) AppleWebKit/537.36 (KHTML, like Gecko) Chrome/138.0.7204.100 Safari/537.36"
34.136.217.65 - - [04/Aug/2025:04:30:50 +0000] "GET /api/Challenges/?sort=name HTTP/1.1" 200 87194 "https://demo.owasp-juice.shop/" "Mozilla/5.0 (X11; Linux x86_64) AppleWebKit/537.36 (KHTML, like Gecko) Chrome/138.0.7204.100 Safari/537.36"
34.136.217.65 - - [04/Aug/2025:04:30:53 +0000] "GET /app/node_modules/express-jwt/lib/polyfills.js HTTP/1.1" 200 80117 "https://demo.owasp-juice.shop/app/node_modules/express-jwt/lib/index.js:44:7" "Mozilla/5.0 (X11; Linux x86_64) AppleWebKit/537.36 (KHTML, like Gecko) Chrome/138.0.7204.100 Safari/537.36"
34.136.217.65 - - [04/Aug/2025:04:30:53 +0000] "GET /assets/vendor.js HTTP/1.1" 200 80117 "-" "Mozilla/5.0 (X11; Linux x86_64) AppleWebKit/537.36 (KHTML, like Gecko) Chrome/138.0.7204.100 Safari/537.36"
34.136.217.65 - - [04/Aug/2025:04:30:53 +0000] "GET /app/node_modules/express/styles.css HTTP/1.1" 200 80117 "-" "Mozilla/5.0 (X11; Linux x86_64) AppleWebKit/537.36 (KHTML, like Gecko) Chrome/138.0.7204.100 Safari/537.36"
34.136.217.65 - - [04/Aug/2025:04:30:53 +0000] "GET /rest/memories HTTP/1.1" 200 6183 "-" "Mozilla/5.0 (X11; Linux x86_64) AppleWebKit/537.36 (KHTML, like Gecko) Chrome/138.0.7204.100 Safari/537.36"
34.136.217.65 - - [04/Aug/2025:04:30:53 +0000] "GET /app/node_modules/express/lib/router/styles.css HTTP/1.1" 200 80117 "-" "Mozilla/5.0 (X11; Linux x86_64) AppleWebKit/537.36 (KHTML, like Gecko) Chrome/138.0.7204.100 Safari/537.36"
34.136.217.65 - - [04/Aug/2025:04:30:53 +0000] "GET /assets/public/css/main.js HTTP/1.1" 200 80117 "https://demo.owasp-juice.shop/assets/public/css/" "Mozilla/5.0 (X11; Linux x86_64) AppleWebKit/537.36 (KHTML, like Gecko) Chrome/138.0.7204.100 Safari/537.36"
34.136.217.65 - - [04/Aug/2025:04:30:53 +0000] "GET /rest/user/security-question?email=Mitchell.Olson@hotmail.comFWh_qj9HcjA445KFWh_qj9HcjA445KFWh_qj9HcjA445KMitchell.Olson@hotmail.comFWh_qj9HcjA445KFWh_qj9HcjA445KFWh_qj9HcjA445K HTTP/1.1" 200 2 "https://demo.owasp-juice.shop/" "Mozilla/5.0 (X11; Linux x86_64) AppleWebKit/537.36 (KHTML, like Gecko) Chrome/138.0.7204.100 Safari/537.36"
34.136.217.65 - - [04/Aug/2025:04:30:53 +0000] "GET /assets/vendor.js HTTP/1.1" 200 80117 "-" "Mozilla/5.0 (X11; Linux x86_64) AppleWebKit/537.36 (KHTML, like Gecko) Chrome/138.0.7204.100 Safari/537.36"
34.136.217.65 - - [04/Aug/2025:04:30:53 +0000] "GET /assets/public/images/runtime.js HTTP/1.1" 200 80117 "-" "Mozilla/5.0 (X11; Linux x86_64) AppleWebKit/537.36 (KHTML, like Gecko) Chrome/138.0.7204.100 Safari/537.36"
111.223.186.144 - - [04/Aug/2025:04:30:53 +0000] "GET /orders/socket.io/?EIO=4&transport=polling&t=PXpMB-k HTTP/1.1" 200 - "https://juice-shop.herokuapp.com/orders" "Mozilla/5.0 (X11; Linux x86_64) AppleWebKit/537.36 (KHTML, like Gecko) Chrome/138.0.0.0 Safari/537.36"
2001:ee0:8209:632:69fa:39ee:74cd:7e3a - - [04/Aug/2025:04:30:54 +0000] "GET /FUZZ/socket.io/?EIO=4&transport=polling&t=PXpMC40 HTTP/1.1" 200 - "https://demo.owasp-juice.shop/FUZZ" "Mozilla/5.0 (Windows NT 10.0; Win64; x64) AppleWebKit/537.36 (KHTML, like Gecko) Chrome/138.0.0.0 Safari/537.36"
34.136.217.65 - - [04/Aug/2025:04:30:54 +0000] "GET /app/node_modules/express/lib/router/index.js:286:9 HTTP/1.1" 200 80117 "-" "Mozilla/5.0 (X11; Linux x86_64) AppleWebKit/537.36 (KHTML, like Gecko) Chrome/138.0.7204.100 Safari/537.36"
34.136.217.65 - - [04/Aug/2025:04:30:54 +0000] "GET /assets/vendor.js HTTP/1.1" 200 80117 "-" "Mozilla/5.0 (X11; Linux x86_64) AppleWebKit/537.36 (KHTML, like Gecko) Chrome/138.0.7204.100 Safari/537.36"
34.136.217.65 - - [04/Aug/2025:04:30:55 +0000] "GET /app/node_modules/morgan/runtime.js HTTP/1.1" 200 80117 "-" "Mozilla/5.0 (X11; Linux x86_64) AppleWebKit/537.36 (KHTML, like Gecko) Chrome/138.0.7204.100 Safari/537.36"
34.136.217.65 - - [04/Aug/2025:04:30:55 +0000] "GET /assets/vendor.js HTTP/1.1" 200 80117 "-" "Mozilla/5.0 (X11; Linux x86_64) AppleWebKit/537.36 (KHTML, like Gecko) Chrome/138.0.7204.100 Safari/537.36"
34.136.217.65 - - [04/Aug/2025:04:30:55 +0000] "GET /assets/public/images/products/polyfills.js HTTP/1.1" 200 80117 "-" "Mozilla/5.0 (X11; Linux x86_64) AppleWebKit/537.36 (KHTML, like Gecko) Chrome/138.0.7204.100 Safari/537.36"
34.136.217.65 - - [04/Aug/2025:04:30:56 +0000] "GET /assets/vendor.js HTTP/1.1" 200 80117 "-" "Mozilla/5.0 (X11; Linux x86_64) AppleWebKit/537.36 (KHTML, like Gecko) Chrome/138.0.7204.100 Safari/537.36"
34.136.217.65 - - [04/Aug/2025:04:30:56 +0000] "GET /app/node_modules/express/lib/router/vendor.js HTTP/1.1" 200 80117 "-" "Mozilla/5.0 (X11; Linux x86_64) AppleWebKit/537.36 (KHTML, like Gecko) Chrome/138.0.7204.100 Safari/537.36"
34.136.217.65 - - [04/Aug/2025:04:30:56 +0000] "GET /assets/public/images/main.js HTTP/1.1" 200 80117 "-" "Mozilla/5.0 (X11; Linux x86_64) AppleWebKit/537.36 (KHTML, like Gecko) Chrome/138.0.7204.100 Safari/537.36"
34.136.217.65 - - [04/Aug/2025:04:30:56 +0000] "GET /app/node_modules/express/lib/styles.css HTTP/1.1" 200 80117 "-" "Mozilla/5.0 (X11; Linux x86_64) AppleWebKit/537.36 (KHTML, like Gecko) Chrome/138.0.7204.100 Safari/537.36"
34.136.217.65 - - [04/Aug/2025:04:30:56 +0000] "GET /assets/public/css/styles.css HTTP/1.1" 200 80117 "https://demo.owasp-juice.shop/assets/public/css/" "Mozilla/5.0 (X11; Linux x86_64) AppleWebKit/537.36 (KHTML, like Gecko) Chrome/138.0.7204.100 Safari/537.36"
34.136.217.65 - - [04/Aug/2025:04:30:57 +0000] "GET /rest/user/security-question?email=Mitchell.Olson@hotmail.comFWh_qj9HcjA445KFWh_qj9HcjA445KFWh_qj9HcjA445KMitchell.Olson@hotmail.comFWh_qj9HcjA445KFWh_qj9HcjA445KFWh_qj9HcjA445K HTTP/1.1" 200 2 "https://demo.owasp-juice.shop/" "Mozilla/5.0 (X11; Linux x86_64) AppleWebKit/537.36 (KHTML, like Gecko) Chrome/138.0.7204.100 Safari/537.36"
34.136.217.65 - - [04/Aug/2025:04:30:57 +0000] "GET /assets/public/runtime.js HTTP/1.1" 200 80117 "-" "Mozilla/5.0 (X11; Linux x86_64) AppleWebKit/537.36 (KHTML, like Gecko) Chrome/138.0.7204.100 Safari/537.36"
34.136.217.65 - - [04/Aug/2025:04:30:57 +0000] "GET /assets/public/runtime.js HTTP/1.1" 200 80117 "-" "Mozilla/5.0 (X11; Linux x86_64) AppleWebKit/537.36 (KHTML, like Gecko) Chrome/138.0.7204.100 Safari/537.36"
34.136.217.65 - - [04/Aug/2025:04:30:57 +0000] "GET /assets/public/images/runtime.js HTTP/1.1" 200 80117 "-" "Mozilla/5.0 (X11; Linux x86_64) AppleWebKit/537.36 (KHTML, like Gecko) Chrome/138.0.7204.100 Safari/537.36"
34.136.217.65 - - [04/Aug/2025:04:30:57 +0000] "GET /rest/memories HTTP/1.1" 200 6183 "-" "Mozilla/5.0 (X11; Linux x86_64) AppleWebKit/537.36 (KHTML, like Gecko) Chrome/138.0.7204.100 Safari/537.36"
34.136.217.65 - - [04/Aug/2025:04:30:58 +0000] "GET /app/build/routes/polyfills.js HTTP/1.1" 200 80117 "-" "Mozilla/5.0 (X11; Linux x86_64) AppleWebKit/537.36 (KHTML, like Gecko) Chrome/138.0.7204.100 Safari/537.36"
34.136.217.65 - - [04/Aug/2025:04:30:58 +0000] "GET /app/build/main.js HTTP/1.1" 200 80117 "-" "Mozilla/5.0 (X11; Linux x86_64) AppleWebKit/537.36 (KHTML, like Gecko) Chrome/138.0.7204.100 Safari/537.36"
34.136.217.65 - - [04/Aug/2025:04:30:58 +0000] "GET /assets/vendor.js HTTP/1.1" 200 80117 "-" "Mozilla/5.0 (X11; Linux x86_64) AppleWebKit/537.36 (KHTML, like Gecko) Chrome/138.0.7204.100 Safari/537.36"
34.136.217.65 - - [04/Aug/2025:04:30:58 +0000] "GET /app/polyfills.js HTTP/1.1" 200 80117 "-" "Mozilla/5.0 (X11; Linux x86_64) AppleWebKit/537.36 (KHTML, like Gecko) Chrome/138.0.7204.100 Safari/537.36"
111.223.186.144 - - [04/Aug/2025:04:30:59 +0000] "GET /orders/socket.io/?EIO=4&transport=polling&t=PXpMDSU HTTP/1.1" 200 - "https://juice-shop.herokuapp.com/orders" "Mozilla/5.0 (X11; Linux x86_64) AppleWebKit/537.36 (KHTML, like Gecko) Chrome/138.0.0.0 Safari/537.36"
2001:ee0:8209:632:69fa:39ee:74cd:7e3a - - [04/Aug/2025:04:30:59 +0000] "GET /FUZZ/socket.io/?EIO=4&transport=polling&t=PXpMDXh HTTP/1.1" 200 - "https://demo.owasp-juice.shop/FUZZ" "Mozilla/5.0 (Windows NT 10.0; Win64; x64) AppleWebKit/537.36 (KHTML, like Gecko) Chrome/138.0.0.0 Safari/537.36"
34.136.217.65 - - [04/Aug/2025:04:31:00 +0000] "GET /assets/public/runtime.js HTTP/1.1" 200 80117 "-" "Mozilla/5.0 (X11; Linux x86_64) AppleWebKit/537.36 (KHTML, like Gecko) Chrome/138.0.7204.100 Safari/537.36"
34.136.217.65 - - [04/Aug/2025:04:31:00 +0000] "GET /app/node_modules/express/styles.css HTTP/1.1" 200 80117 "-" "Mozilla/5.0 (X11; Linux x86_64) AppleWebKit/537.36 (KHTML, like Gecko) Chrome/138.0.7204.100 Safari/537.36"
34.136.217.65 - - [04/Aug/2025:04:31:00 +0000] "GET /assets/public/css/main.js HTTP/1.1" 200 80117 "https://demo.owasp-juice.shop/assets/public/css/" "Mozilla/5.0 (X11; Linux x86_64) AppleWebKit/537.36 (KHTML, like Gecko) Chrome/138.0.7204.100 Safari/537.36"
34.136.217.65 - - [04/Aug/2025:04:31:00 +0000] "GET /app/node_modules/polyfills.js HTTP/1.1" 200 80117 "-" "Mozilla/5.0 (X11; Linux x86_64) AppleWebKit/537.36 (KHTML, like Gecko) Chrome/138.0.7204.100 Safari/537.36"
34.136.217.65 - - [04/Aug/2025:04:31:00 +0000] "GET /assets/vendor.js HTTP/1.1" 200 80117 "-" "Mozilla/5.0 (X11; Linux x86_64) AppleWebKit/537.36 (KHTML, like Gecko) Chrome/138.0.7204.100 Safari/537.36"
34.136.217.65 - - [04/Aug/2025:04:31:00 +0000] "GET /assets/public/images/runtime.js HTTP/1.1" 200 80117 "-" "Mozilla/5.0 (X11; Linux x86_64) AppleWebKit/537.36 (KHTML, like Gecko) Chrome/138.0.7204.100 Safari/537.36"
34.136.217.65 - - [04/Aug/2025:04:31:00 +0000] "GET /app/build/routes/polyfills.js HTTP/1.1" 200 80117 "-" "Mozilla/5.0 (X11; Linux x86_64) AppleWebKit/537.36 (KHTML, like Gecko) Chrome/138.0.7204.100 Safari/537.36"
34.136.217.65 - - [04/Aug/2025:04:31:00 +0000] "GET /assets/public/images/runtime.js HTTP/1.1" 200 80117 "-" "Mozilla/5.0 (X11; Linux x86_64) AppleWebKit/537.36 (KHTML, like Gecko) Chrome/138.0.7204.100 Safari/537.36"
34.136.217.65 - - [04/Aug/2025:04:31:00 +0000] "POST /rest/user/login HTTP/1.1" 200 832 "https://demo.owasp-juice.shop/" "Mozilla/5.0 (X11; Linux x86_64) AppleWebKit/537.36 (KHTML, like Gecko) Chrome/138.0.7204.100 Safari/537.36"
34.136.217.65 - - [04/Aug/2025:04:31:00 +0000] "GET /assets/public/images/ HTTP/1.1" 200 80117 "-" "Mozilla/5.0 (X11; Linux x86_64) AppleWebKit/537.36 (KHTML, like Gecko) Chrome/138.0.7204.100 Safari/537.36"
34.136.217.65 - - [04/Aug/2025:04:31:00 +0000] "GET /app/build/main.js HTTP/1.1" 200 80117 "-" "Mozilla/5.0 (X11; Linux x86_64) AppleWebKit/537.36 (KHTML, like Gecko) Chrome/138.0.7204.100 Safari/537.36"
4.187.148.47 - - [04/Aug/2025:04:31:01 +0000] "GET /zt/ HTTP/1.1" 200 - "-" "PostmanRuntime/7.39.1"
54.76.211.68 - - [04/Aug/2025:04:31:01 +0000] "GET /rest/admin/application-version HTTP/1.1" 200 20 "https://juice-shop.herokuapp.com/" "Mozilla/5.0 (X11; Linux x86_64) AppleWebKit/537.36 (KHTML, like Gecko) HeadlessChrome/127.0.0.0 Safari/537.36"
54.76.211.68 - - [04/Aug/2025:04:31:01 +0000] "GET /rest/admin/application-configuration HTTP/1.1" 200 - "https://juice-shop.herokuapp.com/" "Mozilla/5.0 (X11; Linux x86_64) AppleWebKit/537.36 (KHTML, like Gecko) HeadlessChrome/127.0.0.0 Safari/537.36"
54.76.211.68 - - [04/Aug/2025:04:31:01 +0000] "GET /rest/admin/application-version HTTP/1.1" 304 - "https://juice-shop.herokuapp.com/" "Mozilla/5.0 (X11; Linux x86_64) AppleWebKit/537.36 (KHTML, like Gecko) HeadlessChrome/127.0.0.0 Safari/537.36"
54.76.211.68 - - [04/Aug/2025:04:31:01 +0000] "GET /rest/admin/application-configuration HTTP/1.1" 304 - "https://juice-shop.herokuapp.com/" "Mozilla/5.0 (X11; Linux x86_64) AppleWebKit/537.36 (KHTML, like Gecko) HeadlessChrome/127.0.0.0 Safari/537.36"
3.248.4.169 - - [04/Aug/2025:04:31:01 +0000] "GET /rest/languages HTTP/1.1" 200 - "https://juice-shop.herokuapp.com/" "Mozilla/5.0 (X11; Linux x86_64) AppleWebKit/537.36 (KHTML, like Gecko) HeadlessChrome/127.0.0.0 Safari/537.36"
54.76.211.68 - - [04/Aug/2025:04:31:01 +0000] "GET /rest/admin/application-configuration HTTP/1.1" 304 - "https://juice-shop.herokuapp.com/" "Mozilla/5.0 (X11; Linux x86_64) AppleWebKit/537.36 (KHTML, like Gecko) HeadlessChrome/127.0.0.0 Safari/537.36"
54.76.211.68 - - [04/Aug/2025:04:31:01 +0000] "GET /rest/admin/application-configuration HTTP/1.1" 304 - "https://juice-shop.herokuapp.com/" "Mozilla/5.0 (X11; Linux x86_64) AppleWebKit/537.36 (KHTML, like Gecko) HeadlessChrome/127.0.0.0 Safari/537.36"
54.76.211.68 - - [04/Aug/2025:04:31:01 +0000] "GET /rest/products/search?q= HTTP/1.1" 200 - "https://juice-shop.herokuapp.com/" "Mozilla/5.0 (X11; Linux x86_64) AppleWebKit/537.36 (KHTML, like Gecko) HeadlessChrome/127.0.0.0 Safari/537.36"
54.76.211.68 - - [04/Aug/2025:04:31:01 +0000] "GET /api/Challenges/?name=Score%20Board HTTP/1.1" 200 695 "https://juice-shop.herokuapp.com/" "Mozilla/5.0 (X11; Linux x86_64) AppleWebKit/537.36 (KHTML, like Gecko) HeadlessChrome/127.0.0.0 Safari/537.36"
54.76.211.68 - - [04/Aug/2025:04:31:01 +0000] "GET /rest/admin/application-configuration HTTP/1.1" 304 - "https://juice-shop.herokuapp.com/" "Mozilla/5.0 (X11; Linux x86_64) AppleWebKit/537.36 (KHTML, like Gecko) HeadlessChrome/127.0.0.0 Safari/537.36"
3.248.4.169 - - [04/Aug/2025:04:31:01 +0000] "GET /api/Quantitys/ HTTP/1.1" 200 - "https://juice-shop.herokuapp.com/" "Mozilla/5.0 (X11; Linux x86_64) AppleWebKit/537.36 (KHTML, like Gecko) HeadlessChrome/127.0.0.0 Safari/537.36"
54.76.211.68 - - [04/Aug/2025:04:31:01 +0000] "GET /api/Challenges/?name=Score%20Board HTTP/1.1" 304 - "https://juice-shop.herokuapp.com/" "Mozilla/5.0 (X11; Linux x86_64) AppleWebKit/537.36 (KHTML, like Gecko) HeadlessChrome/127.0.0.0 Safari/537.36"
34.136.217.65 - - [04/Aug/2025:04:31:02 +0000] "GET /assets/public/images/runtime.js HTTP/1.1" 200 80117 "-" "Mozilla/5.0 (X11; Linux x86_64) AppleWebKit/537.36 (KHTML, like Gecko) Chrome/138.0.7204.100 Safari/537.36"
34.136.217.65 - - [04/Aug/2025:04:31:02 +0000] "GET /snippets/fixes/xssBonusChallenge HTTP/1.1" 200 2410 "https://demo.owasp-juice.shop/" "Mozilla/5.0 (X11; Linux x86_64) AppleWebKit/537.36 (KHTML, like Gecko) Chrome/138.0.7204.100 Safari/537.36"
34.136.217.65 - - [04/Aug/2025:04:31:02 +0000] "GET /assets/public/runtime.js HTTP/1.1" 200 80117 "-" "Mozilla/5.0 (X11; Linux x86_64) AppleWebKit/537.36 (KHTML, like Gecko) Chrome/138.0.7204.100 Safari/537.36"
34.136.217.65 - - [04/Aug/2025:04:31:02 +0000] "GET /app/build/routes/polyfills.js HTTP/1.1" 200 80117 "-" "Mozilla/5.0 (X11; Linux x86_64) AppleWebKit/537.36 (KHTML, like Gecko) Chrome/138.0.7204.100 Safari/537.36"
34.136.217.65 - - [04/Aug/2025:04:31:02 +0000] "GET /app/node_modules/express/styles.css HTTP/1.1" 200 80117 "-" "Mozilla/5.0 (X11; Linux x86_64) AppleWebKit/537.36 (KHTML, like Gecko) Chrome/138.0.7204.100 Safari/537.36"
34.136.217.65 - - [04/Aug/2025:04:31:02 +0000] "GET /app/node_modules/runtime.js HTTP/1.1" 200 80117 "-" "Mozilla/5.0 (X11; Linux x86_64) AppleWebKit/537.36 (KHTML, like Gecko) Chrome/138.0.7204.100 Safari/537.36"
34.136.217.65 - - [04/Aug/2025:04:31:02 +0000] "GET /app/node_modules/express-jwt/node_modules/jsonwebtoken/runtime.js HTTP/1.1" 200 80117 "https://demo.owasp-juice.shop/app/node_modules/express-jwt/node_modules/jsonwebtoken/index.js:59:3" "Mozilla/5.0 (X11; Linux x86_64) AppleWebKit/537.36 (KHTML, like Gecko) Chrome/138.0.7204.100 Safari/537.36"
34.136.217.65 - - [04/Aug/2025:04:31:02 +0000] "GET /assets/vendor.js HTTP/1.1" 200 80117 "-" "Mozilla/5.0 (X11; Linux x86_64) AppleWebKit/537.36 (KHTML, like Gecko) Chrome/138.0.7204.100 Safari/537.36"
34.136.217.65 - - [04/Aug/2025:04:31:02 +0000] "GET /assets/public/images/runtime.js HTTP/1.1" 200 80117 "-" "Mozilla/5.0 (X11; Linux x86_64) AppleWebKit/537.36 (KHTML, like Gecko) Chrome/138.0.7204.100 Safari/537.36"
34.136.217.65 - - [04/Aug/2025:04:31:02 +0000] "GET /assets/public/css/main.js HTTP/1.1" 200 80117 "https://demo.owasp-juice.shop/assets/public/css/" "Mozilla/5.0 (X11; Linux x86_64) AppleWebKit/537.36 (KHTML, like Gecko) Chrome/138.0.7204.100 Safari/537.36"
102.88.105.205 - - [04/Aug/2025:04:31:02 +0000] "GET /rest/admin/application-version HTTP/1.1" 304 - "https://juice-shop.herokuapp.com/" "Mozilla/5.0 (X11; Linux x86_64; rv:128.0) Gecko/20100101 Firefox/128.0"
102.88.105.205 - - [04/Aug/2025:04:31:02 +0000] "GET /rest/admin/application-configuration HTTP/1.1" 304 - "https://juice-shop.herokuapp.com/" "Mozilla/5.0 (X11; Linux x86_64; rv:128.0) Gecko/20100101 Firefox/128.0"
102.88.105.205 - - [04/Aug/2025:04:31:02 +0000] "GET /rest/languages HTTP/1.1" 304 - "https://juice-shop.herokuapp.com/" "Mozilla/5.0 (X11; Linux x86_64; rv:128.0) Gecko/20100101 Firefox/128.0"
102.88.105.205 - - [04/Aug/2025:04:31:02 +0000] "GET /rest/admin/application-version HTTP/1.1" 200 20 "https://juice-shop.herokuapp.com/" "Mozilla/5.0 (X11; Linux x86_64; rv:128.0) Gecko/20100101 Firefox/128.0"
102.88.105.205 - - [04/Aug/2025:04:31:02 +0000] "GET /rest/admin/application-configuration HTTP/1.1" 200 - "https://juice-shop.herokuapp.com/" "Mozilla/5.0 (X11; Linux x86_64; rv:128.0) Gecko/20100101 Firefox/128.0"
102.88.105.205 - - [04/Aug/2025:04:31:02 +0000] "GET /rest/admin/application-configuration HTTP/1.1" 200 - "https://juice-shop.herokuapp.com/" "Mozilla/5.0 (X11; Linux x86_64; rv:128.0) Gecko/20100101 Firefox/128.0"
34.136.217.65 - - [04/Aug/2025:04:31:02 +0000] "GET /rest/user/security-question?email=Mitchell.Olson@hotmail.comFWh_qj9HcjA445KFWh_qj9HcjA445KFWh_qj9HcjA445KMitchell.Olson@hotmail.comFWh_qj9HcjA445KFWh_qj9HcjA445KFWh_qj9HcjA445K HTTP/1.1" 200 2 "https://demo.owasp-juice.shop/" "Mozilla/5.0 (X11; Linux x86_64) AppleWebKit/537.36 (KHTML, like Gecko) Chrome/138.0.7204.100 Safari/537.36"
102.88.105.205 - - [04/Aug/2025:04:31:02 +0000] "GET /api/Challenges/?name=Score%20Board HTTP/1.1" 304 - "https://juice-shop.herokuapp.com/" "Mozilla/5.0 (X11; Linux x86_64; rv:128.0) Gecko/20100101 Firefox/128.0"
102.88.105.205 - - [04/Aug/2025:04:31:02 +0000] "GET /api/Challenges/?name=Score%20Board HTTP/1.1" 200 695 "https://juice-shop.herokuapp.com/" "Mozilla/5.0 (X11; Linux x86_64; rv:128.0) Gecko/20100101 Firefox/128.0"
102.88.105.205 - - [04/Aug/2025:04:31:02 +0000] "GET /rest/products/search?q= HTTP/1.1" 304 - "https://juice-shop.herokuapp.com/" "Mozilla/5.0 (X11; Linux x86_64; rv:128.0) Gecko/20100101 Firefox/128.0"
102.88.105.205 - - [04/Aug/2025:04:31:02 +0000] "GET /api/Quantitys/ HTTP/1.1" 304 - "https://juice-shop.herokuapp.com/" "Mozilla/5.0 (X11; Linux x86_64; rv:128.0) Gecko/20100101 Firefox/128.0"
3.248.4.169 - - [04/Aug/2025:04:31:02 +0000] "GET /rest/admin/application-version HTTP/1.1" 200 20 "https://juice-shop.herokuapp.com/" "Mozilla/5.0 (X11; Linux x86_64) AppleWebKit/537.36 (KHTML, like Gecko) HeadlessChrome/127.0.0.0 Safari/537.36"
54.76.211.68 - - [04/Aug/2025:04:31:03 +0000] "GET /rest/admin/application-configuration HTTP/1.1" 200 - "https://juice-shop.herokuapp.com/" "Mozilla/5.0 (X11; Linux x86_64) AppleWebKit/537.36 (KHTML, like Gecko) HeadlessChrome/127.0.0.0 Safari/537.36"
3.248.4.169 - - [04/Aug/2025:04:31:03 +0000] "GET /rest/admin/application-version HTTP/1.1" 304 - "https://juice-shop.herokuapp.com/" "Mozilla/5.0 (X11; Linux x86_64) AppleWebKit/537.36 (KHTML, like Gecko) HeadlessChrome/127.0.0.0 Safari/537.36"
3.248.4.169 - - [04/Aug/2025:04:31:03 +0000] "GET /rest/languages HTTP/1.1" 200 - "https://juice-shop.herokuapp.com/" "Mozilla/5.0 (X11; Linux x86_64) AppleWebKit/537.36 (KHTML, like Gecko) HeadlessChrome/127.0.0.0 Safari/537.36"
3.248.4.169 - - [04/Aug/2025:04:31:03 +0000] "GET /rest/products/search?q= HTTP/1.1" 200 - "https://juice-shop.herokuapp.com/" "Mozilla/5.0 (X11; Linux x86_64) AppleWebKit/537.36 (KHTML, like Gecko) HeadlessChrome/127.0.0.0 Safari/537.36"
3.248.4.169 - - [04/Aug/2025:04:31:03 +0000] "GET /rest/admin/application-configuration HTTP/1.1" 304 - "https://juice-shop.herokuapp.com/" "Mozilla/5.0 (X11; Linux x86_64) AppleWebKit/537.36 (KHTML, like Gecko) HeadlessChrome/127.0.0.0 Safari/537.36"
3.248.4.169 - - [04/Aug/2025:04:31:03 +0000] "GET /rest/admin/application-configuration HTTP/1.1" 304 - "https://juice-shop.herokuapp.com/" "Mozilla/5.0 (X11; Linux x86_64) AppleWebKit/537.36 (KHTML, like Gecko) HeadlessChrome/127.0.0.0 Safari/537.36"
3.248.4.169 - - [04/Aug/2025:04:31:03 +0000] "GET /rest/admin/application-configuration HTTP/1.1" 304 - "https://juice-shop.herokuapp.com/" "Mozilla/5.0 (X11; Linux x86_64) AppleWebKit/537.36 (KHTML, like Gecko) HeadlessChrome/127.0.0.0 Safari/537.36"
54.76.211.68 - - [04/Aug/2025:04:31:03 +0000] "GET /api/Challenges/?name=Score%20Board HTTP/1.1" 200 695 "https://juice-shop.herokuapp.com/" "Mozilla/5.0 (X11; Linux x86_64) AppleWebKit/537.36 (KHTML, like Gecko) HeadlessChrome/127.0.0.0 Safari/537.36"
54.76.211.68 - - [04/Aug/2025:04:31:03 +0000] "GET /api/Quantitys/ HTTP/1.1" 200 - "https://juice-shop.herokuapp.com/" "Mozilla/5.0 (X11; Linux x86_64) AppleWebKit/537.36 (KHTML, like Gecko) HeadlessChrome/127.0.0.0 Safari/537.36"
3.248.4.169 - - [04/Aug/2025:04:31:03 +0000] "GET /rest/admin/application-configuration HTTP/1.1" 304 - "https://juice-shop.herokuapp.com/" "Mozilla/5.0 (X11; Linux x86_64) AppleWebKit/537.36 (KHTML, like Gecko) HeadlessChrome/127.0.0.0 Safari/537.36"
3.248.4.169 - - [04/Aug/2025:04:31:03 +0000] "GET /api/Challenges/?name=Score%20Board HTTP/1.1" 304 - "https://juice-shop.herokuapp.com/" "Mozilla/5.0 (X11; Linux x86_64) AppleWebKit/537.36 (KHTML, like Gecko) HeadlessChrome/127.0.0.0 Safari/537.36"
34.136.217.65 - - [04/Aug/2025:04:31:04 +0000] "GET /assets/public/css/main.js HTTP/1.1" 200 80117 "https://demo.owasp-juice.shop/assets/public/css/" "Mozilla/5.0 (X11; Linux x86_64) AppleWebKit/537.36 (KHTML, like Gecko) Chrome/138.0.7204.100 Safari/537.36"
34.136.217.65 - - [04/Aug/2025:04:31:04 +0000] "GET /rest/user/security-question?email=Mitchell.Olson@hotmail.comFWh_qj9HcjA445KFWh_qj9HcjA445KFWh_qj9HcjA445KMitchell.Olson@hotmail.comFWh_qj9HcjA445KFWh_qj9HcjA445KFWh_qj9HcjA445K HTTP/1.1" 200 2 "https://demo.owasp-juice.shop/" "Mozilla/5.0 (X11; Linux x86_64) AppleWebKit/537.36 (KHTML, like Gecko) Chrome/138.0.7204.100 Safari/537.36"
34.136.217.65 - - [04/Aug/2025:04:31:04 +0000] "GET /assets/public/css/styles.css HTTP/1.1" 200 80117 "https://demo.owasp-juice.shop/assets/public/css/" "Mozilla/5.0 (X11; Linux x86_64) AppleWebKit/537.36 (KHTML, like Gecko) Chrome/138.0.7204.100 Safari/537.36"
34.136.217.65 - - [04/Aug/2025:04:31:04 +0000] "GET /app/build/main.js HTTP/1.1" 200 80117 "-" "Mozilla/5.0 (X11; Linux x86_64) AppleWebKit/537.36 (KHTML, like Gecko) Chrome/138.0.7204.100 Safari/537.36"
34.136.217.65 - - [04/Aug/2025:04:31:04 +0000] "GET /api/Challenges/?name=Score%20Board HTTP/1.1" 200 695 "https://demo.owasp-juice.shop/" "Mozilla/5.0 (X11; Linux x86_64) AppleWebKit/537.36 (KHTML, like Gecko) Chrome/138.0.7204.100 Safari/537.36"
34.136.217.65 - - [04/Aug/2025:04:31:04 +0000] "GET /assets/public/images/runtime.js HTTP/1.1" 200 80117 "-" "Mozilla/5.0 (X11; Linux x86_64) AppleWebKit/537.36 (KHTML, like Gecko) Chrome/138.0.7204.100 Safari/537.36"
34.136.217.65 - - [04/Aug/2025:04:31:04 +0000] "GET /app/node_modules/morgan/main.js HTTP/1.1" 200 80117 "-" "Mozilla/5.0 (X11; Linux x86_64) AppleWebKit/537.36 (KHTML, like Gecko) Chrome/138.0.7204.100 Safari/537.36"
34.136.217.65 - - [04/Aug/2025:04:31:04 +0000] "GET /app/node_modules/express/styles.css HTTP/1.1" 200 80117 "-" "Mozilla/5.0 (X11; Linux x86_64) AppleWebKit/537.36 (KHTML, like Gecko) Chrome/138.0.7204.100 Safari/537.36"
34.136.217.65 - - [04/Aug/2025:04:31:05 +0000] "GET /rest/captcha/ HTTP/1.1" 200 48 "https://demo.owasp-juice.shop/" "Mozilla/5.0 (X11; Linux x86_64) AppleWebKit/537.36 (KHTML, like Gecko) Chrome/138.0.7204.100 Safari/537.36"
34.136.217.65 - - [04/Aug/2025:04:31:05 +0000] "GET /assets/public/images/runtime.js HTTP/1.1" 200 80117 "-" "Mozilla/5.0 (X11; Linux x86_64) AppleWebKit/537.36 (KHTML, like Gecko) Chrome/138.0.7204.100 Safari/537.36"
34.136.217.65 - - [04/Aug/2025:04:31:05 +0000] "GET /assets/i18n/styles.css HTTP/1.1" 200 80117 "-" "Mozilla/5.0 (X11; Linux x86_64) AppleWebKit/537.36 (KHTML, like Gecko) Chrome/138.0.7204.100 Safari/537.36"
34.136.217.65 - - [04/Aug/2025:04:31:05 +0000] "POST /rest/user/login HTTP/1.1" 200 832 "https://demo.owasp-juice.shop/" "Mozilla/5.0 (X11; Linux x86_64) AppleWebKit/537.36 (KHTML, like Gecko) Chrome/138.0.7204.100 Safari/537.36"
34.136.217.65 - - [04/Aug/2025:04:31:05 +0000] "GET /app/node_modules/express/styles.css HTTP/1.1" 200 80117 "-" "Mozilla/5.0 (X11; Linux x86_64) AppleWebKit/537.36 (KHTML, like Gecko) Chrome/138.0.7204.100 Safari/537.36"
34.136.217.65 - - [04/Aug/2025:04:31:05 +0000] "GET /assets/public/images/runtime.js HTTP/1.1" 200 80117 "-" "Mozilla/5.0 (X11; Linux x86_64) AppleWebKit/537.36 (KHTML, like Gecko) Chrome/138.0.7204.100 Safari/537.36"
34.136.217.65 - - [04/Aug/2025:04:31:05 +0000] "GET /assets/public/css/main.js HTTP/1.1" 200 80117 "https://demo.owasp-juice.shop/assets/public/css/" "Mozilla/5.0 (X11; Linux x86_64) AppleWebKit/537.36 (KHTML, like Gecko) Chrome/138.0.7204.100 Safari/537.36"
111.223.186.144 - - [04/Aug/2025:04:31:05 +0000] "GET /orders/socket.io/?EIO=4&transport=polling&t=PXpMEwE HTTP/1.1" 200 - "https://juice-shop.herokuapp.com/orders" "Mozilla/5.0 (X11; Linux x86_64) AppleWebKit/537.36 (KHTML, like Gecko) Chrome/138.0.0.0 Safari/537.36"
34.136.217.65 - - [04/Aug/2025:04:31:05 +0000] "GET /assets/public/images/runtime.js HTTP/1.1" 200 80117 "-" "Mozilla/5.0 (X11; Linux x86_64) AppleWebKit/537.36 (KHTML, like Gecko) Chrome/138.0.7204.100 Safari/537.36"
34.136.217.65 - - [04/Aug/2025:04:31:06 +0000] "GET /app/polyfills.js HTTP/1.1" 200 80117 "-" "Mozilla/5.0 (X11; Linux x86_64) AppleWebKit/537.36 (KHTML, like Gecko) Chrome/138.0.7204.100 Safari/537.36"
34.136.217.65 - - [04/Aug/2025:04:31:06 +0000] "GET /app/build/routes/polyfills.js HTTP/1.1" 200 80117 "-" "Mozilla/5.0 (X11; Linux x86_64) AppleWebKit/537.36 (KHTML, like Gecko) Chrome/138.0.7204.100 Safari/537.36"
34.136.217.65 - - [04/Aug/2025:04:31:07 +0000] "GET /assets/public/css/main.js HTTP/1.1" 200 80117 "https://demo.owasp-juice.shop/assets/public/css/" "Mozilla/5.0 (X11; Linux x86_64) AppleWebKit/537.36 (KHTML, like Gecko) Chrome/138.0.7204.100 Safari/537.36"
2001:ee0:8209:632:69fa:39ee:74cd:7e3a - - [04/Aug/2025:04:31:07 +0000] "GET /FUZZ/socket.io/?EIO=4&transport=polling&t=PXpME_P HTTP/1.1" 200 - "https://demo.owasp-juice.shop/FUZZ" "Mozilla/5.0 (Windows NT 10.0; Win64; x64) AppleWebKit/537.36 (KHTML, like Gecko) Chrome/138.0.0.0 Safari/537.36"
34.136.217.65 - - [04/Aug/2025:04:31:07 +0000] "GET /app/node_modules/express-jwt/node_modules/jsonwebtoken/vendor.js HTTP/1.1" 200 80117 "https://demo.owasp-juice.shop/app/node_modules/express-jwt/node_modules/jsonwebtoken/index.js:59:3" "Mozilla/5.0 (X11; Linux x86_64) AppleWebKit/537.36 (KHTML, like Gecko) Chrome/138.0.7204.100 Safari/537.36"
34.136.217.65 - - [04/Aug/2025:04:31:07 +0000] "GET /assets/vendor.js HTTP/1.1" 200 80117 "-" "Mozilla/5.0 (X11; Linux x86_64) AppleWebKit/537.36 (KHTML, like Gecko) Chrome/138.0.7204.100 Safari/537.36"
34.136.217.65 - - [04/Aug/2025:04:31:07 +0000] "GET /assets/i18n/styles.css HTTP/1.1" 200 80117 "-" "Mozilla/5.0 (X11; Linux x86_64) AppleWebKit/537.36 (KHTML, like Gecko) Chrome/138.0.7204.100 Safari/537.36"
34.136.217.65 - - [04/Aug/2025:04:31:07 +0000] "GET /app/polyfills.js HTTP/1.1" 200 80117 "-" "Mozilla/5.0 (X11; Linux x86_64) AppleWebKit/537.36 (KHTML, like Gecko) Chrome/138.0.7204.100 Safari/537.36"
34.136.217.65 - - [04/Aug/2025:04:31:08 +0000] "GET /api/Feedbacks/ HTTP/1.1" 200 1734 "https://demo.owasp-juice.shop/" "Mozilla/5.0 (X11; Linux x86_64) AppleWebKit/537.36 (KHTML, like Gecko) Chrome/138.0.7204.100 Safari/537.36"
34.136.217.65 - - [04/Aug/2025:04:31:08 +0000] "GET /rest/user/security-question?email=Mitchell.Olson@hotmail.comFWh_qj9HcjA445KFWh_qj9HcjA445KFWh_qj9HcjA445KMitchell.Olson@hotmail.comFWh_qj9HcjA445KFWh_qj9HcjA445KFWh_qj9HcjA445K HTTP/1.1" 200 2 "https://demo.owasp-juice.shop/" "Mozilla/5.0 (X11; Linux x86_64) AppleWebKit/537.36 (KHTML, like Gecko) Chrome/138.0.7204.100 Safari/537.36"
34.136.217.65 - - [04/Aug/2025:04:31:08 +0000] "GET /app/node_modules/express/styles.css HTTP/1.1" 200 80117 "-" "Mozilla/5.0 (X11; Linux x86_64) AppleWebKit/537.36 (KHTML, like Gecko) Chrome/138.0.7204.100 Safari/537.36"
34.136.217.65 - - [04/Aug/2025:04:31:08 +0000] "GET /app/node_modules/express/styles.css HTTP/1.1" 200 80117 "-" "Mozilla/5.0 (X11; Linux x86_64) AppleWebKit/537.36 (KHTML, like Gecko) Chrome/138.0.7204.100 Safari/537.36"
34.136.217.65 - - [04/Aug/2025:04:31:08 +0000] "GET /rest/user/security-question?email=Mitchell.Olson@hotmail.comFWh_qj9HcjA445KFWh_qj9HcjA445KFWh_qj9HcjA445KMitchell.Olson@hotmail.comFWh_qj9HcjA445KFWh_qj9HcjA445KFWh_qj9HcjA445K HTTP/1.1" 200 2 "https://demo.owasp-juice.shop/" "Mozilla/5.0 (X11; Linux x86_64) AppleWebKit/537.36 (KHTML, like Gecko) Chrome/138.0.7204.100 Safari/537.36"
34.136.217.65 - - [04/Aug/2025:04:31:08 +0000] "GET /assets/public/css/styles.css HTTP/1.1" 200 80117 "https://demo.owasp-juice.shop/assets/public/css/" "Mozilla/5.0 (X11; Linux x86_64) AppleWebKit/537.36 (KHTML, like Gecko) Chrome/138.0.7204.100 Safari/537.36"
34.136.217.65 - - [04/Aug/2025:04:31:08 +0000] "GET /app/node_modules/polyfills.js HTTP/1.1" 200 80117 "-" "Mozilla/5.0 (X11; Linux x86_64) AppleWebKit/537.36 (KHTML, like Gecko) Chrome/138.0.7204.100 Safari/537.36"
34.136.217.65 - - [04/Aug/2025:04:31:08 +0000] "GET /assets/public/css/main.js HTTP/1.1" 200 80117 "https://demo.owasp-juice.shop/assets/public/css/" "Mozilla/5.0 (X11; Linux x86_64) AppleWebKit/537.36 (KHTML, like Gecko) Chrome/138.0.7204.100 Safari/537.36"
34.136.217.65 - - [04/Aug/2025:04:31:08 +0000] "GET /rest/user/security-question?email=Mitchell.Olson@hotmail.comFWh_qj9HcjA445KFWh_qj9HcjA445KFWh_qj9HcjA445KMitchell.Olson@hotmail.comFWh_qj9HcjA445KFWh_qj9HcjA445KFWh_qj9HcjA445K HTTP/1.1" 200 2 "https://demo.owasp-juice.shop/" "Mozilla/5.0 (X11; Linux x86_64) AppleWebKit/537.36 (KHTML, like Gecko) Chrome/138.0.7204.100 Safari/537.36"
34.136.217.65 - - [04/Aug/2025:04:31:08 +0000] "GET /rest/user/security-question?email=Mitchell.Olson@hotmail.comFWh_qj9HcjA445KFWh_qj9HcjA445KFWh_qj9HcjA445KMitchell.Olson@hotmail.comFWh_qj9HcjA445KFWh_qj9HcjA445KFWh_qj9HcjA445K HTTP/1.1" 200 2 "https://demo.owasp-juice.shop/" "Mozilla/5.0 (X11; Linux x86_64) AppleWebKit/537.36 (KHTML, like Gecko) Chrome/138.0.7204.100 Safari/537.36"
34.136.217.65 - - [04/Aug/2025:04:31:09 +0000] "GET /assets/i18n/styles.css HTTP/1.1" 200 80117 "-" "Mozilla/5.0 (X11; Linux x86_64) AppleWebKit/537.36 (KHTML, like Gecko) Chrome/138.0.7204.100 Safari/537.36"
34.136.217.65 - - [04/Aug/2025:04:31:09 +0000] "GET /rest/memories HTTP/1.1" 200 6183 "-" "Mozilla/5.0 (X11; Linux x86_64) AppleWebKit/537.36 (KHTML, like Gecko) Chrome/138.0.7204.100 Safari/537.36"
34.136.217.65 - - [04/Aug/2025:04:31:09 +0000] "GET /rest/user/security-question?email=Mitchell.Olson@hotmail.comFWh_qj9HcjA445KFWh_qj9HcjA445KFWh_qj9HcjA445KMitchell.Olson@hotmail.comFWh_qj9HcjA445KFWh_qj9HcjA445KFWh_qj9HcjA445K HTTP/1.1" 200 2 "https://demo.owasp-juice.shop/" "Mozilla/5.0 (X11; Linux x86_64) AppleWebKit/537.36 (KHTML, like Gecko) Chrome/138.0.7204.100 Safari/537.36"
34.136.217.65 - - [04/Aug/2025:04:31:09 +0000] "GET /rest/user/security-question?email=Mitchell.Olson@hotmail.comFWh_qj9HcjA445KFWh_qj9HcjA445KFWh_qj9HcjA445KMitchell.Olson@hotmail.comFWh_qj9HcjA445KFWh_qj9HcjA445KFWh_qj9HcjA445K HTTP/1.1" 200 2 "https://demo.owasp-juice.shop/" "Mozilla/5.0 (X11; Linux x86_64) AppleWebKit/537.36 (KHTML, like Gecko) Chrome/138.0.7204.100 Safari/537.36"
34.136.217.65 - - [04/Aug/2025:04:31:09 +0000] "GET /assets/public/images/runtime.js HTTP/1.1" 200 80117 "-" "Mozilla/5.0 (X11; Linux x86_64) AppleWebKit/537.36 (KHTML, like Gecko) Chrome/138.0.7204.100 Safari/537.36"
34.136.217.65 - - [04/Aug/2025:04:31:09 +0000] "GET /api/Feedbacks/ HTTP/1.1" 200 1734 "https://demo.owasp-juice.shop/" "Mozilla/5.0 (X11; Linux x86_64) AppleWebKit/537.36 (KHTML, like Gecko) Chrome/138.0.7204.100 Safari/537.36"
34.136.217.65 - - [04/Aug/2025:04:31:10 +0000] "GET /assets/public/images/runtime.js HTTP/1.1" 200 80117 "-" "Mozilla/5.0 (X11; Linux x86_64) AppleWebKit/537.36 (KHTML, like Gecko) Chrome/138.0.7204.100 Safari/537.36"
34.136.217.65 - - [04/Aug/2025:04:31:10 +0000] "GET /rest/user/security-question?email=Mitchell.Olson@hotmail.comFWh_qj9HcjA445KFWh_qj9HcjA445KFWh_qj9HcjA445KMitchell.Olson@hotmail.comFWh_qj9HcjA445KFWh_qj9HcjA445KFWh_qj9HcjA445K HTTP/1.1" 200 2 "https://demo.owasp-juice.shop/" "Mozilla/5.0 (X11; Linux x86_64) AppleWebKit/537.36 (KHTML, like Gecko) Chrome/138.0.7204.100 Safari/537.36"
34.136.217.65 - - [04/Aug/2025:04:31:11 +0000] "GET /app/node_modules/runtime.js HTTP/1.1" 200 80117 "-" "Mozilla/5.0 (X11; Linux x86_64) AppleWebKit/537.36 (KHTML, like Gecko) Chrome/138.0.7204.100 Safari/537.36"
34.136.217.65 - - [04/Aug/2025:04:31:11 +0000] "GET /app/build/routes/polyfills.js HTTP/1.1" 200 80117 "-" "Mozilla/5.0 (X11; Linux x86_64) AppleWebKit/537.36 (KHTML, like Gecko) Chrome/138.0.7204.100 Safari/537.36"
34.136.217.65 - - [04/Aug/2025:04:31:11 +0000] "GET /app/node_modules/polyfills.js HTTP/1.1" 200 80117 "-" "Mozilla/5.0 (X11; Linux x86_64) AppleWebKit/537.36 (KHTML, like Gecko) Chrome/138.0.7204.100 Safari/537.36"
34.136.217.65 - - [04/Aug/2025:04:31:11 +0000] "POST /rest/user/login HTTP/1.1" 200 832 "https://demo.owasp-juice.shop/" "Mozilla/5.0 (X11; Linux x86_64) AppleWebKit/537.36 (KHTML, like Gecko) Chrome/138.0.7204.100 Safari/537.36"
34.136.217.65 - - [04/Aug/2025:04:31:11 +0000] "GET /app/node_modules/express/styles.css HTTP/1.1" 200 80117 "-" "Mozilla/5.0 (X11; Linux x86_64) AppleWebKit/537.36 (KHTML, like Gecko) Chrome/138.0.7204.100 Safari/537.36"
34.136.217.65 - - [04/Aug/2025:04:31:11 +0000] "GET /app/node_modules/express-jwt/node_modules/jsonwebtoken/runtime.js HTTP/1.1" 200 80117 "https://demo.owasp-juice.shop/app/node_modules/express-jwt/node_modules/jsonwebtoken/index.js:59:3" "Mozilla/5.0 (X11; Linux x86_64) AppleWebKit/537.36 (KHTML, like Gecko) Chrome/138.0.7204.100 Safari/537.36"
111.223.186.144 - - [04/Aug/2025:04:31:11 +0000] "GET /orders/socket.io/?EIO=4&transport=polling&t=PXpMGN- HTTP/1.1" 200 - "https://juice-shop.herokuapp.com/orders" "Mozilla/5.0 (X11; Linux x86_64) AppleWebKit/537.36 (KHTML, like Gecko) Chrome/138.0.0.0 Safari/537.36"
34.136.217.65 - - [04/Aug/2025:04:31:11 +0000] "GET /app/build/routes/polyfills.js HTTP/1.1" 200 80117 "-" "Mozilla/5.0 (X11; Linux x86_64) AppleWebKit/537.36 (KHTML, like Gecko) Chrome/138.0.7204.100 Safari/537.36"
34.136.217.65 - - [04/Aug/2025:04:31:11 +0000] "GET /rest/user/security-question?email=Mitchell.Olson@hotmail.comFWh_qj9HcjA445KFWh_qj9HcjA445KFWh_qj9HcjA445KMitchell.Olson@hotmail.comFWh_qj9HcjA445KFWh_qj9HcjA445KFWh_qj9HcjA445K HTTP/1.1" 200 2 "https://demo.owasp-juice.shop/" "Mozilla/5.0 (X11; Linux x86_64) AppleWebKit/537.36 (KHTML, like Gecko) Chrome/138.0.7204.100 Safari/537.36"
2001:ee0:8209:632:69fa:39ee:74cd:7e3a - - [04/Aug/2025:04:31:12 +0000] "GET /FUZZ/socket.io/?EIO=4&transport=polling&t=PXpMGir HTTP/1.1" 200 - "https://demo.owasp-juice.shop/FUZZ" "Mozilla/5.0 (Windows NT 10.0; Win64; x64) AppleWebKit/537.36 (KHTML, like Gecko) Chrome/138.0.0.0 Safari/537.36"
34.136.217.65 - - [04/Aug/2025:04:31:13 +0000] "GET /assets/public/styles.css HTTP/1.1" 200 80117 "-" "Mozilla/5.0 (X11; Linux x86_64) AppleWebKit/537.36 (KHTML, like Gecko) Chrome/138.0.7204.100 Safari/537.36"
34.136.217.65 - - [04/Aug/2025:04:31:13 +0000] "GET /assets/public/images/products/styles.css HTTP/1.1" 200 80117 "-" "Mozilla/5.0 (X11; Linux x86_64) AppleWebKit/537.36 (KHTML, like Gecko) Chrome/138.0.7204.100 Safari/537.36"
34.136.217.65 - - [04/Aug/2025:04:31:13 +0000] "GET /app/node_modules/polyfills.js HTTP/1.1" 200 80117 "-" "Mozilla/5.0 (X11; Linux x86_64) AppleWebKit/537.36 (KHTML, like Gecko) Chrome/138.0.7204.100 Safari/537.36"
34.136.217.65 - - [04/Aug/2025:04:31:13 +0000] "GET /app/build/routes/polyfills.js HTTP/1.1" 200 80117 "-" "Mozilla/5.0 (X11; Linux x86_64) AppleWebKit/537.36 (KHTML, like Gecko) Chrome/138.0.7204.100 Safari/537.36"
34.136.217.65 - - [04/Aug/2025:04:31:13 +0000] "GET /rest/user/security-question?email=Mitchell.Olson@hotmail.comFWh_qj9HcjA445KFWh_qj9HcjA445KFWh_qj9HcjA445KMitchell.Olson@hotmail.comFWh_qj9HcjA445KFWh_qj9HcjA445KFWh_qj9HcjA445K HTTP/1.1" 200 2 "https://demo.owasp-juice.shop/" "Mozilla/5.0 (X11; Linux x86_64) AppleWebKit/537.36 (KHTML, like Gecko) Chrome/138.0.7204.100 Safari/537.36"
34.136.217.65 - - [04/Aug/2025:04:31:13 +0000] "GET /app/build/main.js HTTP/1.1" 200 80117 "-" "Mozilla/5.0 (X11; Linux x86_64) AppleWebKit/537.36 (KHTML, like Gecko) Chrome/138.0.7204.100 Safari/537.36"
34.136.217.65 - - [04/Aug/2025:04:31:13 +0000] "GET /app/node_modules/express-jwt/node_modules/jsonwebtoken/runtime.js HTTP/1.1" 200 80117 "https://demo.owasp-juice.shop/app/node_modules/express-jwt/node_modules/jsonwebtoken/index.js:59:3" "Mozilla/5.0 (X11; Linux x86_64) AppleWebKit/537.36 (KHTML, like Gecko) Chrome/138.0.7204.100 Safari/537.36"
34.136.217.65 - - [04/Aug/2025:04:31:14 +0000] "GET /assets/public/css/main.js HTTP/1.1" 200 80117 "https://demo.owasp-juice.shop/assets/public/css/" "Mozilla/5.0 (X11; Linux x86_64) AppleWebKit/537.36 (KHTML, like Gecko) Chrome/138.0.7204.100 Safari/537.36"
34.136.217.65 - - [04/Aug/2025:04:31:14 +0000] "GET /rest/user/security-question?email=Mitchell.Olson@hotmail.comFWh_qj9HcjA445KFWh_qj9HcjA445KFWh_qj9HcjA445KMitchell.Olson@hotmail.comFWh_qj9HcjA445KFWh_qj9HcjA445KFWh_qj9HcjA445K HTTP/1.1" 200 2 "https://demo.owasp-juice.shop/" "Mozilla/5.0 (X11; Linux x86_64) AppleWebKit/537.36 (KHTML, like Gecko) Chrome/138.0.7204.100 Safari/537.36"
34.136.217.65 - - [04/Aug/2025:04:31:15 +0000] "GET /rest/user/security-question?email=Mitchell.Olson@hotmail.comFWh_qj9HcjA445KFWh_qj9HcjA445KFWh_qj9HcjA445KMitchell.Olson@hotmail.comFWh_qj9HcjA445KFWh_qj9HcjA445KFWh_qj9HcjA445K HTTP/1.1" 200 2 "https://demo.owasp-juice.shop/" "Mozilla/5.0 (X11; Linux x86_64) AppleWebKit/537.36 (KHTML, like Gecko) Chrome/138.0.7204.100 Safari/537.36"
34.136.217.65 - - [04/Aug/2025:04:31:15 +0000] "GET /app/node_modules/express/styles.css HTTP/1.1" 200 80117 "-" "Mozilla/5.0 (X11; Linux x86_64) AppleWebKit/537.36 (KHTML, like Gecko) Chrome/138.0.7204.100 Safari/537.36"
34.136.217.65 - - [04/Aug/2025:04:31:15 +0000] "GET /app/node_modules/express/styles.css HTTP/1.1" 200 80117 "-" "Mozilla/5.0 (X11; Linux x86_64) AppleWebKit/537.36 (KHTML, like Gecko) Chrome/138.0.7204.100 Safari/537.36"
34.136.217.65 - - [04/Aug/2025:04:31:15 +0000] "GET /app/node_modules/express-jwt/node_modules/jsonwebtoken/runtime.js HTTP/1.1" 200 80117 "https://demo.owasp-juice.shop/app/node_modules/express-jwt/node_modules/jsonwebtoken/index.js:59:3" "Mozilla/5.0 (X11; Linux x86_64) AppleWebKit/537.36 (KHTML, like Gecko) Chrome/138.0.7204.100 Safari/537.36"
34.136.217.65 - - [04/Aug/2025:04:31:15 +0000] "GET /rest/languages HTTP/1.1" 200 4719 "https://demo.owasp-juice.shop/" "Mozilla/5.0 (X11; Linux x86_64) AppleWebKit/537.36 (KHTML, like Gecko) Chrome/138.0.7204.100 Safari/537.36"
34.136.217.65 - - [04/Aug/2025:04:31:15 +0000] "GET /assets/public/css/main.js HTTP/1.1" 200 80117 "https://demo.owasp-juice.shop/assets/public/css/" "Mozilla/5.0 (X11; Linux x86_64) AppleWebKit/537.36 (KHTML, like Gecko) Chrome/138.0.7204.100 Safari/537.36"
34.136.217.65 - - [04/Aug/2025:04:31:15 +0000] "GET /assets/public/css/ HTTP/1.1" 200 80117 "https://demo.owasp-juice.shop/assets/public/css" "Mozilla/5.0 (X11; Linux x86_64) AppleWebKit/537.36 (KHTML, like Gecko) Chrome/138.0.7204.100 Safari/537.36"
34.136.217.65 - - [04/Aug/2025:04:31:15 +0000] "GET /assets/public/css/main.js HTTP/1.1" 200 80117 "https://demo.owasp-juice.shop/assets/public/css/" "Mozilla/5.0 (X11; Linux x86_64) AppleWebKit/537.36 (KHTML, like Gecko) Chrome/138.0.7204.100 Safari/537.36"
34.136.217.65 - - [04/Aug/2025:04:31:15 +0000] "GET /assets/i18n/styles.css HTTP/1.1" 200 80117 "-" "Mozilla/5.0 (X11; Linux x86_64) AppleWebKit/537.36 (KHTML, like Gecko) Chrome/138.0.7204.100 Safari/537.36"
34.136.217.65 - - [04/Aug/2025:04:31:15 +0000] "GET /app/node_modules/express/lib/styles.css HTTP/1.1" 200 80117 "-" "Mozilla/5.0 (X11; Linux x86_64) AppleWebKit/537.36 (KHTML, like Gecko) Chrome/138.0.7204.100 Safari/537.36"
34.136.217.65 - - [04/Aug/2025:04:31:15 +0000] "GET /assets/i18n/styles.css HTTP/1.1" 200 80117 "-" "Mozilla/5.0 (X11; Linux x86_64) AppleWebKit/537.36 (KHTML, like Gecko) Chrome/138.0.7204.100 Safari/537.36"
34.136.217.65 - - [04/Aug/2025:04:31:15 +0000] "POST /rest/user/login HTTP/1.1" 200 832 "https://demo.owasp-juice.shop/" "Mozilla/5.0 (X11; Linux x86_64) AppleWebKit/537.36 (KHTML, like Gecko) Chrome/138.0.7204.100 Safari/537.36"
34.136.217.65 - - [04/Aug/2025:04:31:15 +0000] "GET /assets/vendor.js HTTP/1.1" 200 80117 "-" "Mozilla/5.0 (X11; Linux x86_64) AppleWebKit/537.36 (KHTML, like Gecko) Chrome/138.0.7204.100 Safari/537.36"
34.136.217.65 - - [04/Aug/2025:04:31:15 +0000] "GET /assets/public/css/main.js HTTP/1.1" 200 80117 "https://demo.owasp-juice.shop/assets/public/css/" "Mozilla/5.0 (X11; Linux x86_64) AppleWebKit/537.36 (KHTML, like Gecko) Chrome/138.0.7204.100 Safari/537.36"
34.136.217.65 - - [04/Aug/2025:04:31:15 +0000] "GET /app/build/routes/polyfills.js HTTP/1.1" 200 80117 "-" "Mozilla/5.0 (X11; Linux x86_64) AppleWebKit/537.36 (KHTML, like Gecko) Chrome/138.0.7204.100 Safari/537.36"
34.136.217.65 - - [04/Aug/2025:04:31:16 +0000] "GET /rest/memories HTTP/1.1" 200 6183 "-" "Mozilla/5.0 (X11; Linux x86_64) AppleWebKit/537.36 (KHTML, like Gecko) Chrome/138.0.7204.100 Safari/537.36"
34.136.217.65 - - [04/Aug/2025:04:31:16 +0000] "GET /app/build/routes/polyfills.js HTTP/1.1" 200 80117 "-" "Mozilla/5.0 (X11; Linux x86_64) AppleWebKit/537.36 (KHTML, like Gecko) Chrome/138.0.7204.100 Safari/537.36"
